etharp.c:177:1:etharp_free_entry	16	static
etharp.c:266:1:etharp_find_entry	48	static
etharp.c:415:1:etharp_send_ip	8	static
etharp.c:448:1:etharp_update_arp_entry	24	static
etharp.c:206:1:etharp_tmr	16	static
etharp.c:526:1:etharp_add_static_entry	16	static
etharp.c:551:1:etharp_remove_static_entry	8	static
etharp.c:579:6:etharp_cleanup_netif	16	static
etharp.c:603:1:etharp_find_addr	24	static
etharp.c:1259:1:etharp_request	32	static
etharp.c:842:1:etharp_output_to_arp_index	24	static
etharp.c:1016:1:etharp_query	24	static
etharp.c:879:1:etharp_output	32	static
etharp.c:1277:1:ethernet_input	40	static
