Archive member included to satisfy reference by file (symbol)

c:/program files (x86)/atollic/truestudio for stm32 9.0.0/armtools/bin/../lib/gcc/arm-atollic-eabi/6.3.1/../../../../arm-atollic-eabi/lib/armv7e-m/fpu\libc_nano.a(lib_a-init.o)
                              startup\startup_stm32f411xe.o (__libc_init_array)
c:/program files (x86)/atollic/truestudio for stm32 9.0.0/armtools/bin/../lib/gcc/arm-atollic-eabi/6.3.1/../../../../arm-atollic-eabi/lib/armv7e-m/fpu\libc_nano.a(lib_a-memcmp.o)
                              lrndis\dhcp-server\dhserver.o (memcmp)
c:/program files (x86)/atollic/truestudio for stm32 9.0.0/armtools/bin/../lib/gcc/arm-atollic-eabi/6.3.1/../../../../arm-atollic-eabi/lib/armv7e-m/fpu\libc_nano.a(lib_a-memcpy-stub.o)
                              Middlewares\ST\STM32_USB_Device_Library\Class\CDC\Src\usbd_cdc.o (memcpy)
c:/program files (x86)/atollic/truestudio for stm32 9.0.0/armtools/bin/../lib/gcc/arm-atollic-eabi/6.3.1/../../../../arm-atollic-eabi/lib/armv7e-m/fpu\libc_nano.a(lib_a-memset.o)
                              Middlewares\ST\STM32_USB_Device_Library\Class\CDC\Src\usbd_cdc.o (memset)
c:/program files (x86)/atollic/truestudio for stm32 9.0.0/armtools/bin/../lib/gcc/arm-atollic-eabi/6.3.1/../../../../arm-atollic-eabi/lib/armv7e-m/fpu\libc_nano.a(lib_a-strcmp.o)
                              Src\main.o (strcmp)
c:/program files (x86)/atollic/truestudio for stm32 9.0.0/armtools/bin/../lib/gcc/arm-atollic-eabi/6.3.1/../../../../arm-atollic-eabi/lib/armv7e-m/fpu\libc_nano.a(lib_a-strlen.o)
                              lrndis\dhcp-server\dhserver.o (strlen)
c:/program files (x86)/atollic/truestudio for stm32 9.0.0/armtools/bin/../lib/gcc/arm-atollic-eabi/6.3.1/armv7e-m/fpu\libgcc.a(_aeabi_ldivmod.o)
                              Src\main.o (__aeabi_ldivmod)
c:/program files (x86)/atollic/truestudio for stm32 9.0.0/armtools/bin/../lib/gcc/arm-atollic-eabi/6.3.1/armv7e-m/fpu\libgcc.a(_aeabi_uldivmod.o)
                              Drivers\STM32F4xx_HAL_Driver\Src\stm32f4xx_hal_rcc.o (__aeabi_uldivmod)
c:/program files (x86)/atollic/truestudio for stm32 9.0.0/armtools/bin/../lib/gcc/arm-atollic-eabi/6.3.1/armv7e-m/fpu\libgcc.a(_udivmoddi4.o)
                              c:/program files (x86)/atollic/truestudio for stm32 9.0.0/armtools/bin/../lib/gcc/arm-atollic-eabi/6.3.1/armv7e-m/fpu\libgcc.a(_aeabi_ldivmod.o) (__udivmoddi4)
c:/program files (x86)/atollic/truestudio for stm32 9.0.0/armtools/bin/../lib/gcc/arm-atollic-eabi/6.3.1/armv7e-m/fpu\libgcc.a(_dvmd_tls.o)
                              c:/program files (x86)/atollic/truestudio for stm32 9.0.0/armtools/bin/../lib/gcc/arm-atollic-eabi/6.3.1/armv7e-m/fpu\libgcc.a(_aeabi_ldivmod.o) (__aeabi_ldiv0)

Allocating common symbols
Common symbol       size              file

current_iphdr_src   0x4               lrndis\lwip-1.4.1\src\core\ipv4\ip.o
netif_list          0x4               lrndis\lwip-1.4.1\src\core\netif.o
hUsbDeviceFS        0x224             Src\usb_device.o
usb_rx_buffer       0x40              Middlewares\ST\STM32_USB_Device_Library\Class\CDC\Src\usbd_cdc.o
tcp_active_pcbs_changed
                    0x1               lrndis\lwip-1.4.1\src\core\tcp.o
tcp_active_pcbs     0x4               lrndis\lwip-1.4.1\src\core\tcp.o
udp_pcbs            0x4               lrndis\lwip-1.4.1\src\core\udp.o
current_netif       0x4               lrndis\lwip-1.4.1\src\core\ipv4\ip.o
hpcd_USB_OTG_FS     0x3f0             Src\usbd_conf.o
rndis_rx_buffer     0x616             Middlewares\ST\STM32_USB_Device_Library\Class\CDC\Src\usbd_cdc.o
tcp_ticks           0x4               lrndis\lwip-1.4.1\src\core\tcp.o
tcp_listen_pcbs     0x4               lrndis\lwip-1.4.1\src\core\tcp.o
encapsulated_buffer
                    0x78              Middlewares\ST\STM32_USB_Device_Library\Class\CDC\Src\usbd_cdc.o
dhcp_data           0x204             lrndis\dhcp-server\dhserver.o
current_iphdr_dest  0x4               lrndis\lwip-1.4.1\src\core\ipv4\ip.o
uwTick              0x4               Drivers\STM32F4xx_HAL_Driver\Src\stm32f4xx_hal.o
pFlash              0x20              Drivers\STM32F4xx_HAL_Driver\Src\stm32f4xx_hal_flash.o
tcp_tmp_pcb         0x4               lrndis\lwip-1.4.1\src\core\tcp.o
tcp_input_pcb       0x4               lrndis\lwip-1.4.1\src\core\tcp_in.o
current_header      0x4               lrndis\lwip-1.4.1\src\core\ipv4\ip.o
buffStatus          0x1               Src\main.o
tcp_bound_pcbs      0x4               lrndis\lwip-1.4.1\src\core\tcp.o
hrtc                0x20              Src\main.o
netif_data          0x30              Src\main.o
pbuf_free_ooseq_pending
                    0x1               lrndis\lwip-1.4.1\src\core\pbuf.o
rndis_state         0x1               Middlewares\ST\STM32_USB_Device_Library\Class\CDC\Src\usbd_cdc.o
tcp_tw_pcbs         0x4               lrndis\lwip-1.4.1\src\core\tcp.o
lwip_stats          0x116             lrndis\lwip-1.4.1\src\core\stats.o
[...]
Memory Configuration

Name             Origin             Length             Attributes
RAM              0x20000000         0x00020000         xrw
FLASH            0x08000000         0x00080000         xr
*default*        0x00000000         0xffffffff

Linker script and memory map

LOAD c:/program files (x86)/atollic/truestudio for stm32 9.0.0/armtools/bin/../lib/gcc/arm-atollic-eabi/6.3.1/armv7e-m/fpu/crti.o
LOAD c:/program files (x86)/atollic/truestudio for stm32 9.0.0/armtools/bin/../lib/gcc/arm-atollic-eabi/6.3.1/armv7e-m/fpu/crtbegin.o
LOAD Drivers\STM32F4xx_HAL_Driver\Src\stm32f4xx_hal.o
LOAD Drivers\STM32F4xx_HAL_Driver\Src\stm32f4xx_hal_cortex.o
LOAD Drivers\STM32F4xx_HAL_Driver\Src\stm32f4xx_hal_dma.o
LOAD Drivers\STM32F4xx_HAL_Driver\Src\stm32f4xx_hal_dma_ex.o
LOAD Drivers\STM32F4xx_HAL_Driver\Src\stm32f4xx_hal_flash.o
LOAD Drivers\STM32F4xx_HAL_Driver\Src\stm32f4xx_hal_flash_ex.o
LOAD Drivers\STM32F4xx_HAL_Driver\Src\stm32f4xx_hal_flash_ramfunc.o
LOAD Drivers\STM32F4xx_HAL_Driver\Src\stm32f4xx_hal_gpio.o
LOAD Drivers\STM32F4xx_HAL_Driver\Src\stm32f4xx_hal_pcd.o
LOAD Drivers\STM32F4xx_HAL_Driver\Src\stm32f4xx_hal_pcd_ex.o
LOAD Drivers\STM32F4xx_HAL_Driver\Src\stm32f4xx_hal_pwr.o
LOAD Drivers\STM32F4xx_HAL_Driver\Src\stm32f4xx_hal_pwr_ex.o
LOAD Drivers\STM32F4xx_HAL_Driver\Src\stm32f4xx_hal_rcc.o
LOAD Drivers\STM32F4xx_HAL_Driver\Src\stm32f4xx_hal_rcc_ex.o
LOAD Drivers\STM32F4xx_HAL_Driver\Src\stm32f4xx_hal_rtc.o
LOAD Drivers\STM32F4xx_HAL_Driver\Src\stm32f4xx_hal_rtc_ex.o
LOAD Drivers\STM32F4xx_HAL_Driver\Src\stm32f4xx_hal_tim.o
LOAD Drivers\STM32F4xx_HAL_Driver\Src\stm32f4xx_hal_tim_ex.o
LOAD Drivers\STM32F4xx_HAL_Driver\Src\stm32f4xx_ll_usb.o
LOAD Inc\fsdata.o
LOAD Middlewares\ST\STM32_USB_Device_Library\Class\CDC\Src\usbd_cdc.o
LOAD Middlewares\ST\STM32_USB_Device_Library\Core\Src\usbd_core.o
LOAD Middlewares\ST\STM32_USB_Device_Library\Core\Src\usbd_ctlreq.o
LOAD Middlewares\ST\STM32_USB_Device_Library\Core\Src\usbd_ioreq.o
LOAD Src\main.o
LOAD Src\stm32f4xx_hal_msp.o
LOAD Src\stm32f4xx_it.o
LOAD Src\system_stm32f4xx.o
LOAD Src\usb_device.o
LOAD Src\usbd_cdc_if.o
LOAD Src\usbd_conf.o
LOAD Src\usbd_desc.o
LOAD lrndis\dhcp-server\dhserver.o
LOAD lrndis\dns-server\dnserver.o
LOAD lrndis\lwip-1.4.1\src\api\api_lib.o
LOAD lrndis\lwip-1.4.1\src\api\api_msg.o
LOAD lrndis\lwip-1.4.1\src\api\err.o
LOAD lrndis\lwip-1.4.1\src\api\netbuf.o
LOAD lrndis\lwip-1.4.1\src\api\netdb.o
LOAD lrndis\lwip-1.4.1\src\api\netifapi.o
LOAD lrndis\lwip-1.4.1\src\api\sockets.o
LOAD lrndis\lwip-1.4.1\src\api\tcpip.o
LOAD lrndis\lwip-1.4.1\src\core\def.o
LOAD lrndis\lwip-1.4.1\src\core\dhcp.o
LOAD lrndis\lwip-1.4.1\src\core\dns.o
LOAD lrndis\lwip-1.4.1\src\core\init.o
LOAD lrndis\lwip-1.4.1\src\core\ipv4\autoip.o
LOAD lrndis\lwip-1.4.1\src\core\ipv4\icmp.o
LOAD lrndis\lwip-1.4.1\src\core\ipv4\igmp.o
LOAD lrndis\lwip-1.4.1\src\core\ipv4\inet.o
LOAD lrndis\lwip-1.4.1\src\core\ipv4\inet_chksum.o
LOAD lrndis\lwip-1.4.1\src\core\ipv4\ip.o
LOAD lrndis\lwip-1.4.1\src\core\ipv4\ip_addr.o
LOAD lrndis\lwip-1.4.1\src\core\ipv4\ip_frag.o
LOAD lrndis\lwip-1.4.1\src\core\mem.o
LOAD lrndis\lwip-1.4.1\src\core\memp.o
LOAD lrndis\lwip-1.4.1\src\core\netif.o
LOAD lrndis\lwip-1.4.1\src\core\pbuf.o
LOAD lrndis\lwip-1.4.1\src\core\raw.o
LOAD lrndis\lwip-1.4.1\src\core\snmp\asn1_dec.o
LOAD lrndis\lwip-1.4.1\src\core\snmp\asn1_enc.o
LOAD lrndis\lwip-1.4.1\src\core\snmp\mib2.o
LOAD lrndis\lwip-1.4.1\src\core\snmp\mib_structs.o
LOAD lrndis\lwip-1.4.1\src\core\snmp\msg_in.o
LOAD lrndis\lwip-1.4.1\src\core\snmp\msg_out.o
LOAD lrndis\lwip-1.4.1\src\core\stats.o
LOAD lrndis\lwip-1.4.1\src\core\sys.o
LOAD lrndis\lwip-1.4.1\src\core\tcp.o
LOAD lrndis\lwip-1.4.1\src\core\tcp_in.o
LOAD lrndis\lwip-1.4.1\src\core\tcp_out.o
LOAD lrndis\lwip-1.4.1\src\core\timers.o
LOAD lrndis\lwip-1.4.1\src\core\udp.o
LOAD lrndis\lwip-1.4.1\src\netif\etharp.o
LOAD lrndis\lwip-1.4.1\src\netif\ethernetif.o
LOAD lrndis\lwip-1.4.1\src\netif\ppp\auth.o
LOAD lrndis\lwip-1.4.1\src\netif\ppp\chap.o
LOAD lrndis\lwip-1.4.1\src\netif\ppp\chpms.o
LOAD lrndis\lwip-1.4.1\src\netif\ppp\fsm.o
LOAD lrndis\lwip-1.4.1\src\netif\ppp\ipcp.o
LOAD lrndis\lwip-1.4.1\src\netif\ppp\lcp.o
LOAD lrndis\lwip-1.4.1\src\netif\ppp\magic.o
LOAD lrndis\lwip-1.4.1\src\netif\ppp\md5.o
LOAD lrndis\lwip-1.4.1\src\netif\ppp\pap.o
LOAD lrndis\lwip-1.4.1\src\netif\ppp\ppp.o
LOAD lrndis\lwip-1.4.1\src\netif\ppp\ppp_oe.o
LOAD lrndis\lwip-1.4.1\src\netif\ppp\randm.o
LOAD lrndis\lwip-1.4.1\src\netif\ppp\vj.o
LOAD lrndis\lwip-1.4.1\src\netif\slipif.o
LOAD startup\startup_stm32f411xe.o
                0x00000080                malloc_getpagesize_P = 0x80
START GROUP
LOAD c:/program files (x86)/atollic/truestudio for stm32 9.0.0/armtools/bin/../lib/gcc/arm-atollic-eabi/6.3.1/../../../../arm-atollic-eabi/lib/armv7e-m/fpu\libc_nano.a
LOAD c:/program files (x86)/atollic/truestudio for stm32 9.0.0/armtools/bin/../lib/gcc/arm-atollic-eabi/6.3.1/../../../../arm-atollic-eabi/lib/armv7e-m/fpu\libm.a
END GROUP
START GROUP
LOAD c:/program files (x86)/atollic/truestudio for stm32 9.0.0/armtools/bin/../lib/gcc/arm-atollic-eabi/6.3.1/armv7e-m/fpu\libgcc.a
LOAD c:/program files (x86)/atollic/truestudio for stm32 9.0.0/armtools/bin/../lib/gcc/arm-atollic-eabi/6.3.1/../../../../arm-atollic-eabi/lib/armv7e-m/fpu\libc_nano.a
END GROUP
START GROUP
LOAD c:/program files (x86)/atollic/truestudio for stm32 9.0.0/armtools/bin/../lib/gcc/arm-atollic-eabi/6.3.1/armv7e-m/fpu\libgcc.a
LOAD c:/program files (x86)/atollic/truestudio for stm32 9.0.0/armtools/bin/../lib/gcc/arm-atollic-eabi/6.3.1/../../../../arm-atollic-eabi/lib/armv7e-m/fpu\libc_nano.a
LOAD c:/program files (x86)/atollic/truestudio for stm32 9.0.0/armtools/bin/../lib/gcc/arm-atollic-eabi/6.3.1/../../../../arm-atollic-eabi/lib/armv7e-m/fpu\libnosys.a
END GROUP
START GROUP
LOAD c:/program files (x86)/atollic/truestudio for stm32 9.0.0/armtools/bin/../lib/gcc/arm-atollic-eabi/6.3.1/armv7e-m/fpu\libgcc.a
LOAD c:/program files (x86)/atollic/truestudio for stm32 9.0.0/armtools/bin/../lib/gcc/arm-atollic-eabi/6.3.1/../../../../arm-atollic-eabi/lib/armv7e-m/fpu\libc_nano.a
LOAD c:/program files (x86)/atollic/truestudio for stm32 9.0.0/armtools/bin/../lib/gcc/arm-atollic-eabi/6.3.1/../../../../arm-atollic-eabi/lib/armv7e-m/fpu\libnosys.a
END GROUP
LOAD c:/program files (x86)/atollic/truestudio for stm32 9.0.0/armtools/bin/../lib/gcc/arm-atollic-eabi/6.3.1/armv7e-m/fpu/crtend.o
LOAD c:/program files (x86)/atollic/truestudio for stm32 9.0.0/armtools/bin/../lib/gcc/arm-atollic-eabi/6.3.1/armv7e-m/fpu/crtn.o
                0x20020000                _estack = 0x20020000
                0x00000200                _Min_Heap_Size = 0x200
                0x00000400                _Min_Stack_Size = 0x400

.isr_vector     0x08000000      0x198
                0x08000000                . = ALIGN (0x4)
 *(.isr_vector)
 .isr_vector    0x08000000      0x198 startup\startup_stm32f411xe.o
                0x08000000                g_pfnVectors
                0x08000198                . = ALIGN (0x4)

.text           0x08000198     0x8d60
                0x08000198                . = ALIGN (0x4)
 *(.text)
 .text          0x08000198       0x40 c:/program files (x86)/atollic/truestudio for stm32 9.0.0/armtools/bin/../lib/gcc/arm-atollic-eabi/6.3.1/armv7e-m/fpu/crtbegin.o
 .text          0x080001d8       0x10 c:/program files (x86)/atollic/truestudio for stm32 9.0.0/armtools/bin/../lib/gcc/arm-atollic-eabi/6.3.1/../../../../arm-atollic-eabi/lib/armv7e-m/fpu\libc_nano.a(lib_a-strlen.o)
                0x080001d8                strlen
 .text          0x080001e8       0xa0 c:/program files (x86)/atollic/truestudio for stm32 9.0.0/armtools/bin/../lib/gcc/arm-atollic-eabi/6.3.1/armv7e-m/fpu\libgcc.a(_aeabi_ldivmod.o)
                0x080001e8                __aeabi_ldivmod
 .text          0x08000288       0x30 c:/program files (x86)/atollic/truestudio for stm32 9.0.0/armtools/bin/../lib/gcc/arm-atollic-eabi/6.3.1/armv7e-m/fpu\libgcc.a(_aeabi_uldivmod.o)
                0x08000288                __aeabi_uldivmod
 .text          0x080002b8      0x2dc c:/program files (x86)/atollic/truestudio for stm32 9.0.0/armtools/bin/../lib/gcc/arm-atollic-eabi/6.3.1/armv7e-m/fpu\libgcc.a(_udivmoddi4.o)
                0x080002b8                __udivmoddi4
 .text          0x08000594        0x4 c:/program files (x86)/atollic/truestudio for stm32 9.0.0/armtools/bin/../lib/gcc/arm-atollic-eabi/6.3.1/armv7e-m/fpu\libgcc.a(_dvmd_tls.o)
                0x08000594                __aeabi_idiv0
                0x08000594                __aeabi_ldiv0
 *(.text*)
 .text.HAL_InitTick
                0x08000598       0x4c Drivers\STM32F4xx_HAL_Driver\Src\stm32f4xx_hal.o
                0x08000598                HAL_InitTick
 .text.HAL_Init
                0x080005e4       0x34 Drivers\STM32F4xx_HAL_Driver\Src\stm32f4xx_hal.o
                0x080005e4                HAL_Init
 .text.HAL_IncTick
                0x08000618       0x18 Drivers\STM32F4xx_HAL_Driver\Src\stm32f4xx_hal.o
                0x08000618                HAL_IncTick
 .text.HAL_GetTick
                0x08000630        0xc Drivers\STM32F4xx_HAL_Driver\Src\stm32f4xx_hal.o
                0x08000630                HAL_GetTick
 .text.HAL_Delay
                0x0800063c       0x28 Drivers\STM32F4xx_HAL_Driver\Src\stm32f4xx_hal.o
                0x0800063c                HAL_Delay
 .text.HAL_NVIC_SetPriorityGrouping
                0x08000664       0x24 Drivers\STM32F4xx_HAL_Driver\Src\stm32f4xx_hal_cortex.o
                0x08000664                HAL_NVIC_SetPriorityGrouping
 .text.HAL_NVIC_SetPriority
                0x08000688       0x60 Drivers\STM32F4xx_HAL_Driver\Src\stm32f4xx_hal_cortex.o
                0x08000688                HAL_NVIC_SetPriority
 .text.HAL_NVIC_EnableIRQ
                0x080006e8       0x18 Drivers\STM32F4xx_HAL_Driver\Src\stm32f4xx_hal_cortex.o
                0x080006e8                HAL_NVIC_EnableIRQ
 .text.HAL_SYSTICK_Config
                0x08000700       0x2c Drivers\STM32F4xx_HAL_Driver\Src\stm32f4xx_hal_cortex.o
                0x08000700                HAL_SYSTICK_Config
 .text.HAL_SYSTICK_CLKSourceConfig
                0x0800072c       0x18 Drivers\STM32F4xx_HAL_Driver\Src\stm32f4xx_hal_cortex.o
                0x0800072c                HAL_SYSTICK_CLKSourceConfig
 .text.HAL_SYSTICK_Callback
                0x08000744        0x2 Drivers\STM32F4xx_HAL_Driver\Src\stm32f4xx_hal_cortex.o
                0x08000744                HAL_SYSTICK_Callback
 .text.HAL_SYSTICK_IRQHandler
                0x08000746        0x8 Drivers\STM32F4xx_HAL_Driver\Src\stm32f4xx_hal_cortex.o
                0x08000746                HAL_SYSTICK_IRQHandler
 *fill*         0x0800074e        0x2 
 .text.HAL_GPIO_Init
                0x08000750      0x19c Drivers\STM32F4xx_HAL_Driver\Src\stm32f4xx_hal_gpio.o
                0x08000750                HAL_GPIO_Init
 .text.HAL_PCD_Init
                0x080008ec       0xd4 Drivers\STM32F4xx_HAL_Driver\Src\stm32f4xx_hal_pcd.o
                0x080008ec                HAL_PCD_Init
 .text.HAL_PCD_Start
                0x080009c0       0x2a Drivers\STM32F4xx_HAL_Driver\Src\stm32f4xx_hal_pcd.o
                0x080009c0                HAL_PCD_Start
 *fill*         0x080009ea        0x2 
 .text.HAL_PCD_IRQHandler
                0x080009ec      0x630 Drivers\STM32F4xx_HAL_Driver\Src\stm32f4xx_hal_pcd.o
                0x080009ec                HAL_PCD_IRQHandler
 .text.HAL_PCD_SetAddress
                0x0800101c       0x24 Drivers\STM32F4xx_HAL_Driver\Src\stm32f4xx_hal_pcd.o
                0x0800101c                HAL_PCD_SetAddress
 .text.HAL_PCD_EP_Open
                0x08001040       0x82 Drivers\STM32F4xx_HAL_Driver\Src\stm32f4xx_hal_pcd.o
                0x08001040                HAL_PCD_EP_Open
 .text.HAL_PCD_EP_Close
                0x080010c2       0x48 Drivers\STM32F4xx_HAL_Driver\Src\stm32f4xx_hal_pcd.o
                0x080010c2                HAL_PCD_EP_Close
 .text.HAL_PCD_EP_Receive
                0x0800110a       0x5a Drivers\STM32F4xx_HAL_Driver\Src\stm32f4xx_hal_pcd.o
                0x0800110a                HAL_PCD_EP_Receive
 .text.HAL_PCD_EP_GetRxCount
                0x08001164       0x12 Drivers\STM32F4xx_HAL_Driver\Src\stm32f4xx_hal_pcd.o
                0x08001164                HAL_PCD_EP_GetRxCount
 .text.HAL_PCD_EP_Transmit
                0x08001176       0x52 Drivers\STM32F4xx_HAL_Driver\Src\stm32f4xx_hal_pcd.o
                0x08001176                HAL_PCD_EP_Transmit
 .text.HAL_PCD_EP_SetStall
                0x080011c8       0x66 Drivers\STM32F4xx_HAL_Driver\Src\stm32f4xx_hal_pcd.o
                0x080011c8                HAL_PCD_EP_SetStall
 .text.HAL_PCD_EP_ClrStall
                0x0800122e       0x56 Drivers\STM32F4xx_HAL_Driver\Src\stm32f4xx_hal_pcd.o
                0x0800122e                HAL_PCD_EP_ClrStall
 .text.HAL_PCDEx_SetTxFiFo
                0x08001284       0x4a Drivers\STM32F4xx_HAL_Driver\Src\stm32f4xx_hal_pcd_ex.o
                0x08001284                HAL_PCDEx_SetTxFiFo
 .text.HAL_PCDEx_SetRxFiFo
                0x080012ce        0x8 Drivers\STM32F4xx_HAL_Driver\Src\stm32f4xx_hal_pcd_ex.o
                0x080012ce                HAL_PCDEx_SetRxFiFo
 *fill*         0x080012d6        0x2 
 .text.HAL_RCC_OscConfig
                0x080012d8      0x39c Drivers\STM32F4xx_HAL_Driver\Src\stm32f4xx_hal_rcc.o
                0x080012d8                HAL_RCC_OscConfig
 .text.HAL_RCC_GetSysClockFreq
                0x08001674       0xd4 Drivers\STM32F4xx_HAL_Driver\Src\stm32f4xx_hal_rcc.o
                0x08001674                HAL_RCC_GetSysClockFreq
 .text.HAL_RCC_ClockConfig
                0x08001748      0x16c Drivers\STM32F4xx_HAL_Driver\Src\stm32f4xx_hal_rcc.o
                0x08001748                HAL_RCC_ClockConfig
 .text.HAL_RCC_GetHCLKFreq
                0x080018b4        0xc Drivers\STM32F4xx_HAL_Driver\Src\stm32f4xx_hal_rcc.o
                0x080018b4                HAL_RCC_GetHCLKFreq
 .text.HAL_RCCEx_PeriphCLKConfig
                0x080018c0      0x170 Drivers\STM32F4xx_HAL_Driver\Src\stm32f4xx_hal_rcc_ex.o
                0x080018c0                HAL_RCCEx_PeriphCLKConfig
 .text.HAL_RTC_WaitForSynchro
                0x08001a30       0x32 Drivers\STM32F4xx_HAL_Driver\Src\stm32f4xx_hal_rtc.o
                0x08001a30                HAL_RTC_WaitForSynchro
 .text.RTC_EnterInitMode
                0x08001a62       0x3c Drivers\STM32F4xx_HAL_Driver\Src\stm32f4xx_hal_rtc.o
                0x08001a62                RTC_EnterInitMode
 .text.HAL_RTC_Init
                0x08001a9e       0xc4 Drivers\STM32F4xx_HAL_Driver\Src\stm32f4xx_hal_rtc.o
                0x08001a9e                HAL_RTC_Init
 .text.USB_CoreInit
                0x08001b62       0x7c Drivers\STM32F4xx_HAL_Driver\Src\stm32f4xx_ll_usb.o
                0x08001b62                USB_CoreInit
 .text.USB_EnableGlobalInt
                0x08001bde        0xc Drivers\STM32F4xx_HAL_Driver\Src\stm32f4xx_ll_usb.o
                0x08001bde                USB_EnableGlobalInt
 .text.USB_DisableGlobalInt
                0x08001bea        0xc Drivers\STM32F4xx_HAL_Driver\Src\stm32f4xx_ll_usb.o
                0x08001bea                USB_DisableGlobalInt
 .text.USB_SetCurrentMode
                0x08001bf6       0x2c Drivers\STM32F4xx_HAL_Driver\Src\stm32f4xx_ll_usb.o
                0x08001bf6                USB_SetCurrentMode
 *fill*         0x08001c22        0x2 
 .text.USB_DevInit
                0x08001c24      0x15c Drivers\STM32F4xx_HAL_Driver\Src\stm32f4xx_ll_usb.o
                0x08001c24                USB_DevInit
 .text.USB_FlushTxFifo
                0x08001d80       0x24 Drivers\STM32F4xx_HAL_Driver\Src\stm32f4xx_ll_usb.o
                0x08001d80                USB_FlushTxFifo
 .text.USB_FlushRxFifo
                0x08001da4       0x20 Drivers\STM32F4xx_HAL_Driver\Src\stm32f4xx_ll_usb.o
                0x08001da4                USB_FlushRxFifo
 .text.USB_SetDevSpeed
                0x08001dc4        0xe Drivers\STM32F4xx_HAL_Driver\Src\stm32f4xx_ll_usb.o
                0x08001dc4                USB_SetDevSpeed
 .text.USB_GetDevSpeed
                0x08001dd2       0x3e Drivers\STM32F4xx_HAL_Driver\Src\stm32f4xx_ll_usb.o
                0x08001dd2                USB_GetDevSpeed
 .text.USB_ActivateEndpoint
                0x08001e10       0x8a Drivers\STM32F4xx_HAL_Driver\Src\stm32f4xx_ll_usb.o
                0x08001e10                USB_ActivateEndpoint
 *fill*         0x08001e9a        0x2 
 .text.USB_DeactivateEndpoint
                0x08001e9c       0xcc Drivers\STM32F4xx_HAL_Driver\Src\stm32f4xx_ll_usb.o
                0x08001e9c                USB_DeactivateEndpoint
 .text.USB_EPStartXfer
                0x08001f68      0x20c Drivers\STM32F4xx_HAL_Driver\Src\stm32f4xx_ll_usb.o
                0x08001f68                USB_EPStartXfer
 .text.USB_EP0StartXfer
                0x08002174      0x134 Drivers\STM32F4xx_HAL_Driver\Src\stm32f4xx_ll_usb.o
                0x08002174                USB_EP0StartXfer
 .text.USB_WritePacket
                0x080022a8       0x2c Drivers\STM32F4xx_HAL_Driver\Src\stm32f4xx_ll_usb.o
                0x080022a8                USB_WritePacket
 .text.USB_ReadPacket
                0x080022d4       0x2a Drivers\STM32F4xx_HAL_Driver\Src\stm32f4xx_ll_usb.o
                0x080022d4                USB_ReadPacket
 .text.USB_EPSetStall
                0x080022fe       0x50 Drivers\STM32F4xx_HAL_Driver\Src\stm32f4xx_ll_usb.o
                0x080022fe                USB_EPSetStall
 .text.USB_EPClearStall
                0x0800234e       0x5a Drivers\STM32F4xx_HAL_Driver\Src\stm32f4xx_ll_usb.o
                0x0800234e                USB_EPClearStall
 .text.USB_SetDevAddress
                0x080023a8       0x20 Drivers\STM32F4xx_HAL_Driver\Src\stm32f4xx_ll_usb.o
                0x080023a8                USB_SetDevAddress
 .text.USB_DevConnect
                0x080023c8       0x18 Drivers\STM32F4xx_HAL_Driver\Src\stm32f4xx_ll_usb.o
                0x080023c8                USB_DevConnect
 .text.USB_DevDisconnect
                0x080023e0       0x18 Drivers\STM32F4xx_HAL_Driver\Src\stm32f4xx_ll_usb.o
                0x080023e0                USB_DevDisconnect
 .text.USB_ReadInterrupts
                0x080023f8        0x8 Drivers\STM32F4xx_HAL_Driver\Src\stm32f4xx_ll_usb.o
                0x080023f8                USB_ReadInterrupts
 .text.USB_ReadDevAllOutEpInterrupt
                0x08002400       0x10 Drivers\STM32F4xx_HAL_Driver\Src\stm32f4xx_ll_usb.o
                0x08002400                USB_ReadDevAllOutEpInterrupt
 .text.USB_ReadDevAllInEpInterrupt
                0x08002410       0x10 Drivers\STM32F4xx_HAL_Driver\Src\stm32f4xx_ll_usb.o
                0x08002410                USB_ReadDevAllInEpInterrupt
 .text.USB_ReadDevOutEPInterrupt
                0x08002420       0x14 Drivers\STM32F4xx_HAL_Driver\Src\stm32f4xx_ll_usb.o
                0x08002420                USB_ReadDevOutEPInterrupt
 .text.USB_ReadDevInEPInterrupt
                0x08002434       0x24 Drivers\STM32F4xx_HAL_Driver\Src\stm32f4xx_ll_usb.o
                0x08002434                USB_ReadDevInEPInterrupt
 .text.USB_GetMode
                0x08002458        0x8 Drivers\STM32F4xx_HAL_Driver\Src\stm32f4xx_ll_usb.o
                0x08002458                USB_GetMode
 .text.USB_ActivateSetup
                0x08002460       0x38 Drivers\STM32F4xx_HAL_Driver\Src\stm32f4xx_ll_usb.o
                0x08002460                USB_ActivateSetup
 .text.USB_EP0_OutStart
                0x08002498       0x46 Drivers\STM32F4xx_HAL_Driver\Src\stm32f4xx_ll_usb.o
                0x08002498                USB_EP0_OutStart
 *fill*         0x080024de        0x2 
 .text.USB_CoreReset
                0x080024e0       0x34 Drivers\STM32F4xx_HAL_Driver\Src\stm32f4xx_ll_usb.o
 .text.USBD_CDC_GetFSCfgDesc
                0x08002514       0x14 Middlewares\ST\STM32_USB_Device_Library\Class\CDC\Src\usbd_cdc.o
 .text.rndis_iso_out_incomplete
                0x08002528       0x14 Middlewares\ST\STM32_USB_Device_Library\Class\CDC\Src\usbd_cdc.o
 .text.USBD_CDC_DataIn
                0x0800253c       0x64 Middlewares\ST\STM32_USB_Device_Library\Class\CDC\Src\usbd_cdc.o
 .text.USBD_CDC_DataOut
                0x080025a0       0xb8 Middlewares\ST\STM32_USB_Device_Library\Class\CDC\Src\usbd_cdc.o
 .text.USBD_CDC_Setup
                0x08002658       0x30 Middlewares\ST\STM32_USB_Device_Library\Class\CDC\Src\usbd_cdc.o
 .text.USBD_CDC_DeInit
                0x08002688       0x1e Middlewares\ST\STM32_USB_Device_Library\Class\CDC\Src\usbd_cdc.o
 *fill*         0x080026a6        0x2 
 .text.USBD_CDC_Init
                0x080026a8       0x3c Middlewares\ST\STM32_USB_Device_Library\Class\CDC\Src\usbd_cdc.o
 .text.rndis_iso_in_incomplete
                0x080026e4       0x9c Middlewares\ST\STM32_USB_Device_Library\Class\CDC\Src\usbd_cdc.o
 .text.usbd_rndis_sof
                0x08002780       0x9c Middlewares\ST\STM32_USB_Device_Library\Class\CDC\Src\usbd_cdc.o
 .text.rndis_query_cmplt32
                0x0800281c       0x50 Middlewares\ST\STM32_USB_Device_Library\Class\CDC\Src\usbd_cdc.o
                0x0800281c                rndis_query_cmplt32
 .text.rndis_query_cmplt
                0x0800286c       0x4c Middlewares\ST\STM32_USB_Device_Library\Class\CDC\Src\usbd_cdc.o
                0x0800286c                rndis_query_cmplt
 .text.rndis_query
                0x080028b8      0x274 Middlewares\ST\STM32_USB_Device_Library\Class\CDC\Src\usbd_cdc.o
                0x080028b8                rndis_query
 .text.rndis_handle_set_msg
                0x08002b2c       0xa4 Middlewares\ST\STM32_USB_Device_Library\Class\CDC\Src\usbd_cdc.o
                0x08002b2c                rndis_handle_set_msg
 .text.USBD_CDC_EP0_RxReady
                0x08002bd0      0x14c Middlewares\ST\STM32_USB_Device_Library\Class\CDC\Src\usbd_cdc.o
 .text.rndis_can_send
                0x08002d1c       0x14 Middlewares\ST\STM32_USB_Device_Library\Class\CDC\Src\usbd_cdc.o
                0x08002d1c                rndis_can_send
 .text.rndis_send
                0x08002d30       0x48 Middlewares\ST\STM32_USB_Device_Library\Class\CDC\Src\usbd_cdc.o
                0x08002d30                rndis_send
 .text.USBD_CDC_RegisterInterface
                0x08002d78        0xe Middlewares\ST\STM32_USB_Device_Library\Class\CDC\Src\usbd_cdc.o
                0x08002d78                USBD_CDC_RegisterInterface
 .text.USBD_Init
                0x08002d86       0x2e Middlewares\ST\STM32_USB_Device_Library\Core\Src\usbd_core.o
                0x08002d86                USBD_Init
 .text.USBD_RegisterClass
                0x08002db4        0xe Middlewares\ST\STM32_USB_Device_Library\Core\Src\usbd_core.o
                0x08002db4                USBD_RegisterClass
 .text.USBD_Start
                0x08002dc2        0xa Middlewares\ST\STM32_USB_Device_Library\Core\Src\usbd_core.o
                0x08002dc2                USBD_Start
 .text.USBD_SetClassConfig
                0x08002dcc       0x1a Middlewares\ST\STM32_USB_Device_Library\Core\Src\usbd_core.o
                0x08002dcc                USBD_SetClassConfig
 .text.USBD_ClrClassConfig
                0x08002de6        0xe Middlewares\ST\STM32_USB_Device_Library\Core\Src\usbd_core.o
                0x08002de6                USBD_ClrClassConfig
 .text.USBD_LL_SetupStage
                0x08002df4       0x5a Middlewares\ST\STM32_USB_Device_Library\Core\Src\usbd_core.o
                0x08002df4                USBD_LL_SetupStage
 .text.USBD_LL_DataOutStage
                0x08002e4e       0x6a Middlewares\ST\STM32_USB_Device_Library\Core\Src\usbd_core.o
                0x08002e4e                USBD_LL_DataOutStage
 .text.USBD_LL_DataInStage
                0x08002eb8       0xb2 Middlewares\ST\STM32_USB_Device_Library\Core\Src\usbd_core.o
                0x08002eb8                USBD_LL_DataInStage
 .text.USBD_LL_Reset
                0x08002f6a       0x3e Middlewares\ST\STM32_USB_Device_Library\Core\Src\usbd_core.o
                0x08002f6a                USBD_LL_Reset
 .text.USBD_LL_SetSpeed
                0x08002fa8        0x6 Middlewares\ST\STM32_USB_Device_Library\Core\Src\usbd_core.o
                0x08002fa8                USBD_LL_SetSpeed
 .text.USBD_LL_Suspend
                0x08002fae       0x12 Middlewares\ST\STM32_USB_Device_Library\Core\Src\usbd_core.o
                0x08002fae                USBD_LL_Suspend
 .text.USBD_LL_Resume
                0x08002fc0        0xc Middlewares\ST\STM32_USB_Device_Library\Core\Src\usbd_core.o
                0x08002fc0                USBD_LL_Resume
 .text.USBD_LL_SOF
                0x08002fcc       0x1c Middlewares\ST\STM32_USB_Device_Library\Core\Src\usbd_core.o
                0x08002fcc                USBD_LL_SOF
 .text.USBD_LL_IsoINIncomplete
                0x08002fe8        0x4 Middlewares\ST\STM32_USB_Device_Library\Core\Src\usbd_core.o
                0x08002fe8                USBD_LL_IsoINIncomplete
 .text.USBD_LL_IsoOUTIncomplete
                0x08002fec        0x4 Middlewares\ST\STM32_USB_Device_Library\Core\Src\usbd_core.o
                0x08002fec                USBD_LL_IsoOUTIncomplete
 .text.USBD_LL_DevConnected
                0x08002ff0        0x4 Middlewares\ST\STM32_USB_Device_Library\Core\Src\usbd_core.o
                0x08002ff0                USBD_LL_DevConnected
 .text.USBD_LL_DevDisconnected
                0x08002ff4       0x16 Middlewares\ST\STM32_USB_Device_Library\Core\Src\usbd_core.o
                0x08002ff4                USBD_LL_DevDisconnected
 .text.USBD_ParseSetupRequest
                0x0800300a       0x28 Middlewares\ST\STM32_USB_Device_Library\Core\Src\usbd_ctlreq.o
                0x0800300a                USBD_ParseSetupRequest
 .text.USBD_CtlError
                0x08003032       0x14 Middlewares\ST\STM32_USB_Device_Library\Core\Src\usbd_ctlreq.o
                0x08003032                USBD_CtlError
 *fill*         0x08003046        0x2 
 .text.USBD_StdDevReq
                0x08003048      0x2f0 Middlewares\ST\STM32_USB_Device_Library\Core\Src\usbd_ctlreq.o
                0x08003048                USBD_StdDevReq
 .text.USBD_StdItfReq
                0x08003338       0x38 Middlewares\ST\STM32_USB_Device_Library\Core\Src\usbd_ctlreq.o
                0x08003338                USBD_StdItfReq
 .text.USBD_StdEPReq
                0x08003370      0x106 Middlewares\ST\STM32_USB_Device_Library\Core\Src\usbd_ctlreq.o
                0x08003370                USBD_StdEPReq
 .text.USBD_GetString
                0x08003476       0x44 Middlewares\ST\STM32_USB_Device_Library\Core\Src\usbd_ctlreq.o
                0x08003476                USBD_GetString
 .text.USBD_CtlSendData
                0x080034ba       0x1a Middlewares\ST\STM32_USB_Device_Library\Core\Src\usbd_ioreq.o
                0x080034ba                USBD_CtlSendData
 .text.USBD_CtlContinueSendData
                0x080034d4       0x10 Middlewares\ST\STM32_USB_Device_Library\Core\Src\usbd_ioreq.o
                0x080034d4                USBD_CtlContinueSendData
 .text.USBD_CtlPrepareRx
                0x080034e4       0x1e Middlewares\ST\STM32_USB_Device_Library\Core\Src\usbd_ioreq.o
                0x080034e4                USBD_CtlPrepareRx
 .text.USBD_CtlContinueRx
                0x08003502       0x10 Middlewares\ST\STM32_USB_Device_Library\Core\Src\usbd_ioreq.o
                0x08003502                USBD_CtlContinueRx
 .text.USBD_CtlSendStatus
                0x08003512       0x16 Middlewares\ST\STM32_USB_Device_Library\Core\Src\usbd_ioreq.o
                0x08003512                USBD_CtlSendStatus
 .text.USBD_CtlReceiveStatus
                0x08003528       0x16 Middlewares\ST\STM32_USB_Device_Library\Core\Src\usbd_ioreq.o
                0x08003528                USBD_CtlReceiveStatus
 *fill*         0x0800353e        0x2 
 .text.netif_init_cb
                0x08003540       0x30 Src\main.o
                0x08003540                netif_init_cb
 .text.tcp_timer_proc
                0x08003570        0x8 Src\main.o
                0x08003570                tcp_timer_proc
 .text.on_packet
                0x08003578       0x1c Src\main.o
                0x08003578                on_packet
 .text.output_fn
                0x08003594        0x8 Src\main.o
                0x08003594                output_fn
 .text.usb_polling
                0x0800359c       0x54 Src\main.o
                0x0800359c                usb_polling
 .text.SysTick_Handler
                0x080035f0       0x24 Src\main.o
                0x080035f0                SysTick_Handler
 .text.utime    0x08003614       0x54 Src\main.o
                0x08003614                utime
 .text.mtime    0x08003668       0x12 Src\main.o
                0x08003668                mtime
 .text.sys_now  0x0800367a        0x8 Src\main.o
                0x0800367a                sys_now
 .text.usleep   0x08003682       0x2a Src\main.o
                0x08003682                usleep
 .text.linkoutput_fn
                0x080036ac       0x84 Src\main.o
                0x080036ac                linkoutput_fn
 .text.stmr     0x08003730       0x3c Src\main.o
                0x08003730                stmr
 .text.stmr_add
                0x0800376c       0x10 Src\main.o
                0x0800376c                stmr_add
 .text.init_lwip
                0x0800377c       0x64 Src\main.o
                0x0800377c                init_lwip
 .text.SystemClock_Config
                0x080037e0       0xc8 Src\main.o
                0x080037e0                SystemClock_Config
 .text.main     0x080038a8       0xa4 Src\main.o
                0x080038a8                main
 .text._Error_Handler
                0x0800394c        0x2 Src\main.o
                0x0800394c                _Error_Handler
 .text.HAL_MspInit
                0x0800394e       0x5e Src\stm32f4xx_hal_msp.o
                0x0800394e                HAL_MspInit
 .text.HAL_RTC_MspInit
                0x080039ac       0x1c Src\stm32f4xx_hal_msp.o
                0x080039ac                HAL_RTC_MspInit
 .text.NMI_Handler
                0x080039c8        0x2 Src\stm32f4xx_it.o
                0x080039c8                NMI_Handler
 .text.HardFault_Handler
                0x080039ca        0x2 Src\stm32f4xx_it.o
                0x080039ca                HardFault_Handler
 .text.MemManage_Handler
                0x080039cc        0x2 Src\stm32f4xx_it.o
                0x080039cc                MemManage_Handler
 .text.BusFault_Handler
                0x080039ce        0x2 Src\stm32f4xx_it.o
                0x080039ce                BusFault_Handler
 .text.UsageFault_Handler
                0x080039d0        0x2 Src\stm32f4xx_it.o
                0x080039d0                UsageFault_Handler
 .text.SVC_Handler
                0x080039d2        0x2 Src\stm32f4xx_it.o
                0x080039d2                SVC_Handler
 .text.DebugMon_Handler
                0x080039d4        0x2 Src\stm32f4xx_it.o
                0x080039d4                DebugMon_Handler
 .text.PendSV_Handler
                0x080039d6        0x2 Src\stm32f4xx_it.o
                0x080039d6                PendSV_Handler
 .text.OTG_FS_IRQHandler
                0x080039d8       0x10 Src\stm32f4xx_it.o
                0x080039d8                OTG_FS_IRQHandler
 .text.SystemInit
                0x080039e8       0x4c Src\system_stm32f4xx.o
                0x080039e8                SystemInit
 .text.MX_USB_DEVICE_Init
                0x08003a34       0x38 Src\usb_device.o
                0x08003a34                MX_USB_DEVICE_Init
 .text.CDC_Init_FS
                0x08003a6c        0x4 Src\usbd_cdc_if.o
 .text.CDC_DeInit_FS
                0x08003a70        0x4 Src\usbd_cdc_if.o
 .text.CDC_Control_FS
                0x08003a74        0x4 Src\usbd_cdc_if.o
 .text.CDC_Receive_FS
                0x08003a78        0x4 Src\usbd_cdc_if.o
 .text.HAL_PCD_MspInit
                0x08003a7c       0x7c Src\usbd_conf.o
                0x08003a7c                HAL_PCD_MspInit
 .text.HAL_PCD_SetupStageCallback
                0x08003af8       0x10 Src\usbd_conf.o
                0x08003af8                HAL_PCD_SetupStageCallback
 .text.HAL_PCD_DataOutStageCallback
                0x08003b08       0x18 Src\usbd_conf.o
                0x08003b08                HAL_PCD_DataOutStageCallback
 .text.HAL_PCD_DataInStageCallback
                0x08003b20       0x16 Src\usbd_conf.o
                0x08003b20                HAL_PCD_DataInStageCallback
 .text.HAL_PCD_SOFCallback
                0x08003b36        0xc Src\usbd_conf.o
                0x08003b36                HAL_PCD_SOFCallback
 .text.HAL_PCD_ResetCallback
                0x08003b42       0x1e Src\usbd_conf.o
                0x08003b42                HAL_PCD_ResetCallback
 .text.HAL_PCD_SuspendCallback
                0x08003b60       0x30 Src\usbd_conf.o
                0x08003b60                HAL_PCD_SuspendCallback
 .text.HAL_PCD_ResumeCallback
                0x08003b90        0xc Src\usbd_conf.o
                0x08003b90                HAL_PCD_ResumeCallback
 .text.HAL_PCD_ISOOUTIncompleteCallback
                0x08003b9c        0xc Src\usbd_conf.o
                0x08003b9c                HAL_PCD_ISOOUTIncompleteCallback
 .text.HAL_PCD_ISOINIncompleteCallback
                0x08003ba8        0xc Src\usbd_conf.o
                0x08003ba8                HAL_PCD_ISOINIncompleteCallback
 .text.HAL_PCD_ConnectCallback
                0x08003bb4        0xc Src\usbd_conf.o
                0x08003bb4                HAL_PCD_ConnectCallback
 .text.HAL_PCD_DisconnectCallback
                0x08003bc0        0xc Src\usbd_conf.o
                0x08003bc0                HAL_PCD_DisconnectCallback
 .text.USBD_LL_Init
                0x08003bcc       0x74 Src\usbd_conf.o
                0x08003bcc                USBD_LL_Init
 .text.USBD_LL_Start
                0x08003c40       0x1a Src\usbd_conf.o
                0x08003c40                USBD_LL_Start
 .text.USBD_LL_OpenEP
                0x08003c5a       0x20 Src\usbd_conf.o
                0x08003c5a                USBD_LL_OpenEP
 .text.USBD_LL_CloseEP
                0x08003c7a       0x1a Src\usbd_conf.o
                0x08003c7a                USBD_LL_CloseEP
 .text.USBD_LL_StallEP
                0x08003c94       0x1a Src\usbd_conf.o
                0x08003c94                USBD_LL_StallEP
 .text.USBD_LL_ClearStallEP
                0x08003cae       0x1a Src\usbd_conf.o
                0x08003cae                USBD_LL_ClearStallEP
 .text.USBD_LL_IsStallEP
                0x08003cc8       0x2e Src\usbd_conf.o
                0x08003cc8                USBD_LL_IsStallEP
 .text.USBD_LL_SetUSBAddress
                0x08003cf6       0x1a Src\usbd_conf.o
                0x08003cf6                USBD_LL_SetUSBAddress
 .text.USBD_LL_Transmit
                0x08003d10       0x1a Src\usbd_conf.o
                0x08003d10                USBD_LL_Transmit
 .text.USBD_LL_PrepareReceive
                0x08003d2a       0x1a Src\usbd_conf.o
                0x08003d2a                USBD_LL_PrepareReceive
 .text.USBD_LL_GetRxDataSize
                0x08003d44        0xc Src\usbd_conf.o
                0x08003d44                USBD_LL_GetRxDataSize
 .text.USBD_USR_DeviceDescriptor
                0x08003d50        0xc Src\usbd_desc.o
                0x08003d50                USBD_USR_DeviceDescriptor
 .text.USBD_USR_LangIDStrDescriptor
                0x08003d5c        0xc Src\usbd_desc.o
                0x08003d5c                USBD_USR_LangIDStrDescriptor
 .text.USBD_USR_ProductStrDescriptor
                0x08003d68       0x18 Src\usbd_desc.o
                0x08003d68                USBD_USR_ProductStrDescriptor
 .text.USBD_USR_ManufacturerStrDescriptor
                0x08003d80       0x1c Src\usbd_desc.o
                0x08003d80                USBD_USR_ManufacturerStrDescriptor
 .text.USBD_USR_SerialStrDescriptor
                0x08003d9c       0x28 Src\usbd_desc.o
                0x08003d9c                USBD_USR_SerialStrDescriptor
 .text.USBD_USR_ConfigStrDescriptor
                0x08003dc4       0x18 Src\usbd_desc.o
                0x08003dc4                USBD_USR_ConfigStrDescriptor
 .text.USBD_USR_InterfaceStrDescriptor
                0x08003ddc       0x18 Src\usbd_desc.o
                0x08003ddc                USBD_USR_InterfaceStrDescriptor
 .text.entry_by_mac
                0x08003df4       0x44 lrndis\dhcp-server\dhserver.o
 .text.find_dhcp_option
                0x08003e38       0x2e lrndis\dhcp-server\dhserver.o
                0x08003e38                find_dhcp_option
 .text.fill_options
                0x08003e66       0x9e lrndis\dhcp-server\dhserver.o
                0x08003e66                fill_options
 .text.udp_recv_proc
                0x08003f04      0x23c lrndis\dhcp-server\dhserver.o
 .text.dhserv_free
                0x08004140       0x18 lrndis\dhcp-server\dhserver.o
                0x08004140                dhserv_free
 .text.dhserv_init
                0x08004158       0x54 lrndis\dhcp-server\dhserver.o
                0x08004158                dhserv_init
 .text.lwip_htons
                0x080041ac        0xa lrndis\lwip-1.4.1\src\core\def.o
                0x080041ac                lwip_htons
 .text.lwip_ntohs
                0x080041b6        0xa lrndis\lwip-1.4.1\src\core\def.o
                0x080041b6                lwip_ntohs
 .text.lwip_htonl
                0x080041c0       0x18 lrndis\lwip-1.4.1\src\core\def.o
                0x080041c0                lwip_htonl
 .text.lwip_ntohl
                0x080041d8        0x8 lrndis\lwip-1.4.1\src\core\def.o
                0x080041d8                lwip_ntohl
 .text.lwip_init
                0x080041e0       0x20 lrndis\lwip-1.4.1\src\core\init.o
                0x080041e0                lwip_init
 .text.icmp_send_response
                0x08004200       0xac lrndis\lwip-1.4.1\src\core\ipv4\icmp.o
 .text.icmp_input
                0x080042ac      0x1a0 lrndis\lwip-1.4.1\src\core\ipv4\icmp.o
                0x080042ac                icmp_input
 .text.icmp_dest_unreach
                0x0800444c        0xc lrndis\lwip-1.4.1\src\core\ipv4\icmp.o
                0x0800444c                icmp_dest_unreach
 .text.icmp_time_exceeded
                0x08004458        0xc lrndis\lwip-1.4.1\src\core\ipv4\icmp.o
                0x08004458                icmp_time_exceeded
 .text.lwip_standard_chksum
                0x08004464       0x78 lrndis\lwip-1.4.1\src\core\ipv4\inet_chksum.o
 .text.inet_chksum_pseudo
                0x080044dc       0x92 lrndis\lwip-1.4.1\src\core\ipv4\inet_chksum.o
                0x080044dc                inet_chksum_pseudo
 .text.inet_chksum
                0x0800456e        0xc lrndis\lwip-1.4.1\src\core\ipv4\inet_chksum.o
                0x0800456e                inet_chksum
 .text.inet_chksum_pbuf
                0x0800457a       0x50 lrndis\lwip-1.4.1\src\core\ipv4\inet_chksum.o
                0x0800457a                inet_chksum_pbuf
 *fill*         0x080045ca        0x2 
 .text.ip_route
                0x080045cc       0x54 lrndis\lwip-1.4.1\src\core\ipv4\ip.o
                0x080045cc                ip_route
 .text.ip_input
                0x08004620      0x238 lrndis\lwip-1.4.1\src\core\ipv4\ip.o
                0x08004620                ip_input
 .text.ip_output_if
                0x08004858      0x104 lrndis\lwip-1.4.1\src\core\ipv4\ip.o
                0x08004858                ip_output_if
 .text.ip_output
                0x0800495c       0x48 lrndis\lwip-1.4.1\src\core\ipv4\ip.o
                0x0800495c                ip_output
 .text.ip4_addr_isbroadcast
                0x080049a4       0x3e lrndis\lwip-1.4.1\src\core\ipv4\ip_addr.o
                0x080049a4                ip4_addr_isbroadcast
 *fill*         0x080049e2        0x2 
 .text.ip_reass_free_complete_datagram
                0x080049e4       0x9c lrndis\lwip-1.4.1\src\core\ipv4\ip_frag.o
 .text.ip_reass_remove_oldest_datagram
                0x08004a80       0x70 lrndis\lwip-1.4.1\src\core\ipv4\ip_frag.o
 .text.ipfrag_free_pbuf_custom
                0x08004af0       0x16 lrndis\lwip-1.4.1\src\core\ipv4\ip_frag.o
 *fill*         0x08004b06        0x2 
 .text.ip_reass_tmr
                0x08004b08       0x30 lrndis\lwip-1.4.1\src\core\ipv4\ip_frag.o
                0x08004b08                ip_reass_tmr
 .text.ip_reass
                0x08004b38      0x370 lrndis\lwip-1.4.1\src\core\ipv4\ip_frag.o
                0x08004b38                ip_reass
 .text.ip_frag  0x08004ea8      0x1bc lrndis\lwip-1.4.1\src\core\ipv4\ip_frag.o
                0x08004ea8                ip_frag
 .text.mem_init
                0x08005064       0x44 lrndis\lwip-1.4.1\src\core\mem.o
                0x08005064                mem_init
 .text.mem_free
                0x080050a8       0xb8 lrndis\lwip-1.4.1\src\core\mem.o
                0x080050a8                mem_free
 .text.mem_trim
                0x08005160      0x10c lrndis\lwip-1.4.1\src\core\mem.o
                0x08005160                mem_trim
 .text.mem_malloc
                0x0800526c      0x13c lrndis\lwip-1.4.1\src\core\mem.o
                0x0800526c                mem_malloc
 .text.memp_init
                0x080053a8       0xa0 lrndis\lwip-1.4.1\src\core\memp.o
                0x080053a8                memp_init
 .text.memp_malloc
                0x08005448       0x6c lrndis\lwip-1.4.1\src\core\memp.o
                0x08005448                memp_malloc
 .text.memp_free
                0x080054b4       0x34 lrndis\lwip-1.4.1\src\core\memp.o
                0x080054b4                memp_free
 .text.netif_init
                0x080054e8        0x2 lrndis\lwip-1.4.1\src\core\netif.o
                0x080054e8                netif_init
 *fill*         0x080054ea        0x2 
 .text.netif_set_ipaddr
                0x080054ec       0x64 lrndis\lwip-1.4.1\src\core\netif.o
                0x080054ec                netif_set_ipaddr
 .text.netif_set_addr
                0x08005550       0x22 lrndis\lwip-1.4.1\src\core\netif.o
                0x08005550                netif_set_addr
 *fill*         0x08005572        0x2 
 .text.netif_add
                0x08005574       0x48 lrndis\lwip-1.4.1\src\core\netif.o
                0x08005574                netif_add
 .text.netif_set_default
                0x080055bc        0xc lrndis\lwip-1.4.1\src\core\netif.o
                0x080055bc                netif_set_default
 .text.pbuf_alloced_custom
                0x080055c8       0x5e lrndis\lwip-1.4.1\src\core\pbuf.o
                0x080055c8                pbuf_alloced_custom
 .text.pbuf_header
                0x08005626       0x7c lrndis\lwip-1.4.1\src\core\pbuf.o
                0x08005626                pbuf_header
 .text.pbuf_free
                0x080056a2       0x5c lrndis\lwip-1.4.1\src\core\pbuf.o
                0x080056a2                pbuf_free
 *fill*         0x080056fe        0x2 
 .text.pbuf_alloc
                0x08005700      0x130 lrndis\lwip-1.4.1\src\core\pbuf.o
                0x08005700                pbuf_alloc
 .text.pbuf_realloc
                0x08005830       0x56 lrndis\lwip-1.4.1\src\core\pbuf.o
                0x08005830                pbuf_realloc
 .text.pbuf_clen
                0x08005886       0x16 lrndis\lwip-1.4.1\src\core\pbuf.o
                0x08005886                pbuf_clen
 .text.pbuf_ref
                0x0800589c        0xa lrndis\lwip-1.4.1\src\core\pbuf.o
                0x0800589c                pbuf_ref
 .text.pbuf_cat
                0x080058a6       0x32 lrndis\lwip-1.4.1\src\core\pbuf.o
                0x080058a6                pbuf_cat
 .text.pbuf_chain
                0x080058d8       0x10 lrndis\lwip-1.4.1\src\core\pbuf.o
                0x080058d8                pbuf_chain
 .text.pbuf_copy
                0x080058e8       0xe0 lrndis\lwip-1.4.1\src\core\pbuf.o
                0x080058e8                pbuf_copy
 .text.pbuf_copy_partial
                0x080059c8       0x66 lrndis\lwip-1.4.1\src\core\pbuf.o
                0x080059c8                pbuf_copy_partial
 *fill*         0x08005a2e        0x2 
 .text.raw_input
                0x08005a30       0x78 lrndis\lwip-1.4.1\src\core\raw.o
                0x08005a30                raw_input
 .text.stats_init
                0x08005aa8        0x2 lrndis\lwip-1.4.1\src\core\stats.o
                0x08005aa8                stats_init
 .text.tcp_init
                0x08005aaa        0x2 lrndis\lwip-1.4.1\src\core\tcp.o
                0x08005aaa                tcp_init
 .text.tcp_update_rcv_ann_wnd
                0x08005aac       0x3c lrndis\lwip-1.4.1\src\core\tcp.o
                0x08005aac                tcp_update_rcv_ann_wnd
 .text.tcp_recved
                0x08005ae8       0x38 lrndis\lwip-1.4.1\src\core\tcp.o
                0x08005ae8                tcp_recved
 .text.tcp_seg_free
                0x08005b20       0x1a lrndis\lwip-1.4.1\src\core\tcp.o
                0x08005b20                tcp_seg_free
 .text.tcp_segs_free
                0x08005b3a       0x18 lrndis\lwip-1.4.1\src\core\tcp.o
                0x08005b3a                tcp_segs_free
 .text.tcp_seg_copy
                0x08005b52       0x28 lrndis\lwip-1.4.1\src\core\tcp.o
                0x08005b52                tcp_seg_copy
 .text.tcp_pcb_purge
                0x08005b7a       0x40 lrndis\lwip-1.4.1\src\core\tcp.o
                0x08005b7a                tcp_pcb_purge
 *fill*         0x08005bba        0x2 
 .text.tcp_slowtmr
                0x08005bbc      0x35c lrndis\lwip-1.4.1\src\core\tcp.o
                0x08005bbc                tcp_slowtmr
 .text.tcp_pcb_remove
                0x08005f18       0x70 lrndis\lwip-1.4.1\src\core\tcp.o
                0x08005f18                tcp_pcb_remove
 .text.tcp_close_shutdown
                0x08005f88      0x198 lrndis\lwip-1.4.1\src\core\tcp.o
 .text.tcp_close
                0x08006120       0x18 lrndis\lwip-1.4.1\src\core\tcp.o
                0x08006120                tcp_close
 .text.tcp_recv_null
                0x08006138       0x24 lrndis\lwip-1.4.1\src\core\tcp.o
                0x08006138                tcp_recv_null
 .text.tcp_process_refused_data
                0x0800615c       0x6a lrndis\lwip-1.4.1\src\core\tcp.o
                0x0800615c                tcp_process_refused_data
 *fill*         0x080061c6        0x2 
 .text.tcp_fasttmr
                0x080061c8       0x74 lrndis\lwip-1.4.1\src\core\tcp.o
                0x080061c8                tcp_fasttmr
 .text.tcp_tmr  0x0800623c       0x24 lrndis\lwip-1.4.1\src\core\tcp.o
                0x0800623c                tcp_tmr
 .text.tcp_abandon
                0x08006260       0x94 lrndis\lwip-1.4.1\src\core\tcp.o
                0x08006260                tcp_abandon
 .text.tcp_abort
                0x080062f4        0xa lrndis\lwip-1.4.1\src\core\tcp.o
                0x080062f4                tcp_abort
 *fill*         0x080062fe        0x2 
 .text.tcp_next_iss
                0x08006300       0x18 lrndis\lwip-1.4.1\src\core\tcp.o
                0x08006300                tcp_next_iss
 .text.tcp_alloc
                0x08006318      0x134 lrndis\lwip-1.4.1\src\core\tcp.o
                0x08006318                tcp_alloc
 .text.tcp_eff_send_mss
                0x0800644c       0x24 lrndis\lwip-1.4.1\src\core\tcp.o
                0x0800644c                tcp_eff_send_mss
 .text.tcp_parseopt
                0x08006470       0x94 lrndis\lwip-1.4.1\src\core\tcp_in.o
 .text.tcp_oos_insert_segment
                0x08006504       0xbc lrndis\lwip-1.4.1\src\core\tcp_in.o
 .text.tcp_receive
                0x080065c0      0x890 lrndis\lwip-1.4.1\src\core\tcp_in.o
 .text.tcp_input
                0x08006e50      0xa08 lrndis\lwip-1.4.1\src\core\tcp_in.o
                0x08006e50                tcp_input
 .text.tcp_create_segment
                0x08007858       0xb4 lrndis\lwip-1.4.1\src\core\tcp_out.o
 .text.tcp_output_alloc_header
                0x0800790c       0x6e lrndis\lwip-1.4.1\src\core\tcp_out.o
 *fill*         0x0800797a        0x2 
 .text.tcp_enqueue_flags
                0x0800797c      0x100 lrndis\lwip-1.4.1\src\core\tcp_out.o
                0x0800797c                tcp_enqueue_flags
 .text.tcp_send_fin
                0x08007a7c       0x44 lrndis\lwip-1.4.1\src\core\tcp_out.o
                0x08007a7c                tcp_send_fin
 .text.tcp_send_empty_ack
                0x08007ac0       0x5e lrndis\lwip-1.4.1\src\core\tcp_out.o
                0x08007ac0                tcp_send_empty_ack
 *fill*         0x08007b1e        0x2 
 .text.tcp_output
                0x08007b20      0x2b0 lrndis\lwip-1.4.1\src\core\tcp_out.o
                0x08007b20                tcp_output
 .text.tcp_rst  0x08007dd0       0xa4 lrndis\lwip-1.4.1\src\core\tcp_out.o
                0x08007dd0                tcp_rst
 .text.tcp_rexmit_rto
                0x08007e74       0x30 lrndis\lwip-1.4.1\src\core\tcp_out.o
                0x08007e74                tcp_rexmit_rto
 .text.tcp_rexmit
                0x08007ea4       0x54 lrndis\lwip-1.4.1\src\core\tcp_out.o
                0x08007ea4                tcp_rexmit
 .text.tcp_rexmit_fast
                0x08007ef8       0x58 lrndis\lwip-1.4.1\src\core\tcp_out.o
                0x08007ef8                tcp_rexmit_fast
 .text.tcp_keepalive
                0x08007f50       0x60 lrndis\lwip-1.4.1\src\core\tcp_out.o
                0x08007f50                tcp_keepalive
 .text.tcp_zero_window_probe
                0x08007fb0       0xb8 lrndis\lwip-1.4.1\src\core\tcp_out.o
                0x08007fb0                tcp_zero_window_probe
 .text.sys_timeout
                0x08008068       0x7c lrndis\lwip-1.4.1\src\core\timers.o
                0x08008068                sys_timeout
 .text.tcp_timer_needed
                0x080080e4       0x3c lrndis\lwip-1.4.1\src\core\timers.o
                0x080080e4                tcp_timer_needed
 .text.tcpip_tcp_timer
                0x08008120       0x38 lrndis\lwip-1.4.1\src\core\timers.o
 .text.sys_timeouts_init
                0x08008158       0x30 lrndis\lwip-1.4.1\src\core\timers.o
                0x08008158                sys_timeouts_init
 .text.arp_timer
                0x08008188       0x18 lrndis\lwip-1.4.1\src\core\timers.o
 .text.ip_reass_timer
                0x080081a0       0x18 lrndis\lwip-1.4.1\src\core\timers.o
 .text.udp_init
                0x080081b8        0x2 lrndis\lwip-1.4.1\src\core\udp.o
                0x080081b8                udp_init
 *fill*         0x080081ba        0x2 
 .text.udp_input
                0x080081bc      0x20c lrndis\lwip-1.4.1\src\core\udp.o
                0x080081bc                udp_input
 .text.udp_bind
                0x080083c8       0xdc lrndis\lwip-1.4.1\src\core\udp.o
                0x080083c8                udp_bind
 .text.udp_sendto_if
                0x080084a4      0x100 lrndis\lwip-1.4.1\src\core\udp.o
                0x080084a4                udp_sendto_if
 .text.udp_sendto
                0x080085a4       0x3c lrndis\lwip-1.4.1\src\core\udp.o
                0x080085a4                udp_sendto
 .text.udp_recv
                0x080085e0        0x6 lrndis\lwip-1.4.1\src\core\udp.o
                0x080085e0                udp_recv
 *fill*         0x080085e6        0x2 
 .text.udp_remove
                0x080085e8       0x38 lrndis\lwip-1.4.1\src\core\udp.o
                0x080085e8                udp_remove
 .text.udp_new  0x08008620       0x1c lrndis\lwip-1.4.1\src\core\udp.o
                0x08008620                udp_new
 .text.etharp_free_entry
                0x0800863c       0x34 lrndis\lwip-1.4.1\src\netif\etharp.o
 .text.etharp_find_entry
                0x08008670      0x108 lrndis\lwip-1.4.1\src\netif\etharp.o
 .text.etharp_send_ip
                0x08008778       0x24 lrndis\lwip-1.4.1\src\netif\etharp.o
 .text.etharp_update_arp_entry
                0x0800879c       0xb4 lrndis\lwip-1.4.1\src\netif\etharp.o
 .text.etharp_tmr
                0x08008850       0x44 lrndis\lwip-1.4.1\src\netif\etharp.o
                0x08008850                etharp_tmr
 .text.etharp_request
                0x08008894       0xb0 lrndis\lwip-1.4.1\src\netif\etharp.o
                0x08008894                etharp_request
 .text.etharp_output_to_arp_index
                0x08008944       0x68 lrndis\lwip-1.4.1\src\netif\etharp.o
 .text.etharp_query
                0x080089ac      0x158 lrndis\lwip-1.4.1\src\netif\etharp.o
                0x080089ac                etharp_query
 .text.etharp_output
                0x08008b04      0x124 lrndis\lwip-1.4.1\src\netif\etharp.o
                0x08008b04                etharp_output
 .text.ethernet_input
                0x08008c28      0x1d8 lrndis\lwip-1.4.1\src\netif\etharp.o
                0x08008c28                ethernet_input
 .text.Reset_Handler
                0x08008e00       0x50 startup\startup_stm32f411xe.o
                0x08008e00                Reset_Handler
 .text.Default_Handler
                0x08008e50        0x2 startup\startup_stm32f411xe.o
                0x08008e50                RTC_Alarm_IRQHandler
                0x08008e50                EXTI2_IRQHandler
                0x08008e50                SPI4_IRQHandler
                0x08008e50                TIM1_CC_IRQHandler
                0x08008e50                DMA2_Stream5_IRQHandler
                0x08008e50                DMA1_Stream5_IRQHandler
                0x08008e50                PVD_IRQHandler
                0x08008e50                SDIO_IRQHandler
                0x08008e50                TAMP_STAMP_IRQHandler
                0x08008e50                EXTI3_IRQHandler
                0x08008e50                TIM1_UP_TIM10_IRQHandler
                0x08008e50                I2C3_ER_IRQHandler
                0x08008e50                EXTI0_IRQHandler
                0x08008e50                I2C2_EV_IRQHandler
                0x08008e50                DMA1_Stream2_IRQHandler
                0x08008e50                FPU_IRQHandler
                0x08008e50                DMA2_Stream2_IRQHandler
                0x08008e50                SPI1_IRQHandler
                0x08008e50                TIM1_BRK_TIM9_IRQHandler
                0x08008e50                DMA2_Stream3_IRQHandler
                0x08008e50                USART6_IRQHandler
                0x08008e50                DMA2_Stream0_IRQHandler
                0x08008e50                TIM4_IRQHandler
                0x08008e50                I2C1_EV_IRQHandler
                0x08008e50                DMA1_Stream6_IRQHandler
                0x08008e50                DMA1_Stream1_IRQHandler
                0x08008e50                TIM3_IRQHandler
                0x08008e50                RCC_IRQHandler
                0x08008e50                Default_Handler
                0x08008e50                EXTI15_10_IRQHandler
                0x08008e50                ADC_IRQHandler
                0x08008e50                DMA1_Stream7_IRQHandler
                0x08008e50                SPI5_IRQHandler
                0x08008e50                TIM5_IRQHandler
                0x08008e50                DMA2_Stream7_IRQHandler
                0x08008e50                I2C3_EV_IRQHandler
                0x08008e50                EXTI9_5_IRQHandler
                0x08008e50                RTC_WKUP_IRQHandler
                0x08008e50                SPI2_IRQHandler
                0x08008e50                DMA1_Stream0_IRQHandler
                0x08008e50                EXTI4_IRQHandler
                0x08008e50                WWDG_IRQHandler
                0x08008e50                TIM2_IRQHandler
                0x08008e50                OTG_FS_WKUP_IRQHandler
                0x08008e50                TIM1_TRG_COM_TIM11_IRQHandler
                0x08008e50                EXTI1_IRQHandler
                0x08008e50                USART2_IRQHandler
                0x08008e50                I2C2_ER_IRQHandler
                0x08008e50                DMA2_Stream1_IRQHandler
                0x08008e50                FLASH_IRQHandler
                0x08008e50                DMA2_Stream4_IRQHandler
                0x08008e50                USART1_IRQHandler
                0x08008e50                SPI3_IRQHandler
                0x08008e50                DMA1_Stream4_IRQHandler
                0x08008e50                I2C1_ER_IRQHandler
                0x08008e50                DMA2_Stream6_IRQHandler
                0x08008e50                DMA1_Stream3_IRQHandler
 *fill*         0x08008e52        0x2 
 .text.__libc_init_array
                0x08008e54       0x48 c:/program files (x86)/atollic/truestudio for stm32 9.0.0/armtools/bin/../lib/gcc/arm-atollic-eabi/6.3.1/../../../../arm-atollic-eabi/lib/armv7e-m/fpu\libc_nano.a(lib_a-init.o)
                0x08008e54                __libc_init_array
 .text.memcmp   0x08008e9c       0x1e c:/program files (x86)/atollic/truestudio for stm32 9.0.0/armtools/bin/../lib/gcc/arm-atollic-eabi/6.3.1/../../../../arm-atollic-eabi/lib/armv7e-m/fpu\libc_nano.a(lib_a-memcmp.o)
                0x08008e9c                memcmp
 .text.memcpy   0x08008eba       0x16 c:/program files (x86)/atollic/truestudio for stm32 9.0.0/armtools/bin/../lib/gcc/arm-atollic-eabi/6.3.1/../../../../arm-atollic-eabi/lib/armv7e-m/fpu\libc_nano.a(lib_a-memcpy-stub.o)
                0x08008eba                memcpy
 .text.memset   0x08008ed0       0x10 c:/program files (x86)/atollic/truestudio for stm32 9.0.0/armtools/bin/../lib/gcc/arm-atollic-eabi/6.3.1/../../../../arm-atollic-eabi/lib/armv7e-m/fpu\libc_nano.a(lib_a-memset.o)
                0x08008ed0                memset
 *(.glue_7)
 .glue_7        0x08008ee0        0x0 linker stubs
 *(.glue_7t)
 .glue_7t       0x08008ee0        0x0 linker stubs
 *(.eh_frame)
 .eh_frame      0x08008ee0        0x0 c:/program files (x86)/atollic/truestudio for stm32 9.0.0/armtools/bin/../lib/gcc/arm-atollic-eabi/6.3.1/armv7e-m/fpu/crtbegin.o
 *(.init)
 .init          0x08008ee0        0x4 c:/program files (x86)/atollic/truestudio for stm32 9.0.0/armtools/bin/../lib/gcc/arm-atollic-eabi/6.3.1/armv7e-m/fpu/crti.o
                0x08008ee0                _init
 .init          0x08008ee4        0x8 c:/program files (x86)/atollic/truestudio for stm32 9.0.0/armtools/bin/../lib/gcc/arm-atollic-eabi/6.3.1/armv7e-m/fpu/crtn.o
 *(.fini)
 .fini          0x08008eec        0x4 c:/program files (x86)/atollic/truestudio for stm32 9.0.0/armtools/bin/../lib/gcc/arm-atollic-eabi/6.3.1/armv7e-m/fpu/crti.o
                0x08008eec                _fini
 .fini          0x08008ef0        0x8 c:/program files (x86)/atollic/truestudio for stm32 9.0.0/armtools/bin/../lib/gcc/arm-atollic-eabi/6.3.1/armv7e-m/fpu/crtn.o
                0x08008ef8                . = ALIGN (0x4)
                0x08008ef8                _etext = .

.vfp11_veneer   0x08008ef8        0x0
 .vfp11_veneer  0x08008ef8        0x0 linker stubs

.v4_bx          0x08008ef8        0x0
 .v4_bx         0x08008ef8        0x0 linker stubs

.iplt           0x08008ef8        0x0
 .iplt          0x08008ef8        0x0 c:/program files (x86)/atollic/truestudio for stm32 9.0.0/armtools/bin/../lib/gcc/arm-atollic-eabi/6.3.1/armv7e-m/fpu/crtbegin.o

.rodata         0x08008ef8      0x16c
                0x08008ef8                . = ALIGN (0x4)
 *(.rodata)
 .rodata        0x08008ef8        0x9 Middlewares\ST\STM32_USB_Device_Library\Class\CDC\Src\usbd_cdc.o
 *fill*         0x08008f01        0x3 
 .rodata        0x08008f04        0x6 lrndis\dhcp-server\dhserver.o
 *(.rodata*)
 *fill*         0x08008f0a        0x2 
 .rodata.OIDSupportedList
                0x08008f0c       0x58 Middlewares\ST\STM32_USB_Device_Library\Class\CDC\Src\usbd_cdc.o
                0x08008f0c                OIDSupportedList
 .rodata.permanent_hwaddr
                0x08008f64        0x6 Middlewares\ST\STM32_USB_Device_Library\Class\CDC\Src\usbd_cdc.o
 *fill*         0x08008f6a        0x2 
 .rodata.rndis_query.str1.4
                0x08008f6c        0x8 Middlewares\ST\STM32_USB_Device_Library\Class\CDC\Src\usbd_cdc.o
 .rodata.station_hwaddr
                0x08008f74        0x6 Middlewares\ST\STM32_USB_Device_Library\Class\CDC\Src\usbd_cdc.o
 *fill*         0x08008f7a        0x2 
 .rodata.hwaddr
                0x08008f7c        0x6 Src\main.o
 *fill*         0x08008f82        0x2 
 .rodata.str1.4
                0x08008f84        0x4 Src\main.o
 .rodata.AHBPrescTable
                0x08008f88       0x10 Src\system_stm32f4xx.o
                0x08008f88                AHBPrescTable
 .rodata.USBD_LL_Init.str1.4
                0x08008f98       0x13 Src\usbd_conf.o
 *fill*         0x08008fab        0x1 
 .rodata.USBD_USR_ConfigStrDescriptor.str1.4
                0x08008fac        0xd Src\usbd_desc.o
 *fill*         0x08008fb9        0x3 
 .rodata.USBD_USR_InterfaceStrDescriptor.str1.4
                0x08008fbc       0x10 Src\usbd_desc.o
 .rodata.USBD_USR_ManufacturerStrDescriptor.str1.4
                0x08008fcc        0xf Src\usbd_desc.o
 *fill*         0x08008fdb        0x1 
 .rodata.USBD_USR_ProductStrDescriptor.str1.4
                0x08008fdc        0xe Src\usbd_desc.o
 *fill*         0x08008fea        0x2 
 .rodata.USBD_USR_SerialStrDescriptor.str1.4
                0x08008fec       0x20 Src\usbd_desc.o
                                 0x1d (size before relaxing)
 .rodata.ip_addr_any
                0x0800900c        0x4 lrndis\lwip-1.4.1\src\core\ipv4\ip_addr.o
                0x0800900c                ip_addr_any
 .rodata.ip_addr_broadcast
                0x08009010        0x4 lrndis\lwip-1.4.1\src\core\ipv4\ip_addr.o
                0x08009010                ip_addr_broadcast
 .rodata.memp_num
                0x08009014       0x14 lrndis\lwip-1.4.1\src\core\memp.o
 .rodata.memp_sizes
                0x08009028       0x14 lrndis\lwip-1.4.1\src\core\memp.o
 .rodata.tcp_backoff
                0x0800903c        0xd lrndis\lwip-1.4.1\src\core\tcp.o
                0x0800903c                tcp_backoff
 *fill*         0x08009049        0x3 
 .rodata.tcp_persist_backoff
                0x0800904c        0x7 lrndis\lwip-1.4.1\src\core\tcp.o
                0x0800904c                tcp_persist_backoff
 *fill*         0x08009053        0x1 
 .rodata.ethbroadcast
                0x08009054        0x6 lrndis\lwip-1.4.1\src\netif\etharp.o
                0x08009054                ethbroadcast
 *fill*         0x0800905a        0x2 
 .rodata.ethzero
                0x0800905c        0x6 lrndis\lwip-1.4.1\src\netif\etharp.o
                0x0800905c                ethzero
                0x08009064                . = ALIGN (0x4)
 *fill*         0x08009062        0x2 

.ARM.extab
 *(.ARM.extab* .gnu.linkonce.armextab.*)

.ARM            0x08009064        0x8
                0x08009064                __exidx_start = .
 *(.ARM.exidx*)
 .ARM.exidx     0x08009064        0x8 c:/program files (x86)/atollic/truestudio for stm32 9.0.0/armtools/bin/../lib/gcc/arm-atollic-eabi/6.3.1/armv7e-m/fpu\libgcc.a(_udivmoddi4.o)
                0x0800906c                __exidx_end = .

.rel.dyn        0x0800906c        0x0
 .rel.iplt      0x0800906c        0x0 c:/program files (x86)/atollic/truestudio for stm32 9.0.0/armtools/bin/../lib/gcc/arm-atollic-eabi/6.3.1/armv7e-m/fpu/crtbegin.o

.preinit_array  0x0800906c        0x0
                0x0800906c                PROVIDE (__preinit_array_start, .)
 *(.preinit_array*)
                0x0800906c                PROVIDE (__preinit_array_end, .)

.init_array     0x0800906c        0x4
                0x0800906c                PROVIDE (__init_array_start, .)
 *(SORT(.init_array.*))
 *(.init_array*)
 .init_array    0x0800906c        0x4 c:/program files (x86)/atollic/truestudio for stm32 9.0.0/armtools/bin/../lib/gcc/arm-atollic-eabi/6.3.1/armv7e-m/fpu/crtbegin.o
                0x08009070                PROVIDE (__init_array_end, .)

.fini_array     0x08009070        0x4
                [!provide]                PROVIDE (__fini_array_start, .)
 *(SORT(.fini_array.*))
 *(.fini_array*)
 .fini_array    0x08009070        0x4 c:/program files (x86)/atollic/truestudio for stm32 9.0.0/armtools/bin/../lib/gcc/arm-atollic-eabi/6.3.1/armv7e-m/fpu/crtbegin.o
                [!provide]                PROVIDE (__fini_array_end, .)
                0x08009074                _sidata = LOADADDR (.data)

.data           0x20000000      0x154 load address 0x08009074
                0x20000000                . = ALIGN (0x4)
                0x20000000                _sdata = .
 *(.data)
 *(.data*)
 .data.uwTickFreq
                0x20000000        0x1 Drivers\STM32F4xx_HAL_Driver\Src\stm32f4xx_hal.o
                0x20000000                uwTickFreq
 *fill*         0x20000001        0x3 
 .data.uwTickPrio
                0x20000004        0x4 Drivers\STM32F4xx_HAL_Driver\Src\stm32f4xx_hal.o
                0x20000004                uwTickPrio
 .data.USBD_CDC
                0x20000008       0x38 Middlewares\ST\STM32_USB_Device_Library\Class\CDC\Src\usbd_cdc.o
                0x20000008                USBD_CDC
 .data.USBD_CDC_CfgFSDesc
                0x20000040       0x4b Middlewares\ST\STM32_USB_Device_Library\Class\CDC\Src\usbd_cdc.o
                0x20000040                USBD_CDC_CfgFSDesc
 .data.rndis_first_tx
                0x2000008b        0x1 Middlewares\ST\STM32_USB_Device_Library\Class\CDC\Src\usbd_cdc.o
                0x2000008b                rndis_first_tx
 .data.dhcp_config
                0x2000008c       0x18 Src\main.o
 .data.entries  0x200000a4       0x3c Src\main.o
 .data.ipaddr   0x200000e0        0x4 Src\main.o
 .data.netmask  0x200000e4        0x4 Src\main.o
 .data.tcp_timer
                0x200000e8       0x18 Src\main.o
 .data.SystemCoreClock
                0x20000100        0x4 Src\system_stm32f4xx.o
                0x20000100                SystemCoreClock
 .data.USBD_Interface_fops_FS
                0x20000104       0x10 Src\usbd_cdc_if.o
                0x20000104                USBD_Interface_fops_FS
 .data.USBD_DeviceDesc
                0x20000114       0x12 Src\usbd_desc.o
                0x20000114                USBD_DeviceDesc
 *fill*         0x20000126        0x2 
 .data.USBD_LangIDDesc
                0x20000128        0x4 Src\usbd_desc.o
                0x20000128                USBD_LangIDDesc
 .data.USR_desc
                0x2000012c       0x1c Src\usbd_desc.o
                0x2000012c                USR_desc
 .data.magic_cookie
                0x20000148        0x4 lrndis\dhcp-server\dhserver.o
                0x20000148                magic_cookie
 .data.iss.6553
                0x2000014c        0x4 lrndis\lwip-1.4.1\src\core\tcp.o
 .data.udp_port
                0x20000150        0x2 lrndis\lwip-1.4.1\src\core\udp.o
                0x20000154                . = ALIGN (0x4)
 *fill*         0x20000152        0x2 
                0x20000154                _edata = .

.igot.plt       0x20000154        0x0 load address 0x080091c8
 .igot.plt      0x20000154        0x0 c:/program files (x86)/atollic/truestudio for stm32 9.0.0/armtools/bin/../lib/gcc/arm-atollic-eabi/6.3.1/armv7e-m/fpu/crtbegin.o
                0x20000154                . = ALIGN (0x4)

.bss            0x20000158     0xb068 load address 0x080091c8
                0x20000158                _sbss = .
                0x20000158                __bss_start__ = _sbss
 *(.bss)
 .bss           0x20000158       0x1c c:/program files (x86)/atollic/truestudio for stm32 9.0.0/armtools/bin/../lib/gcc/arm-atollic-eabi/6.3.1/armv7e-m/fpu/crtbegin.o
 *(.bss*)
 .bss.first.9697
                0x20000174       0x40 Middlewares\ST\STM32_USB_Device_Library\Class\CDC\Src\usbd_cdc.o
 .bss.oid_packet_filter
                0x200001b4        0x4 Middlewares\ST\STM32_USB_Device_Library\Class\CDC\Src\usbd_cdc.o
                0x200001b4                oid_packet_filter
 .bss.rndis_received.9714
                0x200001b8        0x4 Middlewares\ST\STM32_USB_Device_Library\Class\CDC\Src\usbd_cdc.o
 .bss.rndis_rxproc
                0x200001bc        0x4 Middlewares\ST\STM32_USB_Device_Library\Class\CDC\Src\usbd_cdc.o
                0x200001bc                rndis_rxproc
 .bss.rndis_sended
                0x200001c0        0x4 Middlewares\ST\STM32_USB_Device_Library\Class\CDC\Src\usbd_cdc.o
                0x200001c0                rndis_sended
 .bss.rndis_tx_ptr
                0x200001c4        0x4 Middlewares\ST\STM32_USB_Device_Library\Class\CDC\Src\usbd_cdc.o
                0x200001c4                rndis_tx_ptr
 .bss.rndis_tx_size
                0x200001c8        0x4 Middlewares\ST\STM32_USB_Device_Library\Class\CDC\Src\usbd_cdc.o
                0x200001c8                rndis_tx_size
 .bss.sended    0x200001cc        0x4 Middlewares\ST\STM32_USB_Device_Library\Class\CDC\Src\usbd_cdc.o
                0x200001cc                sended
 .bss.usb_eth_stat
                0x200001d0       0x10 Middlewares\ST\STM32_USB_Device_Library\Class\CDC\Src\usbd_cdc.o
                0x200001d0                usb_eth_stat
 .bss.cfgidx.9407
                0x200001e0        0x1 Middlewares\ST\STM32_USB_Device_Library\Core\Src\usbd_ctlreq.o
 *fill*         0x200001e1        0x3 
 .bss.data.10327
                0x200001e4      0x5ee Src\main.o
 *fill*         0x200007d2        0x2 
 .bss.gateway   0x200007d4        0x4 Src\main.o
 .bss.outputs   0x200007d8        0x4 Src\main.o
 .bss.received  0x200007dc      0x5ea Src\main.o
 *fill*         0x20000dc6        0x2 
 .bss.recvSize  0x20000dc8        0x4 Src\main.o
 *fill*         0x20000dcc        0x4 
 .bss.res.10370
                0x20000dd0        0x8 Src\main.o
 .bss.stmrs     0x20000dd8        0x4 Src\main.o
 *fill*         0x20000ddc        0x4 
 .bss.usAddition
                0x20000de0        0x8 Src\main.o
                0x20000de0                usAddition
 .bss.config    0x20000de8        0x4 lrndis\dhcp-server\dhserver.o
 .bss.pcb       0x20000dec        0x4 lrndis\dhcp-server\dhserver.o
 .bss.ip_id     0x20000df0        0x2 lrndis\lwip-1.4.1\src\core\ipv4\ip.o
 .bss.ip_reass_pbufcount
                0x20000df2        0x2 lrndis\lwip-1.4.1\src\core\ipv4\ip_frag.o
 .bss.reassdatagrams
                0x20000df4        0x4 lrndis\lwip-1.4.1\src\core\ipv4\ip_frag.o
 .bss.lfree     0x20000df8        0x4 lrndis\lwip-1.4.1\src\core\mem.o
 .bss.ram       0x20000dfc        0x4 lrndis\lwip-1.4.1\src\core\mem.o
 .bss.ram_end   0x20000e00        0x4 lrndis\lwip-1.4.1\src\core\mem.o
 .bss.memp_memory
                0x20000e04     0x68c3 lrndis\lwip-1.4.1\src\core\memp.o
 *fill*         0x200076c7        0x1 
 .bss.memp_tab  0x200076c8       0x28 lrndis\lwip-1.4.1\src\core\memp.o
 .bss.netif_num
                0x200076f0        0x1 lrndis\lwip-1.4.1\src\core\netif.o
 *fill*         0x200076f1        0x3 
 .bss.raw_pcbs  0x200076f4        0x4 lrndis\lwip-1.4.1\src\core\raw.o
 .bss.tcp_timer
                0x200076f8        0x1 lrndis\lwip-1.4.1\src\core\tcp.o
 .bss.tcp_timer_ctr
                0x200076f9        0x1 lrndis\lwip-1.4.1\src\core\tcp.o
 *fill*         0x200076fa        0x2 
 .bss.ackno     0x200076fc        0x4 lrndis\lwip-1.4.1\src\core\tcp_in.o
 .bss.flags     0x20007700        0x1 lrndis\lwip-1.4.1\src\core\tcp_in.o
 *fill*         0x20007701        0x3 
 .bss.inseg     0x20007704       0x10 lrndis\lwip-1.4.1\src\core\tcp_in.o
 .bss.recv_data
                0x20007714        0x4 lrndis\lwip-1.4.1\src\core\tcp_in.o
 .bss.recv_flags
                0x20007718        0x1 lrndis\lwip-1.4.1\src\core\tcp_in.o
 *fill*         0x20007719        0x3 
 .bss.seqno     0x2000771c        0x4 lrndis\lwip-1.4.1\src\core\tcp_in.o
 .bss.tcphdr    0x20007720        0x4 lrndis\lwip-1.4.1\src\core\tcp_in.o
 .bss.tcplen    0x20007724        0x2 lrndis\lwip-1.4.1\src\core\tcp_in.o
 *fill*         0x20007726        0x2 
 .bss.next_timeout
                0x20007728        0x4 lrndis\lwip-1.4.1\src\core\timers.o
 .bss.tcpip_tcp_timer_active
                0x2000772c        0x4 lrndis\lwip-1.4.1\src\core\timers.o
 .bss.timeouts_last_time
                0x20007730        0x4 lrndis\lwip-1.4.1\src\core\timers.o
 .bss.arp_table
                0x20007734       0xc8 lrndis\lwip-1.4.1\src\netif\etharp.o
 .bss.etharp_cached_entry
                0x200077fc        0x1 lrndis\lwip-1.4.1\src\netif\etharp.o
 *(COMMON)
 *fill*         0x200077fd        0x3 
 COMMON         0x20007800        0x4 Drivers\STM32F4xx_HAL_Driver\Src\stm32f4xx_hal.o
                0x20007800                uwTick
 COMMON         0x20007804      0x6d1 Middlewares\ST\STM32_USB_Device_Library\Class\CDC\Src\usbd_cdc.o
                0x20007804                usb_rx_buffer
                0x20007844                rndis_rx_buffer
                0x20007e5c                encapsulated_buffer
                0x20007ed4                rndis_state
 *fill*         0x20007ed5        0x3 
 COMMON         0x20007ed8       0x54 Src\main.o
                0x20007ed8                buffStatus
                0x20007edc                hrtc
                0x20007efc                netif_data
 COMMON         0x20007f2c      0x224 Src\usb_device.o
                0x20007f2c                hUsbDeviceFS
 COMMON         0x20008150      0x3f0 Src\usbd_conf.o
                0x20008150                hpcd_USB_OTG_FS
 COMMON         0x20008540      0x200 Src\usbd_desc.o
                0x20008540                USBD_StrDesc
 COMMON         0x20008740      0x204 lrndis\dhcp-server\dhserver.o
                0x20008740                dhcp_data
 COMMON         0x20008944       0x10 lrndis\lwip-1.4.1\src\core\ipv4\ip.o
                0x20008944                current_iphdr_src
                0x20008948                current_netif
                0x2000894c                current_iphdr_dest
                0x20008950                current_header
 COMMON         0x20008954     0x2724 lrndis\lwip-1.4.1\src\core\mem.o
                0x20008954                ram_heap
 COMMON         0x2000b078        0x8 lrndis\lwip-1.4.1\src\core\netif.o
                0x2000b078                netif_list
                0x2000b07c                netif_default
 COMMON         0x2000b080        0x1 lrndis\lwip-1.4.1\src\core\pbuf.o
                0x2000b080                pbuf_free_ooseq_pending
 *fill*         0x2000b081        0x3 
 COMMON         0x2000b084      0x116 lrndis\lwip-1.4.1\src\core\stats.o
                0x2000b084                lwip_stats
 *fill*         0x2000b19a        0x2 
 COMMON         0x2000b19c       0x1c lrndis\lwip-1.4.1\src\core\tcp.o
                0x2000b19c                tcp_active_pcbs_changed
                0x2000b1a0                tcp_active_pcbs
                0x2000b1a4                tcp_ticks
                0x2000b1a8                tcp_listen_pcbs
                0x2000b1ac                tcp_tmp_pcb
                0x2000b1b0                tcp_bound_pcbs
                0x2000b1b4                tcp_tw_pcbs
 COMMON         0x2000b1b8        0x4 lrndis\lwip-1.4.1\src\core\tcp_in.o
                0x2000b1b8                tcp_input_pcb
 COMMON         0x2000b1bc        0x4 lrndis\lwip-1.4.1\src\core\udp.o
                0x2000b1bc                udp_pcbs
                0x2000b1c0                . = ALIGN (0x4)
                0x2000b1c0                _ebss = .
                0x2000b1c0                __bss_end__ = _ebss

._user_heap_stack
                0x2000b1c0      0x600 load address 0x080091c8
                0x2000b1c0                . = ALIGN (0x4)
                [!provide]                PROVIDE (end, .)
                [!provide]                PROVIDE (_end, .)
                0x2000b3c0                . = (. + _Min_Heap_Size)
 *fill*         0x2000b1c0      0x200 
                0x2000b7c0                . = (. + _Min_Stack_Size)
 *fill*         0x2000b3c0      0x400 
                0x2000b7c0                . = ALIGN (0x4)

/DISCARD/
 libc.a(*)
 libm.a(*)
 libgcc.a(*)

.ARM.attributes
                0x00000000       0x30
 *(.ARM.attributes)
 .ARM.attributes
                0x00000000       0x22 c:/program files (x86)/atollic/truestudio for stm32 9.0.0/armtools/bin/../lib/gcc/arm-atollic-eabi/6.3.1/armv7e-m/fpu/crti.o
 .ARM.attributes
                0x00000022       0x34 c:/program files (x86)/atollic/truestudio for stm32 9.0.0/armtools/bin/../lib/gcc/arm-atollic-eabi/6.3.1/armv7e-m/fpu/crtbegin.o
 .ARM.attributes
                0x00000056       0x39 Drivers\STM32F4xx_HAL_Driver\Src\stm32f4xx_hal.o
 .ARM.attributes
                0x0000008f       0x39 Drivers\STM32F4xx_HAL_Driver\Src\stm32f4xx_hal_cortex.o
 .ARM.attributes
                0x000000c8       0x39 Drivers\STM32F4xx_HAL_Driver\Src\stm32f4xx_hal_gpio.o
 .ARM.attributes
                0x00000101       0x39 Drivers\STM32F4xx_HAL_Driver\Src\stm32f4xx_hal_pcd.o
 .ARM.attributes
                0x0000013a       0x39 Drivers\STM32F4xx_HAL_Driver\Src\stm32f4xx_hal_pcd_ex.o
 .ARM.attributes
                0x00000173       0x39 Drivers\STM32F4xx_HAL_Driver\Src\stm32f4xx_hal_rcc.o
 .ARM.attributes
                0x000001ac       0x39 Drivers\STM32F4xx_HAL_Driver\Src\stm32f4xx_hal_rcc_ex.o
 .ARM.attributes
                0x000001e5       0x39 Drivers\STM32F4xx_HAL_Driver\Src\stm32f4xx_hal_rtc.o
 .ARM.attributes
                0x0000021e       0x39 Drivers\STM32F4xx_HAL_Driver\Src\stm32f4xx_ll_usb.o
 .ARM.attributes
                0x00000257       0x39 Middlewares\ST\STM32_USB_Device_Library\Class\CDC\Src\usbd_cdc.o
 .ARM.attributes
                0x00000290       0x39 Middlewares\ST\STM32_USB_Device_Library\Core\Src\usbd_core.o
 .ARM.attributes
                0x000002c9       0x39 Middlewares\ST\STM32_USB_Device_Library\Core\Src\usbd_ctlreq.o
 .ARM.attributes
                0x00000302       0x39 Middlewares\ST\STM32_USB_Device_Library\Core\Src\usbd_ioreq.o
 .ARM.attributes
                0x0000033b       0x39 Src\main.o
 .ARM.attributes
                0x00000374       0x39 Src\stm32f4xx_hal_msp.o
 .ARM.attributes
                0x000003ad       0x39 Src\stm32f4xx_it.o
 .ARM.attributes
                0x000003e6       0x39 Src\system_stm32f4xx.o
 .ARM.attributes
                0x0000041f       0x39 Src\usb_device.o
 .ARM.attributes
                0x00000458       0x39 Src\usbd_cdc_if.o
 .ARM.attributes
                0x00000491       0x39 Src\usbd_conf.o
 .ARM.attributes
                0x000004ca       0x39 Src\usbd_desc.o
 .ARM.attributes
                0x00000503       0x39 lrndis\dhcp-server\dhserver.o
 .ARM.attributes
                0x0000053c       0x39 lrndis\lwip-1.4.1\src\core\def.o
 .ARM.attributes
                0x00000575       0x39 lrndis\lwip-1.4.1\src\core\init.o
 .ARM.attributes
                0x000005ae       0x39 lrndis\lwip-1.4.1\src\core\ipv4\icmp.o
 .ARM.attributes
                0x000005e7       0x39 lrndis\lwip-1.4.1\src\core\ipv4\inet_chksum.o
 .ARM.attributes
                0x00000620       0x39 lrndis\lwip-1.4.1\src\core\ipv4\ip.o
 .ARM.attributes
                0x00000659       0x39 lrndis\lwip-1.4.1\src\core\ipv4\ip_addr.o
 .ARM.attributes
                0x00000692       0x39 lrndis\lwip-1.4.1\src\core\ipv4\ip_frag.o
 .ARM.attributes
                0x000006cb       0x39 lrndis\lwip-1.4.1\src\core\mem.o
 .ARM.attributes
                0x00000704       0x39 lrndis\lwip-1.4.1\src\core\memp.o
 .ARM.attributes
                0x0000073d       0x39 lrndis\lwip-1.4.1\src\core\netif.o
 .ARM.attributes
                0x00000776       0x39 lrndis\lwip-1.4.1\src\core\pbuf.o
 .ARM.attributes
                0x000007af       0x39 lrndis\lwip-1.4.1\src\core\raw.o
 .ARM.attributes
                0x000007e8       0x39 lrndis\lwip-1.4.1\src\core\stats.o
 .ARM.attributes
                0x00000821       0x39 lrndis\lwip-1.4.1\src\core\tcp.o
 .ARM.attributes
                0x0000085a       0x39 lrndis\lwip-1.4.1\src\core\tcp_in.o
 .ARM.attributes
                0x00000893       0x39 lrndis\lwip-1.4.1\src\core\tcp_out.o
 .ARM.attributes
                0x000008cc       0x39 lrndis\lwip-1.4.1\src\core\timers.o
 .ARM.attributes
                0x00000905       0x39 lrndis\lwip-1.4.1\src\core\udp.o
 .ARM.attributes
                0x0000093e       0x39 lrndis\lwip-1.4.1\src\netif\etharp.o
 .ARM.attributes
                0x00000977       0x21 startup\startup_stm32f411xe.o
 .ARM.attributes
                0x00000998       0x34 c:/program files (x86)/atollic/truestudio for stm32 9.0.0/armtools/bin/../lib/gcc/arm-atollic-eabi/6.3.1/../../../../arm-atollic-eabi/lib/armv7e-m/fpu\libc_nano.a(lib_a-init.o)
 .ARM.attributes
                0x000009cc       0x34 c:/program files (x86)/atollic/truestudio for stm32 9.0.0/armtools/bin/../lib/gcc/arm-atollic-eabi/6.3.1/../../../../arm-atollic-eabi/lib/armv7e-m/fpu\libc_nano.a(lib_a-memcmp.o)
 .ARM.attributes
                0x00000a00       0x34 c:/program files (x86)/atollic/truestudio for stm32 9.0.0/armtools/bin/../lib/gcc/arm-atollic-eabi/6.3.1/../../../../arm-atollic-eabi/lib/armv7e-m/fpu\libc_nano.a(lib_a-memcpy-stub.o)
 .ARM.attributes
                0x00000a34       0x34 c:/program files (x86)/atollic/truestudio for stm32 9.0.0/armtools/bin/../lib/gcc/arm-atollic-eabi/6.3.1/../../../../arm-atollic-eabi/lib/armv7e-m/fpu\libc_nano.a(lib_a-memset.o)
 .ARM.attributes
                0x00000a68       0x1b c:/program files (x86)/atollic/truestudio for stm32 9.0.0/armtools/bin/../lib/gcc/arm-atollic-eabi/6.3.1/../../../../arm-atollic-eabi/lib/armv7e-m/fpu\libc_nano.a(lib_a-strlen.o)
 .ARM.attributes
                0x00000a83       0x22 c:/program files (x86)/atollic/truestudio for stm32 9.0.0/armtools/bin/../lib/gcc/arm-atollic-eabi/6.3.1/armv7e-m/fpu\libgcc.a(_aeabi_ldivmod.o)
 .ARM.attributes
                0x00000aa5       0x22 c:/program files (x86)/atollic/truestudio for stm32 9.0.0/armtools/bin/../lib/gcc/arm-atollic-eabi/6.3.1/armv7e-m/fpu\libgcc.a(_aeabi_uldivmod.o)
 .ARM.attributes
                0x00000ac7       0x34 c:/program files (x86)/atollic/truestudio for stm32 9.0.0/armtools/bin/../lib/gcc/arm-atollic-eabi/6.3.1/armv7e-m/fpu\libgcc.a(_udivmoddi4.o)
 .ARM.attributes
                0x00000afb       0x22 c:/program files (x86)/atollic/truestudio for stm32 9.0.0/armtools/bin/../lib/gcc/arm-atollic-eabi/6.3.1/armv7e-m/fpu\libgcc.a(_dvmd_tls.o)
 .ARM.attributes
                0x00000b1d       0x22 c:/program files (x86)/atollic/truestudio for stm32 9.0.0/armtools/bin/../lib/gcc/arm-atollic-eabi/6.3.1/armv7e-m/fpu/crtn.o
OUTPUT(NRF-ADHOC.elf elf32-littlearm)

.debug_info     0x00000000    0x34f2e
 .debug_info    0x00000000     0x115c Drivers\STM32F4xx_HAL_Driver\Src\stm32f4xx_hal.o
 .debug_info    0x0000115c     0x16c0 Drivers\STM32F4xx_HAL_Driver\Src\stm32f4xx_hal_cortex.o
 .debug_info    0x0000281c      0xfb0 Drivers\STM32F4xx_HAL_Driver\Src\stm32f4xx_hal_gpio.o
 .debug_info    0x000037cc     0x1cb4 Drivers\STM32F4xx_HAL_Driver\Src\stm32f4xx_hal_pcd.o
 .debug_info    0x00005480      0xdc5 Drivers\STM32F4xx_HAL_Driver\Src\stm32f4xx_hal_pcd_ex.o
 .debug_info    0x00006245     0x125f Drivers\STM32F4xx_HAL_Driver\Src\stm32f4xx_hal_rcc.o
 .debug_info    0x000074a4      0xee8 Drivers\STM32F4xx_HAL_Driver\Src\stm32f4xx_hal_rcc_ex.o
 .debug_info    0x0000838c     0x163e Drivers\STM32F4xx_HAL_Driver\Src\stm32f4xx_hal_rtc.o
 .debug_info    0x000099ca     0x1fc0 Drivers\STM32F4xx_HAL_Driver\Src\stm32f4xx_ll_usb.o
 .debug_info    0x0000b98a     0x239d Middlewares\ST\STM32_USB_Device_Library\Class\CDC\Src\usbd_cdc.o
 .debug_info    0x0000dd27     0x147c Middlewares\ST\STM32_USB_Device_Library\Core\Src\usbd_core.o
 .debug_info    0x0000f1a3     0x16ea Middlewares\ST\STM32_USB_Device_Library\Core\Src\usbd_ctlreq.o
 .debug_info    0x0001088d      0xfc5 Middlewares\ST\STM32_USB_Device_Library\Core\Src\usbd_ioreq.o
 .debug_info    0x00011852     0x2e79 Src\main.o
 .debug_info    0x000146cb      0xf5b Src\stm32f4xx_hal_msp.o
 .debug_info    0x00015626      0xdba Src\stm32f4xx_it.o
 .debug_info    0x000163e0      0xd46 Src\system_stm32f4xx.o
 .debug_info    0x00017126      0xf39 Src\usb_device.o
 .debug_info    0x0001805f      0xf93 Src\usbd_cdc_if.o
 .debug_info    0x00018ff2     0x2231 Src\usbd_conf.o
 .debug_info    0x0001b223      0xd27 Src\usbd_desc.o
 .debug_info    0x0001bf4a     0x16d8 lrndis\dhcp-server\dhserver.o
 .debug_info    0x0001d622      0x134 lrndis\lwip-1.4.1\src\core\def.o
 .debug_info    0x0001d756      0xc9e lrndis\lwip-1.4.1\src\core\init.o
 .debug_info    0x0001e3f4     0x12a2 lrndis\lwip-1.4.1\src\core\ipv4\icmp.o
 .debug_info    0x0001f696      0xc8c lrndis\lwip-1.4.1\src\core\ipv4\inet_chksum.o
 .debug_info    0x00020322     0x1a16 lrndis\lwip-1.4.1\src\core\ipv4\ip.o
 .debug_info    0x00021d38      0x5d6 lrndis\lwip-1.4.1\src\core\ipv4\ip_addr.o
 .debug_info    0x0002230e     0x1915 lrndis\lwip-1.4.1\src\core\ipv4\ip_frag.o
 .debug_info    0x00023c23      0xd96 lrndis\lwip-1.4.1\src\core\mem.o
 .debug_info    0x000249b9     0x15e6 lrndis\lwip-1.4.1\src\core\memp.o
 .debug_info    0x00025f9f     0x1030 lrndis\lwip-1.4.1\src\core\netif.o
 .debug_info    0x00026fcf     0x1df9 lrndis\lwip-1.4.1\src\core\pbuf.o
 .debug_info    0x00028dc8     0x1280 lrndis\lwip-1.4.1\src\core\raw.o
 .debug_info    0x0002a048      0xa88 lrndis\lwip-1.4.1\src\core\stats.o
 .debug_info    0x0002aad0     0x25b4 lrndis\lwip-1.4.1\src\core\tcp.o
 .debug_info    0x0002d084     0x187a lrndis\lwip-1.4.1\src\core\tcp_in.o
 .debug_info    0x0002e8fe     0x247e lrndis\lwip-1.4.1\src\core\tcp_out.o
 .debug_info    0x00030d7c      0xe07 lrndis\lwip-1.4.1\src\core\timers.o
 .debug_info    0x00031b83     0x170e lrndis\lwip-1.4.1\src\core\udp.o
 .debug_info    0x00033291     0x1c28 lrndis\lwip-1.4.1\src\netif\etharp.o
 .debug_info    0x00034eb9       0x75 startup\startup_stm32f411xe.o

.debug_abbrev   0x00000000     0x6fcc
 .debug_abbrev  0x00000000      0x2a8 Drivers\STM32F4xx_HAL_Driver\Src\stm32f4xx_hal.o
 .debug_abbrev  0x000002a8      0x383 Drivers\STM32F4xx_HAL_Driver\Src\stm32f4xx_hal_cortex.o
 .debug_abbrev  0x0000062b      0x268 Drivers\STM32F4xx_HAL_Driver\Src\stm32f4xx_hal_gpio.o
 .debug_abbrev  0x00000893      0x347 Drivers\STM32F4xx_HAL_Driver\Src\stm32f4xx_hal_pcd.o
 .debug_abbrev  0x00000bda      0x213 Drivers\STM32F4xx_HAL_Driver\Src\stm32f4xx_hal_pcd_ex.o
 .debug_abbrev  0x00000ded      0x319 Drivers\STM32F4xx_HAL_Driver\Src\stm32f4xx_hal_rcc.o
 .debug_abbrev  0x00001106      0x23e Drivers\STM32F4xx_HAL_Driver\Src\stm32f4xx_hal_rcc_ex.o
 .debug_abbrev  0x00001344      0x28b Drivers\STM32F4xx_HAL_Driver\Src\stm32f4xx_hal_rtc.o
 .debug_abbrev  0x000015cf      0x2e7 Drivers\STM32F4xx_HAL_Driver\Src\stm32f4xx_ll_usb.o
 .debug_abbrev  0x000018b6      0x40e Middlewares\ST\STM32_USB_Device_Library\Class\CDC\Src\usbd_cdc.o
 .debug_abbrev  0x00001cc4      0x28d Middlewares\ST\STM32_USB_Device_Library\Core\Src\usbd_core.o
 .debug_abbrev  0x00001f51      0x33a Middlewares\ST\STM32_USB_Device_Library\Core\Src\usbd_ctlreq.o
 .debug_abbrev  0x0000228b      0x1da Middlewares\ST\STM32_USB_Device_Library\Core\Src\usbd_ioreq.o
 .debug_abbrev  0x00002465      0x4a6 Src\main.o
 .debug_abbrev  0x0000290b      0x1ec Src\stm32f4xx_hal_msp.o
 .debug_abbrev  0x00002af7      0x1ef Src\stm32f4xx_it.o
 .debug_abbrev  0x00002ce6      0x1ca Src\system_stm32f4xx.o
 .debug_abbrev  0x00002eb0      0x1fb Src\usb_device.o
 .debug_abbrev  0x000030ab      0x227 Src\usbd_cdc_if.o
 .debug_abbrev  0x000032d2      0x2ce Src\usbd_conf.o
 .debug_abbrev  0x000035a0      0x219 Src\usbd_desc.o
 .debug_abbrev  0x000037b9      0x3be lrndis\dhcp-server\dhserver.o
 .debug_abbrev  0x00003b77       0xbf lrndis\lwip-1.4.1\src\core\def.o
 .debug_abbrev  0x00003c36      0x17f lrndis\lwip-1.4.1\src\core\init.o
 .debug_abbrev  0x00003db5      0x2bf lrndis\lwip-1.4.1\src\core\ipv4\icmp.o
 .debug_abbrev  0x00004074      0x24e lrndis\lwip-1.4.1\src\core\ipv4\inet_chksum.o
 .debug_abbrev  0x000042c2      0x2c1 lrndis\lwip-1.4.1\src\core\ipv4\ip.o
 .debug_abbrev  0x00004583      0x1e7 lrndis\lwip-1.4.1\src\core\ipv4\ip_addr.o
 .debug_abbrev  0x0000476a      0x3e1 lrndis\lwip-1.4.1\src\core\ipv4\ip_frag.o
 .debug_abbrev  0x00004b4b      0x2a8 lrndis\lwip-1.4.1\src\core\mem.o
 .debug_abbrev  0x00004df3      0x256 lrndis\lwip-1.4.1\src\core\memp.o
 .debug_abbrev  0x00005049      0x323 lrndis\lwip-1.4.1\src\core\netif.o
 .debug_abbrev  0x0000536c      0x37d lrndis\lwip-1.4.1\src\core\pbuf.o
 .debug_abbrev  0x000056e9      0x2ca lrndis\lwip-1.4.1\src\core\raw.o
 .debug_abbrev  0x000059b3      0x196 lrndis\lwip-1.4.1\src\core\stats.o
 .debug_abbrev  0x00005b49      0x425 lrndis\lwip-1.4.1\src\core\tcp.o
 .debug_abbrev  0x00005f6e      0x321 lrndis\lwip-1.4.1\src\core\tcp_in.o
 .debug_abbrev  0x0000628f      0x3a5 lrndis\lwip-1.4.1\src\core\tcp_out.o
 .debug_abbrev  0x00006634      0x240 lrndis\lwip-1.4.1\src\core\timers.o
 .debug_abbrev  0x00006874      0x370 lrndis\lwip-1.4.1\src\core\udp.o
 .debug_abbrev  0x00006be4      0x3d6 lrndis\lwip-1.4.1\src\netif\etharp.o
 .debug_abbrev  0x00006fba       0x12 startup\startup_stm32f411xe.o

.debug_loc      0x00000000    0x10a9f
 .debug_loc     0x00000000      0x108 Drivers\STM32F4xx_HAL_Driver\Src\stm32f4xx_hal.o
 .debug_loc     0x00000108      0x533 Drivers\STM32F4xx_HAL_Driver\Src\stm32f4xx_hal_cortex.o
 .debug_loc     0x0000063b      0x43e Drivers\STM32F4xx_HAL_Driver\Src\stm32f4xx_hal_gpio.o
 .debug_loc     0x00000a79      0xd53 Drivers\STM32F4xx_HAL_Driver\Src\stm32f4xx_hal_pcd.o
 .debug_loc     0x000017cc       0xd9 Drivers\STM32F4xx_HAL_Driver\Src\stm32f4xx_hal_pcd_ex.o
 .debug_loc     0x000018a5      0x47e Drivers\STM32F4xx_HAL_Driver\Src\stm32f4xx_hal_rcc.o
 .debug_loc     0x00001d23      0x33c Drivers\STM32F4xx_HAL_Driver\Src\stm32f4xx_hal_rcc_ex.o
 .debug_loc     0x0000205f      0xb47 Drivers\STM32F4xx_HAL_Driver\Src\stm32f4xx_hal_rtc.o
 .debug_loc     0x00002ba6     0x18f5 Drivers\STM32F4xx_HAL_Driver\Src\stm32f4xx_ll_usb.o
 .debug_loc     0x0000449b      0x9ea Middlewares\ST\STM32_USB_Device_Library\Class\CDC\Src\usbd_cdc.o
 .debug_loc     0x00004e85      0x70e Middlewares\ST\STM32_USB_Device_Library\Core\Src\usbd_core.o
 .debug_loc     0x00005593      0xd33 Middlewares\ST\STM32_USB_Device_Library\Core\Src\usbd_ctlreq.o
 .debug_loc     0x000062c6      0x23c Middlewares\ST\STM32_USB_Device_Library\Core\Src\usbd_ioreq.o
 .debug_loc     0x00006502      0x460 Src\main.o
 .debug_loc     0x00006962      0x166 Src\system_stm32f4xx.o
 .debug_loc     0x00006ac8       0x63 Src\usbd_cdc_if.o
 .debug_loc     0x00006b2b      0xa0d Src\usbd_conf.o
 .debug_loc     0x00007538      0x200 Src\usbd_desc.o
 .debug_loc     0x00007738      0x5cf lrndis\dhcp-server\dhserver.o
 .debug_loc     0x00007d07       0x84 lrndis\lwip-1.4.1\src\core\def.o
 .debug_loc     0x00007d8b      0x265 lrndis\lwip-1.4.1\src\core\ipv4\icmp.o
 .debug_loc     0x00007ff0      0x763 lrndis\lwip-1.4.1\src\core\ipv4\inet_chksum.o
 .debug_loc     0x00008753      0x500 lrndis\lwip-1.4.1\src\core\ipv4\ip.o
 .debug_loc     0x00008c53      0x641 lrndis\lwip-1.4.1\src\core\ipv4\ip_addr.o
 .debug_loc     0x00009294      0xc3d lrndis\lwip-1.4.1\src\core\ipv4\ip_frag.o
 .debug_loc     0x00009ed1      0x4d7 lrndis\lwip-1.4.1\src\core\mem.o
 .debug_loc     0x0000a3a8      0x13c lrndis\lwip-1.4.1\src\core\memp.o
 .debug_loc     0x0000a4e4      0x481 lrndis\lwip-1.4.1\src\core\netif.o
 .debug_loc     0x0000a965     0x135c lrndis\lwip-1.4.1\src\core\pbuf.o
 .debug_loc     0x0000bcc1      0x49a lrndis\lwip-1.4.1\src\core\raw.o
 .debug_loc     0x0000c15b     0x1285 lrndis\lwip-1.4.1\src\core\tcp.o
 .debug_loc     0x0000d3e0      0x884 lrndis\lwip-1.4.1\src\core\tcp_in.o
 .debug_loc     0x0000dc64     0x1511 lrndis\lwip-1.4.1\src\core\tcp_out.o
 .debug_loc     0x0000f175      0x36a lrndis\lwip-1.4.1\src\core\timers.o
 .debug_loc     0x0000f4df      0x813 lrndis\lwip-1.4.1\src\core\udp.o
 .debug_loc     0x0000fcf2      0xdad lrndis\lwip-1.4.1\src\netif\etharp.o

.debug_aranges  0x00000000     0x12d0
 .debug_aranges
                0x00000000       0xe0 Drivers\STM32F4xx_HAL_Driver\Src\stm32f4xx_hal.o
 .debug_aranges
                0x000000e0       0xa8 Drivers\STM32F4xx_HAL_Driver\Src\stm32f4xx_hal_cortex.o
 .debug_aranges
                0x00000188       0x58 Drivers\STM32F4xx_HAL_Driver\Src\stm32f4xx_hal_gpio.o
 .debug_aranges
                0x000001e0      0x118 Drivers\STM32F4xx_HAL_Driver\Src\stm32f4xx_hal_pcd.o
 .debug_aranges
                0x000002f8       0x28 Drivers\STM32F4xx_HAL_Driver\Src\stm32f4xx_hal_pcd_ex.o
 .debug_aranges
                0x00000320       0x88 Drivers\STM32F4xx_HAL_Driver\Src\stm32f4xx_hal_rcc.o
 .debug_aranges
                0x000003a8       0x50 Drivers\STM32F4xx_HAL_Driver\Src\stm32f4xx_hal_rcc_ex.o
 .debug_aranges
                0x000003f8       0xb8 Drivers\STM32F4xx_HAL_Driver\Src\stm32f4xx_hal_rtc.o
 .debug_aranges
                0x000004b0      0x180 Drivers\STM32F4xx_HAL_Driver\Src\stm32f4xx_ll_usb.o
 .debug_aranges
                0x00000630       0xb0 Middlewares\ST\STM32_USB_Device_Library\Class\CDC\Src\usbd_cdc.o
 .debug_aranges
                0x000006e0       0xb8 Middlewares\ST\STM32_USB_Device_Library\Core\Src\usbd_core.o
 .debug_aranges
                0x00000798       0x48 Middlewares\ST\STM32_USB_Device_Library\Core\Src\usbd_ctlreq.o
 .debug_aranges
                0x000007e0       0x50 Middlewares\ST\STM32_USB_Device_Library\Core\Src\usbd_ioreq.o
 .debug_aranges
                0x00000830       0xd8 Src\main.o
 .debug_aranges
                0x00000908       0x30 Src\stm32f4xx_hal_msp.o
 .debug_aranges
                0x00000938       0x60 Src\stm32f4xx_it.o
 .debug_aranges
                0x00000998       0x28 Src\system_stm32f4xx.o
 .debug_aranges
                0x000009c0       0x20 Src\usb_device.o
 .debug_aranges
                0x000009e0       0x40 Src\usbd_cdc_if.o
 .debug_aranges
                0x00000a20       0xf8 Src\usbd_conf.o
 .debug_aranges
                0x00000b18       0x50 Src\usbd_desc.o
 .debug_aranges
                0x00000b68       0x48 lrndis\dhcp-server\dhserver.o
 .debug_aranges
                0x00000bb0       0x38 lrndis\lwip-1.4.1\src\core\def.o
 .debug_aranges
                0x00000be8       0x20 lrndis\lwip-1.4.1\src\core\init.o
 .debug_aranges
                0x00000c08       0x38 lrndis\lwip-1.4.1\src\core\ipv4\icmp.o
 .debug_aranges
                0x00000c40       0x40 lrndis\lwip-1.4.1\src\core\ipv4\inet_chksum.o
 .debug_aranges
                0x00000c80       0x38 lrndis\lwip-1.4.1\src\core\ipv4\ip.o
 .debug_aranges
                0x00000cb8       0x48 lrndis\lwip-1.4.1\src\core\ipv4\ip_addr.o
 .debug_aranges
                0x00000d00       0x48 lrndis\lwip-1.4.1\src\core\ipv4\ip_frag.o
 .debug_aranges