Archive member included to satisfy reference by file (symbol)

c:/program files (x86)/atollic/truestudio for stm32 9.0.0/armtools/bin/../lib/gcc/arm-atollic-eabi/6.3.1/../../../../arm-atollic-eabi/lib/armv7e-m/fpu\libc_nano.a(lib_a-init.o)
                              startup\startup_stm32f411xe.o (__libc_init_array)
c:/program files (x86)/atollic/truestudio for stm32 9.0.0/armtools/bin/../lib/gcc/arm-atollic-eabi/6.3.1/../../../../arm-atollic-eabi/lib/armv7e-m/fpu\libc_nano.a(lib_a-memcmp.o)
                              lrndis\dhcp-server\dhserver.o (memcmp)
c:/program files (x86)/atollic/truestudio for stm32 9.0.0/armtools/bin/../lib/gcc/arm-atollic-eabi/6.3.1/../../../../arm-atollic-eabi/lib/armv7e-m/fpu\libc_nano.a(lib_a-memcpy-stub.o)
                              Middlewares\ST\STM32_USB_Device_Library\Class\CDC\Src\usbd_rndis.o (memcpy)
c:/program files (x86)/atollic/truestudio for stm32 9.0.0/armtools/bin/../lib/gcc/arm-atollic-eabi/6.3.1/../../../../arm-atollic-eabi/lib/armv7e-m/fpu\libc_nano.a(lib_a-memset.o)
                              Middlewares\ST\STM32_USB_Device_Library\Class\CDC\Src\usbd_rndis.o (memset)
c:/program files (x86)/atollic/truestudio for stm32 9.0.0/armtools/bin/../lib/gcc/arm-atollic-eabi/6.3.1/../../../../arm-atollic-eabi/lib/armv7e-m/fpu\libc_nano.a(lib_a-snprintf.o)
                              Src\communication.o (snprintf)
c:/program files (x86)/atollic/truestudio for stm32 9.0.0/armtools/bin/../lib/gcc/arm-atollic-eabi/6.3.1/../../../../arm-atollic-eabi/lib/armv7e-m/fpu\libc_nano.a(lib_a-strcmp.o)
                              Src\communication.o (strcmp)
c:/program files (x86)/atollic/truestudio for stm32 9.0.0/armtools/bin/../lib/gcc/arm-atollic-eabi/6.3.1/../../../../arm-atollic-eabi/lib/armv7e-m/fpu\libc_nano.a(lib_a-strlen.o)
                              lrndis\dhcp-server\dhserver.o (strlen)
c:/program files (x86)/atollic/truestudio for stm32 9.0.0/armtools/bin/../lib/gcc/arm-atollic-eabi/6.3.1/../../../../arm-atollic-eabi/lib/armv7e-m/fpu\libc_nano.a(lib_a-impure.o)
                              c:/program files (x86)/atollic/truestudio for stm32 9.0.0/armtools/bin/../lib/gcc/arm-atollic-eabi/6.3.1/../../../../arm-atollic-eabi/lib/armv7e-m/fpu\libc_nano.a(lib_a-snprintf.o) (_impure_ptr)
c:/program files (x86)/atollic/truestudio for stm32 9.0.0/armtools/bin/../lib/gcc/arm-atollic-eabi/6.3.1/../../../../arm-atollic-eabi/lib/armv7e-m/fpu\libc_nano.a(lib_a-nano-svfprintf.o)
                              c:/program files (x86)/atollic/truestudio for stm32 9.0.0/armtools/bin/../lib/gcc/arm-atollic-eabi/6.3.1/../../../../arm-atollic-eabi/lib/armv7e-m/fpu\libc_nano.a(lib_a-snprintf.o) (_svfprintf_r)
c:/program files (x86)/atollic/truestudio for stm32 9.0.0/armtools/bin/../lib/gcc/arm-atollic-eabi/6.3.1/../../../../arm-atollic-eabi/lib/armv7e-m/fpu\libc_nano.a(lib_a-nano-vfprintf_i.o)
                              c:/program files (x86)/atollic/truestudio for stm32 9.0.0/armtools/bin/../lib/gcc/arm-atollic-eabi/6.3.1/../../../../arm-atollic-eabi/lib/armv7e-m/fpu\libc_nano.a(lib_a-nano-svfprintf.o) (_printf_i)
c:/program files (x86)/atollic/truestudio for stm32 9.0.0/armtools/bin/../lib/gcc/arm-atollic-eabi/6.3.1/../../../../arm-atollic-eabi/lib/armv7e-m/fpu\libc_nano.a(lib_a-memchr.o)
                              c:/program files (x86)/atollic/truestudio for stm32 9.0.0/armtools/bin/../lib/gcc/arm-atollic-eabi/6.3.1/../../../../arm-atollic-eabi/lib/armv7e-m/fpu\libc_nano.a(lib_a-nano-svfprintf.o) (memchr)
c:/program files (x86)/atollic/truestudio for stm32 9.0.0/armtools/bin/../lib/gcc/arm-atollic-eabi/6.3.1/../../../../arm-atollic-eabi/lib/armv7e-m/fpu\libc_nano.a(lib_a-memmove.o)
                              c:/program files (x86)/atollic/truestudio for stm32 9.0.0/armtools/bin/../lib/gcc/arm-atollic-eabi/6.3.1/../../../../arm-atollic-eabi/lib/armv7e-m/fpu\libc_nano.a(lib_a-nano-svfprintf.o) (memmove)
c:/program files (x86)/atollic/truestudio for stm32 9.0.0/armtools/bin/../lib/gcc/arm-atollic-eabi/6.3.1/../../../../arm-atollic-eabi/lib/armv7e-m/fpu\libc_nano.a(lib_a-nano-freer.o)
                              c:/program files (x86)/atollic/truestudio for stm32 9.0.0/armtools/bin/../lib/gcc/arm-atollic-eabi/6.3.1/../../../../arm-atollic-eabi/lib/armv7e-m/fpu\libc_nano.a(lib_a-nano-svfprintf.o) (_free_r)
c:/program files (x86)/atollic/truestudio for stm32 9.0.0/armtools/bin/../lib/gcc/arm-atollic-eabi/6.3.1/../../../../arm-atollic-eabi/lib/armv7e-m/fpu\libc_nano.a(lib_a-nano-mallocr.o)
                              c:/program files (x86)/atollic/truestudio for stm32 9.0.0/armtools/bin/../lib/gcc/arm-atollic-eabi/6.3.1/../../../../arm-atollic-eabi/lib/armv7e-m/fpu\libc_nano.a(lib_a-nano-svfprintf.o) (_malloc_r)
c:/program files (x86)/atollic/truestudio for stm32 9.0.0/armtools/bin/../lib/gcc/arm-atollic-eabi/6.3.1/../../../../arm-atollic-eabi/lib/armv7e-m/fpu\libc_nano.a(lib_a-nano-reallocr.o)
[...]
Memory Configuration

Name             Origin             Length             Attributes
RAM              0x20000000         0x00020000         xrw
FLASH            0x08000000         0x00080000         xr
*default*        0x00000000         0xffffffff

Linker script and memory map

LOAD c:/program files (x86)/atollic/truestudio for stm32 9.0.0/armtools/bin/../lib/gcc/arm-atollic-eabi/6.3.1/armv7e-m/fpu/crti.o
LOAD c:/program files (x86)/atollic/truestudio for stm32 9.0.0/armtools/bin/../lib/gcc/arm-atollic-eabi/6.3.1/armv7e-m/fpu/crtbegin.o
LOAD Drivers\STM32F4xx_HAL_Driver\Src\stm32f4xx_hal.o
LOAD Drivers\STM32F4xx_HAL_Driver\Src\stm32f4xx_hal_cortex.o
LOAD Drivers\STM32F4xx_HAL_Driver\Src\stm32f4xx_hal_dma.o
LOAD Drivers\STM32F4xx_HAL_Driver\Src\stm32f4xx_hal_dma_ex.o
LOAD Drivers\STM32F4xx_HAL_Driver\Src\stm32f4xx_hal_flash.o
LOAD Drivers\STM32F4xx_HAL_Driver\Src\stm32f4xx_hal_flash_ex.o
LOAD Drivers\STM32F4xx_HAL_Driver\Src\stm32f4xx_hal_flash_ramfunc.o
LOAD Drivers\STM32F4xx_HAL_Driver\Src\stm32f4xx_hal_gpio.o
LOAD Drivers\STM32F4xx_HAL_Driver\Src\stm32f4xx_hal_pcd.o
LOAD Drivers\STM32F4xx_HAL_Driver\Src\stm32f4xx_hal_pcd_ex.o
LOAD Drivers\STM32F4xx_HAL_Driver\Src\stm32f4xx_hal_pwr.o
LOAD Drivers\STM32F4xx_HAL_Driver\Src\stm32f4xx_hal_pwr_ex.o
LOAD Drivers\STM32F4xx_HAL_Driver\Src\stm32f4xx_hal_rcc.o
LOAD Drivers\STM32F4xx_HAL_Driver\Src\stm32f4xx_hal_rcc_ex.o
LOAD Drivers\STM32F4xx_HAL_Driver\Src\stm32f4xx_hal_rtc.o
LOAD Drivers\STM32F4xx_HAL_Driver\Src\stm32f4xx_hal_rtc_ex.o
LOAD Drivers\STM32F4xx_HAL_Driver\Src\stm32f4xx_hal_tim.o
LOAD Drivers\STM32F4xx_HAL_Driver\Src\stm32f4xx_hal_tim_ex.o
LOAD Drivers\STM32F4xx_HAL_Driver\Src\stm32f4xx_ll_usb.o
LOAD Inc\fsdata.o
LOAD Middlewares\ST\STM32_USB_Device_Library\Class\CDC\Src\usbd_rndis.o
LOAD Middlewares\ST\STM32_USB_Device_Library\Core\Src\usbd_core.o
LOAD Middlewares\ST\STM32_USB_Device_Library\Core\Src\usbd_ctlreq.o
LOAD Middlewares\ST\STM32_USB_Device_Library\Core\Src\usbd_ioreq.o
LOAD Src\communication.o
LOAD Src\hw_config.o
LOAD Src\main.o
LOAD Src\stm32f4xx_hal_msp.o
LOAD Src\stm32f4xx_it.o
LOAD Src\system_stm32f4xx.o
LOAD Src\time.o
LOAD Src\usb_device.o
LOAD Src\usbd_conf.o
LOAD Src\usbd_desc.o
LOAD lrndis\dhcp-server\dhserver.o
LOAD lrndis\dns-server\dnserver.o
LOAD lrndis\lwip-1.4.1\src\api\api_lib.o
LOAD lrndis\lwip-1.4.1\src\api\api_msg.o
LOAD lrndis\lwip-1.4.1\src\api\err.o
LOAD lrndis\lwip-1.4.1\src\api\netbuf.o
LOAD lrndis\lwip-1.4.1\src\api\netdb.o
LOAD lrndis\lwip-1.4.1\src\api\netifapi.o
LOAD lrndis\lwip-1.4.1\src\api\sockets.o
LOAD lrndis\lwip-1.4.1\src\api\tcpip.o
LOAD lrndis\lwip-1.4.1\src\core\def.o
LOAD lrndis\lwip-1.4.1\src\core\dhcp.o
LOAD lrndis\lwip-1.4.1\src\core\dns.o
LOAD lrndis\lwip-1.4.1\src\core\init.o
LOAD lrndis\lwip-1.4.1\src\core\ipv4\autoip.o
LOAD lrndis\lwip-1.4.1\src\core\ipv4\icmp.o
LOAD lrndis\lwip-1.4.1\src\core\ipv4\igmp.o
LOAD lrndis\lwip-1.4.1\src\core\ipv4\inet.o
LOAD lrndis\lwip-1.4.1\src\core\ipv4\inet_chksum.o
LOAD lrndis\lwip-1.4.1\src\core\ipv4\ip.o
LOAD lrndis\lwip-1.4.1\src\core\ipv4\ip_addr.o
LOAD lrndis\lwip-1.4.1\src\core\ipv4\ip_frag.o
LOAD lrndis\lwip-1.4.1\src\core\mem.o
LOAD lrndis\lwip-1.4.1\src\core\memp.o
LOAD lrndis\lwip-1.4.1\src\core\netif.o
LOAD lrndis\lwip-1.4.1\src\core\pbuf.o
LOAD lrndis\lwip-1.4.1\src\core\raw.o
LOAD lrndis\lwip-1.4.1\src\core\snmp\asn1_dec.o
LOAD lrndis\lwip-1.4.1\src\core\snmp\asn1_enc.o
LOAD lrndis\lwip-1.4.1\src\core\snmp\mib2.o
LOAD lrndis\lwip-1.4.1\src\core\snmp\mib_structs.o
LOAD lrndis\lwip-1.4.1\src\core\snmp\msg_in.o
LOAD lrndis\lwip-1.4.1\src\core\snmp\msg_out.o
LOAD lrndis\lwip-1.4.1\src\core\stats.o
LOAD lrndis\lwip-1.4.1\src\core\sys.o
LOAD lrndis\lwip-1.4.1\src\core\tcp.o
LOAD lrndis\lwip-1.4.1\src\core\tcp_in.o
LOAD lrndis\lwip-1.4.1\src\core\tcp_out.o
LOAD lrndis\lwip-1.4.1\src\core\timers.o
LOAD lrndis\lwip-1.4.1\src\core\udp.o
LOAD lrndis\lwip-1.4.1\src\netif\etharp.o
LOAD lrndis\lwip-1.4.1\src\netif\ethernetif.o
LOAD lrndis\lwip-1.4.1\src\netif\ppp\auth.o
LOAD lrndis\lwip-1.4.1\src\netif\ppp\chap.o
LOAD lrndis\lwip-1.4.1\src\netif\ppp\chpms.o
LOAD lrndis\lwip-1.4.1\src\netif\ppp\fsm.o
LOAD lrndis\lwip-1.4.1\src\netif\ppp\ipcp.o
LOAD lrndis\lwip-1.4.1\src\netif\ppp\lcp.o
LOAD lrndis\lwip-1.4.1\src\netif\ppp\magic.o
LOAD lrndis\lwip-1.4.1\src\netif\ppp\md5.o
LOAD lrndis\lwip-1.4.1\src\netif\ppp\pap.o
LOAD lrndis\lwip-1.4.1\src\netif\ppp\ppp.o
LOAD lrndis\lwip-1.4.1\src\netif\ppp\ppp_oe.o
LOAD lrndis\lwip-1.4.1\src\netif\ppp\randm.o
LOAD lrndis\lwip-1.4.1\src\netif\ppp\vj.o
LOAD lrndis\lwip-1.4.1\src\netif\slipif.o
LOAD startup\startup_stm32f411xe.o
                0x00000080                malloc_getpagesize_P = 0x80
START GROUP
LOAD c:/program files (x86)/atollic/truestudio for stm32 9.0.0/armtools/bin/../lib/gcc/arm-atollic-eabi/6.3.1/../../../../arm-atollic-eabi/lib/armv7e-m/fpu\libc_nano.a
LOAD c:/program files (x86)/atollic/truestudio for stm32 9.0.0/armtools/bin/../lib/gcc/arm-atollic-eabi/6.3.1/../../../../arm-atollic-eabi/lib/armv7e-m/fpu\libm.a
END GROUP
START GROUP
LOAD c:/program files (x86)/atollic/truestudio for stm32 9.0.0/armtools/bin/../lib/gcc/arm-atollic-eabi/6.3.1/armv7e-m/fpu\libgcc.a
LOAD c:/program files (x86)/atollic/truestudio for stm32 9.0.0/armtools/bin/../lib/gcc/arm-atollic-eabi/6.3.1/../../../../arm-atollic-eabi/lib/armv7e-m/fpu\libc_nano.a
END GROUP
START GROUP
LOAD c:/program files (x86)/atollic/truestudio for stm32 9.0.0/armtools/bin/../lib/gcc/arm-atollic-eabi/6.3.1/armv7e-m/fpu\libgcc.a
LOAD c:/program files (x86)/atollic/truestudio for stm32 9.0.0/armtools/bin/../lib/gcc/arm-atollic-eabi/6.3.1/../../../../arm-atollic-eabi/lib/armv7e-m/fpu\libc_nano.a
LOAD c:/program files (x86)/atollic/truestudio for stm32 9.0.0/armtools/bin/../lib/gcc/arm-atollic-eabi/6.3.1/../../../../arm-atollic-eabi/lib/armv7e-m/fpu\libnosys.a
END GROUP
START GROUP
LOAD c:/program files (x86)/atollic/truestudio for stm32 9.0.0/armtools/bin/../lib/gcc/arm-atollic-eabi/6.3.1/armv7e-m/fpu\libgcc.a
LOAD c:/program files (x86)/atollic/truestudio for stm32 9.0.0/armtools/bin/../lib/gcc/arm-atollic-eabi/6.3.1/../../../../arm-atollic-eabi/lib/armv7e-m/fpu\libc_nano.a
LOAD c:/program files (x86)/atollic/truestudio for stm32 9.0.0/armtools/bin/../lib/gcc/arm-atollic-eabi/6.3.1/../../../../arm-atollic-eabi/lib/armv7e-m/fpu\libnosys.a
END GROUP
LOAD c:/program files (x86)/atollic/truestudio for stm32 9.0.0/armtools/bin/../lib/gcc/arm-atollic-eabi/6.3.1/armv7e-m/fpu/crtend.o
LOAD c:/program files (x86)/atollic/truestudio for stm32 9.0.0/armtools/bin/../lib/gcc/arm-atollic-eabi/6.3.1/armv7e-m/fpu/crtn.o
                0x20020000                _estack = 0x20020000
                0x00000200                _Min_Heap_Size = 0x200
                0x00000400                _Min_Stack_Size = 0x400

.isr_vector     0x08000000      0x198
                0x08000000                . = ALIGN (0x4)
 *(.isr_vector)
 .isr_vector    0x08000000      0x198 startup\startup_stm32f411xe.o
                0x08000000                g_pfnVectors
                0x08000198                . = ALIGN (0x4)

.text           0x08000198     0x8d34
                0x08000198                . = ALIGN (0x4)
 *(.text)
 .text          0x08000198       0x40 c:/program files (x86)/atollic/truestudio for stm32 9.0.0/armtools/bin/../lib/gcc/arm-atollic-eabi/6.3.1/armv7e-m/fpu/crtbegin.o
 .text          0x080001d8       0x14 c:/program files (x86)/atollic/truestudio for stm32 9.0.0/armtools/bin/../lib/gcc/arm-atollic-eabi/6.3.1/../../../../arm-atollic-eabi/lib/armv7e-m/fpu\libc_nano.a(lib_a-strcmp.o)
                0x080001d8                strcmp
 .text          0x080001ec       0x10 c:/program files (x86)/atollic/truestudio for stm32 9.0.0/armtools/bin/../lib/gcc/arm-atollic-eabi/6.3.1/../../../../arm-atollic-eabi/lib/armv7e-m/fpu\libc_nano.a(lib_a-strlen.o)
                0x080001ec                strlen
 .text          0x080001fc       0xa0 c:/program files (x86)/atollic/truestudio for stm32 9.0.0/armtools/bin/../lib/gcc/arm-atollic-eabi/6.3.1/armv7e-m/fpu\libgcc.a(_aeabi_ldivmod.o)
                0x080001fc                __aeabi_ldivmod
 .text          0x0800029c       0x30 c:/program files (x86)/atollic/truestudio for stm32 9.0.0/armtools/bin/../lib/gcc/arm-atollic-eabi/6.3.1/armv7e-m/fpu\libgcc.a(_aeabi_uldivmod.o)
                0x0800029c                __aeabi_uldivmod
 .text          0x080002cc      0x2dc c:/program files (x86)/atollic/truestudio for stm32 9.0.0/armtools/bin/../lib/gcc/arm-atollic-eabi/6.3.1/armv7e-m/fpu\libgcc.a(_udivmoddi4.o)
                0x080002cc                __udivmoddi4
 .text          0x080005a8        0x4 c:/program files (x86)/atollic/truestudio for stm32 9.0.0/armtools/bin/../lib/gcc/arm-atollic-eabi/6.3.1/armv7e-m/fpu\libgcc.a(_dvmd_tls.o)
                0x080005a8                __aeabi_idiv0
                0x080005a8                __aeabi_ldiv0
 *(.text*)
 .text.HAL_InitTick
                0x080005ac       0x4c Drivers\STM32F4xx_HAL_Driver\Src\stm32f4xx_hal.o
                0x080005ac                HAL_InitTick
 .text.HAL_Init
                0x080005f8       0x34 Drivers\STM32F4xx_HAL_Driver\Src\stm32f4xx_hal.o
                0x080005f8                HAL_Init
 .text.HAL_IncTick
                0x0800062c       0x18 Drivers\STM32F4xx_HAL_Driver\Src\stm32f4xx_hal.o
                0x0800062c                HAL_IncTick
 .text.HAL_GetTick
                0x08000644        0xc Drivers\STM32F4xx_HAL_Driver\Src\stm32f4xx_hal.o
                0x08000644                HAL_GetTick
 .text.HAL_Delay
                0x08000650       0x28 Drivers\STM32F4xx_HAL_Driver\Src\stm32f4xx_hal.o
                0x08000650                HAL_Delay
 .text.HAL_NVIC_SetPriorityGrouping
                0x08000678       0x24 Drivers\STM32F4xx_HAL_Driver\Src\stm32f4xx_hal_cortex.o
                0x08000678                HAL_NVIC_SetPriorityGrouping
 .text.HAL_NVIC_SetPriority
                0x0800069c       0x60 Drivers\STM32F4xx_HAL_Driver\Src\stm32f4xx_hal_cortex.o
                0x0800069c                HAL_NVIC_SetPriority
 .text.HAL_NVIC_EnableIRQ
                0x080006fc       0x18 Drivers\STM32F4xx_HAL_Driver\Src\stm32f4xx_hal_cortex.o
                0x080006fc                HAL_NVIC_EnableIRQ
 .text.HAL_SYSTICK_Config
                0x08000714       0x2c Drivers\STM32F4xx_HAL_Driver\Src\stm32f4xx_hal_cortex.o
                0x08000714                HAL_SYSTICK_Config
 .text.HAL_SYSTICK_CLKSourceConfig
                0x08000740       0x18 Drivers\STM32F4xx_HAL_Driver\Src\stm32f4xx_hal_cortex.o
                0x08000740                HAL_SYSTICK_CLKSourceConfig
 .text.HAL_SYSTICK_IRQHandler
                0x08000758        0x8 Drivers\STM32F4xx_HAL_Driver\Src\stm32f4xx_hal_cortex.o
                0x08000758                HAL_SYSTICK_IRQHandler
 .text.HAL_GPIO_Init
                0x08000760      0x19c Drivers\STM32F4xx_HAL_Driver\Src\stm32f4xx_hal_gpio.o
                0x08000760                HAL_GPIO_Init
 .text.HAL_GPIO_WritePin
                0x080008fc        0xc Drivers\STM32F4xx_HAL_Driver\Src\stm32f4xx_hal_gpio.o
                0x080008fc                HAL_GPIO_WritePin
 .text.HAL_PCD_Init
                0x08000908       0xd4 Drivers\STM32F4xx_HAL_Driver\Src\stm32f4xx_hal_pcd.o
                0x08000908                HAL_PCD_Init
 .text.HAL_PCD_Start
                0x080009dc       0x2a Drivers\STM32F4xx_HAL_Driver\Src\stm32f4xx_hal_pcd.o
                0x080009dc                HAL_PCD_Start
 *fill*         0x08000a06        0x2 
 .text.HAL_PCD_IRQHandler
                0x08000a08      0x630 Drivers\STM32F4xx_HAL_Driver\Src\stm32f4xx_hal_pcd.o
                0x08000a08                HAL_PCD_IRQHandler
 .text.HAL_PCD_SetAddress
                0x08001038       0x24 Drivers\STM32F4xx_HAL_Driver\Src\stm32f4xx_hal_pcd.o
                0x08001038                HAL_PCD_SetAddress
 .text.HAL_PCD_EP_Open
                0x0800105c       0x82 Drivers\STM32F4xx_HAL_Driver\Src\stm32f4xx_hal_pcd.o
                0x0800105c                HAL_PCD_EP_Open
 .text.HAL_PCD_EP_Close
                0x080010de       0x48 Drivers\STM32F4xx_HAL_Driver\Src\stm32f4xx_hal_pcd.o
                0x080010de                HAL_PCD_EP_Close
 .text.HAL_PCD_EP_Receive
                0x08001126       0x5a Drivers\STM32F4xx_HAL_Driver\Src\stm32f4xx_hal_pcd.o
                0x08001126                HAL_PCD_EP_Receive
 .text.HAL_PCD_EP_Transmit
                0x08001180       0x52 Drivers\STM32F4xx_HAL_Driver\Src\stm32f4xx_hal_pcd.o
                0x08001180                HAL_PCD_EP_Transmit
 .text.HAL_PCD_EP_SetStall
                0x080011d2       0x66 Drivers\STM32F4xx_HAL_Driver\Src\stm32f4xx_hal_pcd.o
                0x080011d2                HAL_PCD_EP_SetStall
 .text.HAL_PCD_EP_ClrStall
                0x08001238       0x56 Drivers\STM32F4xx_HAL_Driver\Src\stm32f4xx_hal_pcd.o
                0x08001238                HAL_PCD_EP_ClrStall
 .text.HAL_PCDEx_SetTxFiFo
                0x0800128e       0x4a Drivers\STM32F4xx_HAL_Driver\Src\stm32f4xx_hal_pcd_ex.o
                0x0800128e                HAL_PCDEx_SetTxFiFo
 .text.HAL_PCDEx_SetRxFiFo
                0x080012d8        0x8 Drivers\STM32F4xx_HAL_Driver\Src\stm32f4xx_hal_pcd_ex.o
                0x080012d8                HAL_PCDEx_SetRxFiFo
 .text.HAL_RCC_OscConfig
                0x080012e0      0x39c Drivers\STM32F4xx_HAL_Driver\Src\stm32f4xx_hal_rcc.o
                0x080012e0                HAL_RCC_OscConfig
 .text.HAL_RCC_GetSysClockFreq
                0x0800167c       0xd4 Drivers\STM32F4xx_HAL_Driver\Src\stm32f4xx_hal_rcc.o
                0x0800167c                HAL_RCC_GetSysClockFreq
 .text.HAL_RCC_ClockConfig
                0x08001750      0x16c Drivers\STM32F4xx_HAL_Driver\Src\stm32f4xx_hal_rcc.o
                0x08001750                HAL_RCC_ClockConfig
 .text.HAL_RCC_GetHCLKFreq
                0x080018bc        0xc Drivers\STM32F4xx_HAL_Driver\Src\stm32f4xx_hal_rcc.o
                0x080018bc                HAL_RCC_GetHCLKFreq
 .text.HAL_RCCEx_PeriphCLKConfig
                0x080018c8      0x170 Drivers\STM32F4xx_HAL_Driver\Src\stm32f4xx_hal_rcc_ex.o
                0x080018c8                HAL_RCCEx_PeriphCLKConfig
 .text.USB_CoreInit
                0x08001a38       0x7c Drivers\STM32F4xx_HAL_Driver\Src\stm32f4xx_ll_usb.o
                0x08001a38                USB_CoreInit
 .text.USB_EnableGlobalInt
                0x08001ab4        0xc Drivers\STM32F4xx_HAL_Driver\Src\stm32f4xx_ll_usb.o
                0x08001ab4                USB_EnableGlobalInt
 .text.USB_DisableGlobalInt
                0x08001ac0        0xc Drivers\STM32F4xx_HAL_Driver\Src\stm32f4xx_ll_usb.o
                0x08001ac0                USB_DisableGlobalInt
 .text.USB_SetCurrentMode
                0x08001acc       0x2c Drivers\STM32F4xx_HAL_Driver\Src\stm32f4xx_ll_usb.o
                0x08001acc                USB_SetCurrentMode
 .text.USB_DevInit
                0x08001af8      0x15c Drivers\STM32F4xx_HAL_Driver\Src\stm32f4xx_ll_usb.o
                0x08001af8                USB_DevInit
 .text.USB_FlushTxFifo
                0x08001c54       0x24 Drivers\STM32F4xx_HAL_Driver\Src\stm32f4xx_ll_usb.o
                0x08001c54                USB_FlushTxFifo
 .text.USB_FlushRxFifo
                0x08001c78       0x20 Drivers\STM32F4xx_HAL_Driver\Src\stm32f4xx_ll_usb.o
                0x08001c78                USB_FlushRxFifo
 .text.USB_SetDevSpeed
                0x08001c98        0xe Drivers\STM32F4xx_HAL_Driver\Src\stm32f4xx_ll_usb.o
                0x08001c98                USB_SetDevSpeed
 .text.USB_GetDevSpeed
                0x08001ca6       0x3e Drivers\STM32F4xx_HAL_Driver\Src\stm32f4xx_ll_usb.o
                0x08001ca6                USB_GetDevSpeed
 .text.USB_ActivateEndpoint
                0x08001ce4       0x8a Drivers\STM32F4xx_HAL_Driver\Src\stm32f4xx_ll_usb.o
                0x08001ce4                USB_ActivateEndpoint
 *fill*         0x08001d6e        0x2 
 .text.USB_DeactivateEndpoint
                0x08001d70       0xcc Drivers\STM32F4xx_HAL_Driver\Src\stm32f4xx_ll_usb.o
                0x08001d70                USB_DeactivateEndpoint
 .text.USB_EPStartXfer
                0x08001e3c      0x20c Drivers\STM32F4xx_HAL_Driver\Src\stm32f4xx_ll_usb.o
                0x08001e3c                USB_EPStartXfer
 .text.USB_EP0StartXfer
                0x08002048      0x134 Drivers\STM32F4xx_HAL_Driver\Src\stm32f4xx_ll_usb.o
                0x08002048                USB_EP0StartXfer
 .text.USB_WritePacket
                0x0800217c       0x2c Drivers\STM32F4xx_HAL_Driver\Src\stm32f4xx_ll_usb.o
                0x0800217c                USB_WritePacket
 .text.USB_ReadPacket
                0x080021a8       0x2a Drivers\STM32F4xx_HAL_Driver\Src\stm32f4xx_ll_usb.o
                0x080021a8                USB_ReadPacket
 .text.USB_EPSetStall
                0x080021d2       0x50 Drivers\STM32F4xx_HAL_Driver\Src\stm32f4xx_ll_usb.o
                0x080021d2                USB_EPSetStall
 .text.USB_EPClearStall
                0x08002222       0x5a Drivers\STM32F4xx_HAL_Driver\Src\stm32f4xx_ll_usb.o
                0x08002222                USB_EPClearStall
 .text.USB_SetDevAddress
                0x0800227c       0x20 Drivers\STM32F4xx_HAL_Driver\Src\stm32f4xx_ll_usb.o
                0x0800227c                USB_SetDevAddress
 .text.USB_DevConnect
                0x0800229c       0x18 Drivers\STM32F4xx_HAL_Driver\Src\stm32f4xx_ll_usb.o
                0x0800229c                USB_DevConnect
 .text.USB_DevDisconnect
                0x080022b4       0x18 Drivers\STM32F4xx_HAL_Driver\Src\stm32f4xx_ll_usb.o
                0x080022b4                USB_DevDisconnect
 .text.USB_ReadInterrupts
                0x080022cc        0x8 Drivers\STM32F4xx_HAL_Driver\Src\stm32f4xx_ll_usb.o
                0x080022cc                USB_ReadInterrupts
 .text.USB_ReadDevAllOutEpInterrupt
                0x080022d4       0x10 Drivers\STM32F4xx_HAL_Driver\Src\stm32f4xx_ll_usb.o
                0x080022d4                USB_ReadDevAllOutEpInterrupt
 .text.USB_ReadDevAllInEpInterrupt
                0x080022e4       0x10 Drivers\STM32F4xx_HAL_Driver\Src\stm32f4xx_ll_usb.o
                0x080022e4                USB_ReadDevAllInEpInterrupt
 .text.USB_ReadDevOutEPInterrupt
                0x080022f4       0x14 Drivers\STM32F4xx_HAL_Driver\Src\stm32f4xx_ll_usb.o
                0x080022f4                USB_ReadDevOutEPInterrupt
 .text.USB_ReadDevInEPInterrupt
                0x08002308       0x24 Drivers\STM32F4xx_HAL_Driver\Src\stm32f4xx_ll_usb.o
                0x08002308                USB_ReadDevInEPInterrupt
 .text.USB_GetMode
                0x0800232c        0x8 Drivers\STM32F4xx_HAL_Driver\Src\stm32f4xx_ll_usb.o
                0x0800232c                USB_GetMode
 .text.USB_ActivateSetup
                0x08002334       0x38 Drivers\STM32F4xx_HAL_Driver\Src\stm32f4xx_ll_usb.o
                0x08002334                USB_ActivateSetup
 .text.USB_EP0_OutStart
                0x0800236c       0x46 Drivers\STM32F4xx_HAL_Driver\Src\stm32f4xx_ll_usb.o
                0x0800236c                USB_EP0_OutStart
 *fill*         0x080023b2        0x2 
 .text.USB_CoreReset
                0x080023b4       0x34 Drivers\STM32F4xx_HAL_Driver\Src\stm32f4xx_ll_usb.o
 .text.usbd_rndis_sof
                0x080023e8        0x4 Middlewares\ST\STM32_USB_Device_Library\Class\CDC\Src\usbd_rndis.o
 .text.rndis_iso_in_incomplete
                0x080023ec        0x4 Middlewares\ST\STM32_USB_Device_Library\Class\CDC\Src\usbd_rndis.o
 .text.rndis_iso_out_incomplete
                0x080023f0        0x4 Middlewares\ST\STM32_USB_Device_Library\Class\CDC\Src\usbd_rndis.o
 .text.usbd_rndis_GetDeviceQualifierDesc
                0x080023f4        0xc Middlewares\ST\STM32_USB_Device_Library\Class\CDC\Src\usbd_rndis.o
 .text.usbd_rndis_GetCfgDesc
                0x08002400        0xc Middlewares\ST\STM32_USB_Device_Library\Class\CDC\Src\usbd_rndis.o
 .text.usbd_rndis_setup
                0x0800240c       0x30 Middlewares\ST\STM32_USB_Device_Library\Class\CDC\Src\usbd_rndis.o
 .text.usbd_rndis_deinit
                0x0800243c       0x1e Middlewares\ST\STM32_USB_Device_Library\Class\CDC\Src\usbd_rndis.o
 .text.rndis_initialized_cb
                0x0800245a        0x2 Middlewares\ST\STM32_USB_Device_Library\Class\CDC\Src\usbd_rndis.o
                0x0800245a                rndis_initialized_cb
 .text.rndis_rx_start
                0x0800245c       0x38 Middlewares\ST\STM32_USB_Device_Library\Class\CDC\Src\usbd_rndis.o
                0x0800245c                rndis_rx_start
 .text.usbd_rndis_init
                0x08002494       0x38 Middlewares\ST\STM32_USB_Device_Library\Class\CDC\Src\usbd_rndis.o
 .text.rndis_rx_size
                0x080024cc       0x18 Middlewares\ST\STM32_USB_Device_Library\Class\CDC\Src\usbd_rndis.o
                0x080024cc                rndis_rx_size
 .text.rndis_rx_data
                0x080024e4       0x14 Middlewares\ST\STM32_USB_Device_Library\Class\CDC\Src\usbd_rndis.o
                0x080024e4                rndis_rx_data
 .text.rndis_rx_ready_cb
                0x080024f8        0x2 Middlewares\ST\STM32_USB_Device_Library\Class\CDC\Src\usbd_rndis.o
                0x080024f8                rndis_rx_ready_cb
 *fill*         0x080024fa        0x2 
 .text.rndis_tx_start
                0x080024fc       0xb8 Middlewares\ST\STM32_USB_Device_Library\Class\CDC\Src\usbd_rndis.o
                0x080024fc                rndis_tx_start
 .text.rndis_tx_started
                0x080025b4        0xc Middlewares\ST\STM32_USB_Device_Library\Class\CDC\Src\usbd_rndis.o
                0x080025b4                rndis_tx_started
 .text.rndis_tx_ready_cb
                0x080025c0        0x2 Middlewares\ST\STM32_USB_Device_Library\Class\CDC\Src\usbd_rndis.o
                0x080025c0                rndis_tx_ready_cb
 *fill*         0x080025c2        0x2 
 .text.usbd_rndis_data_in
                0x080025c4       0x74 Middlewares\ST\STM32_USB_Device_Library\Class\CDC\Src\usbd_rndis.o
 .text.handle_packet
                0x08002638       0x78 Middlewares\ST\STM32_USB_Device_Library\Class\CDC\Src\usbd_rndis.o
                0x08002638                handle_packet
 .text.usbd_rndis_data_out
                0x080026b0       0x2c Middlewares\ST\STM32_USB_Device_Library\Class\CDC\Src\usbd_rndis.o
 .text.response_available
                0x080026dc       0x18 Middlewares\ST\STM32_USB_Device_Library\Class\CDC\Src\usbd_rndis.o
                0x080026dc                response_available
 .text.rndis_query_cmplt32
                0x080026f4       0x40 Middlewares\ST\STM32_USB_Device_Library\Class\CDC\Src\usbd_rndis.o
                0x080026f4                rndis_query_cmplt32
 .text.rndis_query_cmplt
                0x08002734       0x44 Middlewares\ST\STM32_USB_Device_Library\Class\CDC\Src\usbd_rndis.o
                0x08002734                rndis_query_cmplt
 .text.rndis_query
                0x08002778      0x274 Middlewares\ST\STM32_USB_Device_Library\Class\CDC\Src\usbd_rndis.o
                0x08002778                rndis_query
 .text.rndis_handle_set_msg
                0x080029ec       0xa0 Middlewares\ST\STM32_USB_Device_Library\Class\CDC\Src\usbd_rndis.o
                0x080029ec                rndis_handle_set_msg
 .text.usbd_rndis_ep0_recv
                0x08002a8c      0x138 Middlewares\ST\STM32_USB_Device_Library\Class\CDC\Src\usbd_rndis.o
 .text.USBD_Init
                0x08002bc4       0x2e Middlewares\ST\STM32_USB_Device_Library\Core\Src\usbd_core.o
                0x08002bc4                USBD_Init
 .text.USBD_RegisterClass
                0x08002bf2        0xe Middlewares\ST\STM32_USB_Device_Library\Core\Src\usbd_core.o
                0x08002bf2                USBD_RegisterClass
 .text.USBD_Start
                0x08002c00        0xa Middlewares\ST\STM32_USB_Device_Library\Core\Src\usbd_core.o
                0x08002c00                USBD_Start
 .text.USBD_SetClassConfig
                0x08002c0a       0x1a Middlewares\ST\STM32_USB_Device_Library\Core\Src\usbd_core.o
                0x08002c0a                USBD_SetClassConfig
 .text.USBD_ClrClassConfig
                0x08002c24        0xe Middlewares\ST\STM32_USB_Device_Library\Core\Src\usbd_core.o
                0x08002c24                USBD_ClrClassConfig
 .text.USBD_LL_SetupStage
                0x08002c32       0x5a Middlewares\ST\STM32_USB_Device_Library\Core\Src\usbd_core.o
                0x08002c32                USBD_LL_SetupStage
 .text.USBD_LL_DataOutStage
                0x08002c8c       0x6a Middlewares\ST\STM32_USB_Device_Library\Core\Src\usbd_core.o
                0x08002c8c                USBD_LL_DataOutStage
 .text.USBD_LL_DataInStage
                0x08002cf6       0xb2 Middlewares\ST\STM32_USB_Device_Library\Core\Src\usbd_core.o
                0x08002cf6                USBD_LL_DataInStage
 .text.USBD_LL_Reset
                0x08002da8       0x3e Middlewares\ST\STM32_USB_Device_Library\Core\Src\usbd_core.o
                0x08002da8                USBD_LL_Reset
 .text.USBD_LL_SetSpeed
                0x08002de6        0x6 Middlewares\ST\STM32_USB_Device_Library\Core\Src\usbd_core.o
                0x08002de6                USBD_LL_SetSpeed
 .text.USBD_LL_Suspend
                0x08002dec       0x12 Middlewares\ST\STM32_USB_Device_Library\Core\Src\usbd_core.o
                0x08002dec                USBD_LL_Suspend
 .text.USBD_LL_Resume
                0x08002dfe        0xc Middlewares\ST\STM32_USB_Device_Library\Core\Src\usbd_core.o
                0x08002dfe                USBD_LL_Resume
 .text.USBD_LL_SOF
                0x08002e0a       0x1c Middlewares\ST\STM32_USB_Device_Library\Core\Src\usbd_core.o
                0x08002e0a                USBD_LL_SOF
 .text.USBD_LL_IsoINIncomplete
                0x08002e26        0x4 Middlewares\ST\STM32_USB_Device_Library\Core\Src\usbd_core.o
                0x08002e26                USBD_LL_IsoINIncomplete
 .text.USBD_LL_IsoOUTIncomplete
                0x08002e2a        0x4 Middlewares\ST\STM32_USB_Device_Library\Core\Src\usbd_core.o
                0x08002e2a                USBD_LL_IsoOUTIncomplete
 .text.USBD_LL_DevConnected
                0x08002e2e        0x4 Middlewares\ST\STM32_USB_Device_Library\Core\Src\usbd_core.o
                0x08002e2e                USBD_LL_DevConnected
 .text.USBD_LL_DevDisconnected
                0x08002e32       0x16 Middlewares\ST\STM32_USB_Device_Library\Core\Src\usbd_core.o
                0x08002e32                USBD_LL_DevDisconnected
 .text.USBD_ParseSetupRequest
                0x08002e48       0x28 Middlewares\ST\STM32_USB_Device_Library\Core\Src\usbd_ctlreq.o
                0x08002e48                USBD_ParseSetupRequest
 .text.USBD_CtlError
                0x08002e70       0x14 Middlewares\ST\STM32_USB_Device_Library\Core\Src\usbd_ctlreq.o
                0x08002e70                USBD_CtlError
 .text.USBD_StdDevReq
                0x08002e84      0x2f0 Middlewares\ST\STM32_USB_Device_Library\Core\Src\usbd_ctlreq.o
                0x08002e84                USBD_StdDevReq
 .text.USBD_StdItfReq
                0x08003174       0x38 Middlewares\ST\STM32_USB_Device_Library\Core\Src\usbd_ctlreq.o
                0x08003174                USBD_StdItfReq
 .text.USBD_StdEPReq
                0x080031ac      0x106 Middlewares\ST\STM32_USB_Device_Library\Core\Src\usbd_ctlreq.o
                0x080031ac                USBD_StdEPReq
 .text.USBD_GetString
                0x080032b2       0x44 Middlewares\ST\STM32_USB_Device_Library\Core\Src\usbd_ctlreq.o
                0x080032b2                USBD_GetString
 .text.USBD_CtlSendData
                0x080032f6       0x1a Middlewares\ST\STM32_USB_Device_Library\Core\Src\usbd_ioreq.o
                0x080032f6                USBD_CtlSendData
 .text.USBD_CtlContinueSendData
                0x08003310       0x10 Middlewares\ST\STM32_USB_Device_Library\Core\Src\usbd_ioreq.o
                0x08003310                USBD_CtlContinueSendData
 .text.USBD_CtlPrepareRx
                0x08003320       0x1e Middlewares\ST\STM32_USB_Device_Library\Core\Src\usbd_ioreq.o
                0x08003320                USBD_CtlPrepareRx
 .text.USBD_CtlContinueRx
                0x0800333e       0x10 Middlewares\ST\STM32_USB_Device_Library\Core\Src\usbd_ioreq.o
                0x0800333e                USBD_CtlContinueRx
 .text.USBD_CtlSendStatus
                0x0800334e       0x16 Middlewares\ST\STM32_USB_Device_Library\Core\Src\usbd_ioreq.o
                0x0800334e                USBD_CtlSendStatus
 .text.USBD_CtlReceiveStatus
                0x08003364       0x16 Middlewares\ST\STM32_USB_Device_Library\Core\Src\usbd_ioreq.o
                0x08003364                USBD_CtlReceiveStatus
 *fill*         0x0800337a        0x2 
 .text.netif_init_cb
                0x0800337c       0x30 Src\communication.o
                0x0800337c                netif_init_cb
 .text.linkoutput_fn
                0x080033ac       0x58 Src\communication.o
                0x080033ac                linkoutput_fn
 .text.output_fn
                0x08003404        0x8 Src\communication.o
                0x08003404                output_fn
 .text.tcp_timer_proc
                0x0800340c        0x8 Src\communication.o
                0x0800340c                tcp_timer_proc
 .text.dns_query_proc
                0x08003414       0x34 Src\communication.o
                0x08003414                dns_query_proc
 .text.usb_polling
                0x08003448       0x50 Src\communication.o
                0x08003448                usb_polling
 .text.init_lwip
                0x08003498       0x84 Src\communication.o
                0x08003498                init_lwip
 .text.init_netif
                0x0800351c       0x14 Src\communication.o
                0x0800351c                init_netif
 .text.init_dnserv
                0x08003530       0x2c Src\communication.o
                0x08003530                init_dnserv
 .text.init_dhserv
                0x0800355c       0x14 Src\communication.o
                0x0800355c                init_dhserv
 .text.MX_GPIO_Init
                0x08003570       0x38 Src\hw_config.o
                0x08003570                MX_GPIO_Init
 .text.init_periph
                0x080035a8       0x24 Src\hw_config.o
                0x080035a8                init_periph
 .text.sys_now  0x080035cc        0x8 Src\hw_config.o
                0x080035cc                sys_now
 .text.main     0x080035d4       0x20 Src\main.o
                0x080035d4                main
 .text.SystemClock_Config
                0x080035f4       0xc8 Src\main.o
                0x080035f4                SystemClock_Config
 .text.HAL_MspInit
                0x080036bc       0x5e Src\stm32f4xx_hal_msp.o
                0x080036bc                HAL_MspInit
 .text.NMI_Handler
                0x0800371a        0x2 Src\stm32f4xx_it.o
                0x0800371a                NMI_Handler
 .text.HardFault_Handler
                0x0800371c        0x2 Src\stm32f4xx_it.o
                0x0800371c                HardFault_Handler
 .text.MemManage_Handler
                0x0800371e        0x2 Src\stm32f4xx_it.o
                0x0800371e                MemManage_Handler
 .text.BusFault_Handler
                0x08003720        0x2 Src\stm32f4xx_it.o
                0x08003720                BusFault_Handler
 .text.UsageFault_Handler
                0x08003722        0x2 Src\stm32f4xx_it.o
                0x08003722                UsageFault_Handler
 .text.SVC_Handler
                0x08003724        0x2 Src\stm32f4xx_it.o
                0x08003724                SVC_Handler
 .text.DebugMon_Handler
                0x08003726        0x2 Src\stm32f4xx_it.o
                0x08003726                DebugMon_Handler
 .text.PendSV_Handler
                0x08003728        0x2 Src\stm32f4xx_it.o
                0x08003728                PendSV_Handler
 .text.SysTick_Handler
                0x0800372a        0xc Src\stm32f4xx_it.o
                0x0800372a                SysTick_Handler
 *fill*         0x08003736        0x2 
 .text.OTG_FS_IRQHandler
                0x08003738       0x10 Src\stm32f4xx_it.o
                0x08003738                OTG_FS_IRQHandler
 .text.SystemInit
                0x08003748       0x4c Src\system_stm32f4xx.o
                0x08003748                SystemInit
 .text.HAL_SYSTICK_Callback
                0x08003794       0x1c Src\time.o
                0x08003794                HAL_SYSTICK_Callback
 .text.utime    0x080037b0       0x4c Src\time.o
                0x080037b0                utime
 .text.mtime    0x080037fc       0x12 Src\time.o
                0x080037fc                mtime
 .text.usleep   0x0800380e       0x2a Src\time.o
                0x0800380e                usleep
 .text.stmr     0x08003838       0x3c Src\time.o
                0x08003838                stmr
 .text.stmr_add
                0x08003874       0x10 Src\time.o
                0x08003874                stmr_add
 .text.USB_DEVICE_Init
                0x08003884       0x2c Src\usb_device.o
                0x08003884                USB_DEVICE_Init
 .text.HAL_PCD_MspInit
                0x080038b0       0x7c Src\usbd_conf.o
                0x080038b0                HAL_PCD_MspInit
 .text.HAL_PCD_SetupStageCallback
                0x0800392c       0x10 Src\usbd_conf.o
                0x0800392c                HAL_PCD_SetupStageCallback
 .text.HAL_PCD_DataOutStageCallback
                0x0800393c       0x18 Src\usbd_conf.o
                0x0800393c                HAL_PCD_DataOutStageCallback
 .text.HAL_PCD_DataInStageCallback
                0x08003954       0x16 Src\usbd_conf.o
                0x08003954                HAL_PCD_DataInStageCallback
 .text.HAL_PCD_SOFCallback
                0x0800396a        0xc Src\usbd_conf.o
                0x0800396a                HAL_PCD_SOFCallback
 .text.HAL_PCD_ResetCallback
                0x08003976       0x1e Src\usbd_conf.o
                0x08003976                HAL_PCD_ResetCallback
 .text.HAL_PCD_SuspendCallback
                0x08003994       0x30 Src\usbd_conf.o
                0x08003994                HAL_PCD_SuspendCallback
 .text.HAL_PCD_ResumeCallback
                0x080039c4        0xc Src\usbd_conf.o
                0x080039c4                HAL_PCD_ResumeCallback
 .text.HAL_PCD_ISOOUTIncompleteCallback
                0x080039d0        0xc Src\usbd_conf.o
                0x080039d0                HAL_PCD_ISOOUTIncompleteCallback
 .text.HAL_PCD_ISOINIncompleteCallback
                0x080039dc        0xc Src\usbd_conf.o
                0x080039dc                HAL_PCD_ISOINIncompleteCallback
 .text.HAL_PCD_ConnectCallback
                0x080039e8        0xc Src\usbd_conf.o
                0x080039e8                HAL_PCD_ConnectCallback
 .text.HAL_PCD_DisconnectCallback
                0x080039f4        0xc Src\usbd_conf.o
                0x080039f4                HAL_PCD_DisconnectCallback
 .text.USBD_LL_Init
                0x08003a00       0x60 Src\usbd_conf.o
                0x08003a00                USBD_LL_Init
 .text.USBD_LL_Start
                0x08003a60       0x1a Src\usbd_conf.o
                0x08003a60                USBD_LL_Start
 .text.USBD_LL_OpenEP
                0x08003a7a       0x20 Src\usbd_conf.o
                0x08003a7a                USBD_LL_OpenEP
 .text.USBD_LL_CloseEP
                0x08003a9a       0x1a Src\usbd_conf.o
                0x08003a9a                USBD_LL_CloseEP
 .text.USBD_LL_StallEP
                0x08003ab4       0x1a Src\usbd_conf.o
                0x08003ab4                USBD_LL_StallEP
 .text.USBD_LL_ClearStallEP
                0x08003ace       0x1a Src\usbd_conf.o
                0x08003ace                USBD_LL_ClearStallEP
 .text.USBD_LL_IsStallEP
                0x08003ae8       0x2e Src\usbd_conf.o
                0x08003ae8                USBD_LL_IsStallEP
 .text.USBD_LL_SetUSBAddress
                0x08003b16       0x1a Src\usbd_conf.o
                0x08003b16                USBD_LL_SetUSBAddress
 .text.USBD_LL_Transmit
                0x08003b30       0x1a Src\usbd_conf.o
                0x08003b30                USBD_LL_Transmit
 .text.USBD_LL_PrepareReceive
                0x08003b4a       0x1a Src\usbd_conf.o
                0x08003b4a                USBD_LL_PrepareReceive
 .text.USBD_FS_DeviceDescriptor
                0x08003b64        0xc Src\usbd_desc.o
                0x08003b64                USBD_FS_DeviceDescriptor
 .text.USBD_FS_LangIDStrDescriptor
                0x08003b70        0xc Src\usbd_desc.o
                0x08003b70                USBD_FS_LangIDStrDescriptor
 .text.USBD_FS_ProductStrDescriptor
                0x08003b7c       0x18 Src\usbd_desc.o
                0x08003b7c                USBD_FS_ProductStrDescriptor
 .text.USBD_FS_ManufacturerStrDescriptor
                0x08003b94       0x1c Src\usbd_desc.o
                0x08003b94                USBD_FS_ManufacturerStrDescriptor
 .text.USBD_FS_SerialStrDescriptor
                0x08003bb0       0x18 Src\usbd_desc.o
                0x08003bb0                USBD_FS_SerialStrDescriptor
 .text.USBD_FS_ConfigStrDescriptor
                0x08003bc8       0x18 Src\usbd_desc.o
                0x08003bc8                USBD_FS_ConfigStrDescriptor
 .text.USBD_FS_InterfaceStrDescriptor
                0x08003be0       0x18 Src\usbd_desc.o
                0x08003be0                USBD_FS_InterfaceStrDescriptor
 .text.entry_by_mac
                0x08003bf8       0x44 lrndis\dhcp-server\dhserver.o
 .text.find_dhcp_option
                0x08003c3c       0x2e lrndis\dhcp-server\dhserver.o
                0x08003c3c                find_dhcp_option
 .text.fill_options
                0x08003c6a       0x9e lrndis\dhcp-server\dhserver.o
                0x08003c6a                fill_options
 .text.udp_recv_proc
                0x08003d08      0x23c lrndis\dhcp-server\dhserver.o
 .text.dhserv_free
                0x08003f44       0x18 lrndis\dhcp-server\dhserver.o
                0x08003f44                dhserv_free
 .text.dhserv_init
                0x08003f5c       0x54 lrndis\dhcp-server\dhserver.o
                0x08003f5c                dhserv_init
 .text.udp_recv_proc
                0x08003fb0      0x164 lrndis\dns-server\dnserver.o
 .text.dnserv_free
                0x08004114       0x18 lrndis\dns-server\dnserver.o
                0x08004114                dnserv_free
 .text.dnserv_init
                0x0800412c       0x54 lrndis\dns-server\dnserver.o
                0x0800412c                dnserv_init
 .text.lwip_htons
                0x08004180        0xa lrndis\lwip-1.4.1\src\core\def.o
                0x08004180                lwip_htons
 .text.lwip_ntohs
                0x0800418a        0xa lrndis\lwip-1.4.1\src\core\def.o
                0x0800418a                lwip_ntohs
 .text.lwip_htonl
                0x08004194       0x18 lrndis\lwip-1.4.1\src\core\def.o
                0x08004194                lwip_htonl
 .text.lwip_ntohl
                0x080041ac        0x8 lrndis\lwip-1.4.1\src\core\def.o
                0x080041ac                lwip_ntohl
 .text.lwip_init
                0x080041b4       0x20 lrndis\lwip-1.4.1\src\core\init.o
                0x080041b4                lwip_init
 .text.icmp_send_response
                0x080041d4       0xac lrndis\lwip-1.4.1\src\core\ipv4\icmp.o
 .text.icmp_input
                0x08004280      0x1a0 lrndis\lwip-1.4.1\src\core\ipv4\icmp.o
                0x08004280                icmp_input
 .text.icmp_dest_unreach
                0x08004420        0xc lrndis\lwip-1.4.1\src\core\ipv4\icmp.o
                0x08004420                icmp_dest_unreach
 .text.icmp_time_exceeded
                0x0800442c        0xc lrndis\lwip-1.4.1\src\core\ipv4\icmp.o
                0x0800442c                icmp_time_exceeded
 .text.lwip_standard_chksum
                0x08004438       0x78 lrndis\lwip-1.4.1\src\core\ipv4\inet_chksum.o
 .text.inet_chksum_pseudo
                0x080044b0       0x92 lrndis\lwip-1.4.1\src\core\ipv4\inet_chksum.o
                0x080044b0                inet_chksum_pseudo
 .text.inet_chksum
                0x08004542        0xc lrndis\lwip-1.4.1\src\core\ipv4\inet_chksum.o
                0x08004542                inet_chksum
 .text.inet_chksum_pbuf
                0x0800454e       0x50 lrndis\lwip-1.4.1\src\core\ipv4\inet_chksum.o
                0x0800454e                inet_chksum_pbuf
 *fill*         0x0800459e        0x2 
 .text.ip_route
                0x080045a0       0x54 lrndis\lwip-1.4.1\src\core\ipv4\ip.o
                0x080045a0                ip_route
 .text.ip_input
                0x080045f4      0x238 lrndis\lwip-1.4.1\src\core\ipv4\ip.o
                0x080045f4                ip_input
 .text.ip_output_if
                0x0800482c      0x104 lrndis\lwip-1.4.1\src\core\ipv4\ip.o
                0x0800482c                ip_output_if
 .text.ip_output
                0x08004930       0x48 lrndis\lwip-1.4.1\src\core\ipv4\ip.o
                0x08004930                ip_output
 .text.ip4_addr_isbroadcast
                0x08004978       0x3e lrndis\lwip-1.4.1\src\core\ipv4\ip_addr.o
                0x08004978                ip4_addr_isbroadcast
 *fill*         0x080049b6        0x2 
 .text.ip_reass_free_complete_datagram
                0x080049b8       0x9c lrndis\lwip-1.4.1\src\core\ipv4\ip_frag.o
 .text.ip_reass_remove_oldest_datagram
                0x08004a54       0x70 lrndis\lwip-1.4.1\src\core\ipv4\ip_frag.o
 .text.ipfrag_free_pbuf_custom
                0x08004ac4       0x16 lrndis\lwip-1.4.1\src\core\ipv4\ip_frag.o
 *fill*         0x08004ada        0x2 
 .text.ip_reass_tmr
                0x08004adc       0x30 lrndis\lwip-1.4.1\src\core\ipv4\ip_frag.o
                0x08004adc                ip_reass_tmr
 .text.ip_reass
                0x08004b0c      0x370 lrndis\lwip-1.4.1\src\core\ipv4\ip_frag.o
                0x08004b0c                ip_reass
 .text.ip_frag  0x08004e7c      0x1bc lrndis\lwip-1.4.1\src\core\ipv4\ip_frag.o
                0x08004e7c                ip_frag
 .text.mem_init
                0x08005038       0x44 lrndis\lwip-1.4.1\src\core\mem.o
                0x08005038                mem_init
 .text.mem_free
                0x0800507c       0xb8 lrndis\lwip-1.4.1\src\core\mem.o
                0x0800507c                mem_free
 .text.mem_trim
                0x08005134      0x10c lrndis\lwip-1.4.1\src\core\mem.o
                0x08005134                mem_trim
 .text.mem_malloc
                0x08005240      0x13c lrndis\lwip-1.4.1\src\core\mem.o
                0x08005240                mem_malloc
 .text.memp_init
                0x0800537c       0xa0 lrndis\lwip-1.4.1\src\core\memp.o
                0x0800537c                memp_init
 .text.memp_malloc
                0x0800541c       0x6c lrndis\lwip-1.4.1\src\core\memp.o
                0x0800541c                memp_malloc
 .text.memp_free
                0x08005488       0x34 lrndis\lwip-1.4.1\src\core\memp.o
                0x08005488                memp_free
 .text.netif_init
                0x080054bc        0x2 lrndis\lwip-1.4.1\src\core\netif.o
                0x080054bc                netif_init
 *fill*         0x080054be        0x2 
 .text.netif_set_ipaddr
                0x080054c0       0x64 lrndis\lwip-1.4.1\src\core\netif.o
                0x080054c0                netif_set_ipaddr
 .text.netif_set_addr
                0x08005524       0x22 lrndis\lwip-1.4.1\src\core\netif.o
                0x08005524                netif_set_addr
 *fill*         0x08005546        0x2 
 .text.netif_add
                0x08005548       0x48 lrndis\lwip-1.4.1\src\core\netif.o
                0x08005548                netif_add
 .text.netif_set_default
                0x08005590        0xc lrndis\lwip-1.4.1\src\core\netif.o
                0x08005590                netif_set_default
 .text.pbuf_alloced_custom
                0x0800559c       0x5e lrndis\lwip-1.4.1\src\core\pbuf.o
                0x0800559c                pbuf_alloced_custom
 .text.pbuf_header
                0x080055fa       0x7c lrndis\lwip-1.4.1\src\core\pbuf.o
                0x080055fa                pbuf_header
 .text.pbuf_free
                0x08005676       0x5c lrndis\lwip-1.4.1\src\core\pbuf.o
                0x08005676                pbuf_free
 *fill*         0x080056d2        0x2 
 .text.pbuf_alloc
                0x080056d4      0x130 lrndis\lwip-1.4.1\src\core\pbuf.o
                0x080056d4                pbuf_alloc
 .text.pbuf_realloc
                0x08005804       0x56 lrndis\lwip-1.4.1\src\core\pbuf.o
                0x08005804                pbuf_realloc
 .text.pbuf_clen
                0x0800585a       0x16 lrndis\lwip-1.4.1\src\core\pbuf.o
                0x0800585a                pbuf_clen
 .text.pbuf_ref
                0x08005870        0xa lrndis\lwip-1.4.1\src\core\pbuf.o
                0x08005870                pbuf_ref
 .text.pbuf_cat
                0x0800587a       0x32 lrndis\lwip-1.4.1\src\core\pbuf.o
                0x0800587a                pbuf_cat
 .text.pbuf_chain
                0x080058ac       0x10 lrndis\lwip-1.4.1\src\core\pbuf.o
                0x080058ac                pbuf_chain
 .text.pbuf_copy
                0x080058bc       0xe0 lrndis\lwip-1.4.1\src\core\pbuf.o
                0x080058bc                pbuf_copy
 .text.pbuf_copy_partial
                0x0800599c       0x66 lrndis\lwip-1.4.1\src\core\pbuf.o
                0x0800599c                pbuf_copy_partial
 *fill*         0x08005a02        0x2 
 .text.raw_input
                0x08005a04       0x78 lrndis\lwip-1.4.1\src\core\raw.o
                0x08005a04                raw_input
 .text.stats_init
                0x08005a7c        0x2 lrndis\lwip-1.4.1\src\core\stats.o
                0x08005a7c                stats_init
 .text.tcp_init
                0x08005a7e        0x2 lrndis\lwip-1.4.1\src\core\tcp.o
                0x08005a7e                tcp_init
 .text.tcp_update_rcv_ann_wnd
                0x08005a80       0x3c lrndis\lwip-1.4.1\src\core\tcp.o
                0x08005a80                tcp_update_rcv_ann_wnd
 .text.tcp_recved
                0x08005abc       0x38 lrndis\lwip-1.4.1\src\core\tcp.o
                0x08005abc                tcp_recved
 .text.tcp_seg_free
                0x08005af4       0x1a lrndis\lwip-1.4.1\src\core\tcp.o
                0x08005af4                tcp_seg_free
 .text.tcp_segs_free
                0x08005b0e       0x18 lrndis\lwip-1.4.1\src\core\tcp.o
                0x08005b0e                tcp_segs_free
 .text.tcp_seg_copy
                0x08005b26       0x28 lrndis\lwip-1.4.1\src\core\tcp.o
                0x08005b26                tcp_seg_copy
 .text.tcp_pcb_purge
                0x08005b4e       0x40 lrndis\lwip-1.4.1\src\core\tcp.o
                0x08005b4e                tcp_pcb_purge
 *fill*         0x08005b8e        0x2 
 .text.tcp_slowtmr
                0x08005b90      0x35c lrndis\lwip-1.4.1\src\core\tcp.o
                0x08005b90                tcp_slowtmr
 .text.tcp_pcb_remove
                0x08005eec       0x70 lrndis\lwip-1.4.1\src\core\tcp.o
                0x08005eec                tcp_pcb_remove
 .text.tcp_close_shutdown
                0x08005f5c      0x198 lrndis\lwip-1.4.1\src\core\tcp.o
 .text.tcp_close
                0x080060f4       0x18 lrndis\lwip-1.4.1\src\core\tcp.o
                0x080060f4                tcp_close
 .text.tcp_recv_null
                0x0800610c       0x24 lrndis\lwip-1.4.1\src\core\tcp.o
                0x0800610c                tcp_recv_null
 .text.tcp_process_refused_data
                0x08006130       0x6a lrndis\lwip-1.4.1\src\core\tcp.o
                0x08006130                tcp_process_refused_data
 *fill*         0x0800619a        0x2 
 .text.tcp_fasttmr
                0x0800619c       0x74 lrndis\lwip-1.4.1\src\core\tcp.o
                0x0800619c                tcp_fasttmr
 .text.tcp_tmr  0x08006210       0x24 lrndis\lwip-1.4.1\src\core\tcp.o
                0x08006210                tcp_tmr
 .text.tcp_abandon
                0x08006234       0x94 lrndis\lwip-1.4.1\src\core\tcp.o
                0x08006234                tcp_abandon
 .text.tcp_abort
                0x080062c8        0xa lrndis\lwip-1.4.1\src\core\tcp.o
                0x080062c8                tcp_abort
 *fill*         0x080062d2        0x2 
 .text.tcp_next_iss
                0x080062d4       0x18 lrndis\lwip-1.4.1\src\core\tcp.o
                0x080062d4                tcp_next_iss
 .text.tcp_alloc
                0x080062ec      0x134 lrndis\lwip-1.4.1\src\core\tcp.o
                0x080062ec                tcp_alloc
 .text.tcp_eff_send_mss
                0x08006420       0x24 lrndis\lwip-1.4.1\src\core\tcp.o
                0x08006420                tcp_eff_send_mss
 .text.tcp_parseopt
                0x08006444       0x94 lrndis\lwip-1.4.1\src\core\tcp_in.o
 .text.tcp_oos_insert_segment
                0x080064d8       0xbc lrndis\lwip-1.4.1\src\core\tcp_in.o
 .text.tcp_receive
                0x08006594      0x890 lrndis\lwip-1.4.1\src\core\tcp_in.o
 .text.tcp_input
                0x08006e24      0xa08 lrndis\lwip-1.4.1\src\core\tcp_in.o
                0x08006e24                tcp_input
 .text.tcp_create_segment
                0x0800782c       0xb4 lrndis\lwip-1.4.1\src\core\tcp_out.o
 .text.tcp_output_alloc_header
                0x080078e0       0x6e lrndis\lwip-1.4.1\src\core\tcp_out.o
 *fill*         0x0800794e        0x2 
 .text.tcp_enqueue_flags
                0x08007950      0x100 lrndis\lwip-1.4.1\src\core\tcp_out.o
                0x08007950                tcp_enqueue_flags
 .text.tcp_send_fin
                0x08007a50       0x44 lrndis\lwip-1.4.1\src\core\tcp_out.o
                0x08007a50                tcp_send_fin
 .text.tcp_send_empty_ack
                0x08007a94       0x5e lrndis\lwip-1.4.1\src\core\tcp_out.o
                0x08007a94                tcp_send_empty_ack
 *fill*         0x08007af2        0x2 
 .text.tcp_output
                0x08007af4      0x2b0 lrndis\lwip-1.4.1\src\core\tcp_out.o
                0x08007af4                tcp_output
 .text.tcp_rst  0x08007da4       0xa4 lrndis\lwip-1.4.1\src\core\tcp_out.o
                0x08007da4                tcp_rst
 .text.tcp_rexmit_rto
                0x08007e48       0x30 lrndis\lwip-1.4.1\src\core\tcp_out.o
                0x08007e48                tcp_rexmit_rto
 .text.tcp_rexmit
                0x08007e78       0x54 lrndis\lwip-1.4.1\src\core\tcp_out.o
                0x08007e78                tcp_rexmit
 .text.tcp_rexmit_fast
                0x08007ecc       0x58 lrndis\lwip-1.4.1\src\core\tcp_out.o
                0x08007ecc                tcp_rexmit_fast
 .text.tcp_keepalive
                0x08007f24       0x60 lrndis\lwip-1.4.1\src\core\tcp_out.o
                0x08007f24                tcp_keepalive
 .text.tcp_zero_window_probe
                0x08007f84       0xb8 lrndis\lwip-1.4.1\src\core\tcp_out.o
                0x08007f84                tcp_zero_window_probe
 .text.sys_timeout
                0x0800803c       0x7c lrndis\lwip-1.4.1\src\core\timers.o
                0x0800803c                sys_timeout
 .text.tcp_timer_needed
                0x080080b8       0x3c lrndis\lwip-1.4.1\src\core\timers.o
                0x080080b8                tcp_timer_needed
 .text.tcpip_tcp_timer
                0x080080f4       0x38 lrndis\lwip-1.4.1\src\core\timers.o
 .text.sys_timeouts_init
                0x0800812c       0x30 lrndis\lwip-1.4.1\src\core\timers.o
                0x0800812c                sys_timeouts_init
 .text.arp_timer
                0x0800815c       0x18 lrndis\lwip-1.4.1\src\core\timers.o
 .text.ip_reass_timer
                0x08008174       0x18 lrndis\lwip-1.4.1\src\core\timers.o
 .text.udp_init
                0x0800818c        0x2 lrndis\lwip-1.4.1\src\core\udp.o
                0x0800818c                udp_init
 *fill*         0x0800818e        0x2 
 .text.udp_input
                0x08008190      0x20c lrndis\lwip-1.4.1\src\core\udp.o
                0x08008190                udp_input
 .text.udp_bind
                0x0800839c       0xdc lrndis\lwip-1.4.1\src\core\udp.o
                0x0800839c                udp_bind
 .text.udp_sendto_if
                0x08008478      0x100 lrndis\lwip-1.4.1\src\core\udp.o
                0x08008478                udp_sendto_if
 .text.udp_sendto
                0x08008578       0x3c lrndis\lwip-1.4.1\src\core\udp.o
                0x08008578                udp_sendto
 .text.udp_recv
                0x080085b4        0x6 lrndis\lwip-1.4.1\src\core\udp.o
                0x080085b4                udp_recv
 *fill*         0x080085ba        0x2 
 .text.udp_remove
                0x080085bc       0x38 lrndis\lwip-1.4.1\src\core\udp.o
                0x080085bc                udp_remove
 .text.udp_new  0x080085f4       0x1c lrndis\lwip-1.4.1\src\core\udp.o
                0x080085f4                udp_new
 .text.etharp_free_entry
                0x08008610       0x34 lrndis\lwip-1.4.1\src\netif\etharp.o
 .text.etharp_find_entry
                0x08008644      0x108 lrndis\lwip-1.4.1\src\netif\etharp.o
 .text.etharp_send_ip
                0x0800874c       0x24 lrndis\lwip-1.4.1\src\netif\etharp.o
 .text.etharp_update_arp_entry
                0x08008770       0xb4 lrndis\lwip-1.4.1\src\netif\etharp.o
 .text.etharp_tmr
                0x08008824       0x44 lrndis\lwip-1.4.1\src\netif\etharp.o
                0x08008824                etharp_tmr
 .text.etharp_request
                0x08008868       0xb0 lrndis\lwip-1.4.1\src\netif\etharp.o
                0x08008868                etharp_request
 .text.etharp_output_to_arp_index
                0x08008918       0x68 lrndis\lwip-1.4.1\src\netif\etharp.o
 .text.etharp_query
                0x08008980      0x158 lrndis\lwip-1.4.1\src\netif\etharp.o
                0x08008980                etharp_query
 .text.etharp_output
                0x08008ad8      0x124 lrndis\lwip-1.4.1\src\netif\etharp.o
                0x08008ad8                etharp_output
 .text.ethernet_input
                0x08008bfc      0x1d8 lrndis\lwip-1.4.1\src\netif\etharp.o
                0x08008bfc                ethernet_input
 .text.Reset_Handler
                0x08008dd4       0x50 startup\startup_stm32f411xe.o
                0x08008dd4                Reset_Handler
 .text.Default_Handler
                0x08008e24        0x2 startup\startup_stm32f411xe.o
                0x08008e24                RTC_Alarm_IRQHandler
                0x08008e24                EXTI2_IRQHandler
                0x08008e24                SPI4_IRQHandler
                0x08008e24                TIM1_CC_IRQHandler
                0x08008e24                DMA2_Stream5_IRQHandler
                0x08008e24                DMA1_Stream5_IRQHandler
                0x08008e24                PVD_IRQHandler
                0x08008e24                SDIO_IRQHandler
                0x08008e24                TAMP_STAMP_IRQHandler
                0x08008e24                EXTI3_IRQHandler
                0x08008e24                TIM1_UP_TIM10_IRQHandler
                0x08008e24                I2C3_ER_IRQHandler
                0x08008e24                EXTI0_IRQHandler
                0x08008e24                I2C2_EV_IRQHandler
                0x08008e24                DMA1_Stream2_IRQHandler
                0x08008e24                FPU_IRQHandler
                0x08008e24                DMA2_Stream2_IRQHandler
                0x08008e24                SPI1_IRQHandler
                0x08008e24                TIM1_BRK_TIM9_IRQHandler
                0x08008e24                DMA2_Stream3_IRQHandler
                0x08008e24                USART6_IRQHandler
                0x08008e24                DMA2_Stream0_IRQHandler
                0x08008e24                TIM4_IRQHandler
                0x08008e24                I2C1_EV_IRQHandler
                0x08008e24                DMA1_Stream6_IRQHandler
                0x08008e24                DMA1_Stream1_IRQHandler
                0x08008e24                TIM3_IRQHandler
                0x08008e24                RCC_IRQHandler
                0x08008e24                Default_Handler
                0x08008e24                EXTI15_10_IRQHandler
                0x08008e24                ADC_IRQHandler
                0x08008e24                DMA1_Stream7_IRQHandler
                0x08008e24                SPI5_IRQHandler
                0x08008e24                TIM5_IRQHandler
                0x08008e24                DMA2_Stream7_IRQHandler
                0x08008e24                I2C3_EV_IRQHandler
                0x08008e24                EXTI9_5_IRQHandler
                0x08008e24                RTC_WKUP_IRQHandler
                0x08008e24                SPI2_IRQHandler
                0x08008e24                DMA1_Stream0_IRQHandler
                0x08008e24                EXTI4_IRQHandler
                0x08008e24                WWDG_IRQHandler
                0x08008e24                TIM2_IRQHandler
                0x08008e24                OTG_FS_WKUP_IRQHandler
                0x08008e24                TIM1_TRG_COM_TIM11_IRQHandler
                0x08008e24                EXTI1_IRQHandler
                0x08008e24                USART2_IRQHandler
                0x08008e24                I2C2_ER_IRQHandler
                0x08008e24                DMA2_Stream1_IRQHandler
                0x08008e24                FLASH_IRQHandler
                0x08008e24                DMA2_Stream4_IRQHandler
                0x08008e24                USART1_IRQHandler
                0x08008e24                SPI3_IRQHandler
                0x08008e24                DMA1_Stream4_IRQHandler
                0x08008e24                I2C1_ER_IRQHandler
                0x08008e24                DMA2_Stream6_IRQHandler
                0x08008e24                DMA1_Stream3_IRQHandler
 *fill*         0x08008e26        0x2 
 .text.__libc_init_array
                0x08008e28       0x48 c:/program files (x86)/atollic/truestudio for stm32 9.0.0/armtools/bin/../lib/gcc/arm-atollic-eabi/6.3.1/../../../../arm-atollic-eabi/lib/armv7e-m/fpu\libc_nano.a(lib_a-init.o)
                0x08008e28                __libc_init_array
 .text.memcmp   0x08008e70       0x1e c:/program files (x86)/atollic/truestudio for stm32 9.0.0/armtools/bin/../lib/gcc/arm-atollic-eabi/6.3.1/../../../../arm-atollic-eabi/lib/armv7e-m/fpu\libc_nano.a(lib_a-memcmp.o)
                0x08008e70                memcmp
 .text.memcpy   0x08008e8e       0x16 c:/program files (x86)/atollic/truestudio for stm32 9.0.0/armtools/bin/../lib/gcc/arm-atollic-eabi/6.3.1/../../../../arm-atollic-eabi/lib/armv7e-m/fpu\libc_nano.a(lib_a-memcpy-stub.o)
                0x08008e8e                memcpy
 .text.memset   0x08008ea4       0x10 c:/program files (x86)/atollic/truestudio for stm32 9.0.0/armtools/bin/../lib/gcc/arm-atollic-eabi/6.3.1/../../../../arm-atollic-eabi/lib/armv7e-m/fpu\libc_nano.a(lib_a-memset.o)
                0x08008ea4                memset
 *(.glue_7)
 .glue_7        0x08008eb4        0x0 linker stubs
 *(.glue_7t)
 .glue_7t       0x08008eb4        0x0 linker stubs
 *(.eh_frame)
 .eh_frame      0x08008eb4        0x0 c:/program files (x86)/atollic/truestudio for stm32 9.0.0/armtools/bin/../lib/gcc/arm-atollic-eabi/6.3.1/armv7e-m/fpu/crtbegin.o
 *(.init)
 .init          0x08008eb4        0x4 c:/program files (x86)/atollic/truestudio for stm32 9.0.0/armtools/bin/../lib/gcc/arm-atollic-eabi/6.3.1/armv7e-m/fpu/crti.o
                0x08008eb4                _init
 .init          0x08008eb8        0x8 c:/program files (x86)/atollic/truestudio for stm32 9.0.0/armtools/bin/../lib/gcc/arm-atollic-eabi/6.3.1/armv7e-m/fpu/crtn.o
 *(.fini)
 .fini          0x08008ec0        0x4 c:/program files (x86)/atollic/truestudio for stm32 9.0.0/armtools/bin/../lib/gcc/arm-atollic-eabi/6.3.1/armv7e-m/fpu/crti.o
                0x08008ec0                _fini
 .fini          0x08008ec4        0x8 c:/program files (x86)/atollic/truestudio for stm32 9.0.0/armtools/bin/../lib/gcc/arm-atollic-eabi/6.3.1/armv7e-m/fpu/crtn.o
                0x08008ecc                . = ALIGN (0x4)
                0x08008ecc                _etext = .

.vfp11_veneer   0x08008ecc        0x0
 .vfp11_veneer  0x08008ecc        0x0 linker stubs

.v4_bx          0x08008ecc        0x0
 .v4_bx         0x08008ecc        0x0 linker stubs

.iplt           0x08008ecc        0x0
 .iplt          0x08008ecc        0x0 c:/program files (x86)/atollic/truestudio for stm32 9.0.0/armtools/bin/../lib/gcc/arm-atollic-eabi/6.3.1/armv7e-m/fpu/crtbegin.o

.rodata         0x08008ecc      0x168
                0x08008ecc                . = ALIGN (0x4)
 *(.rodata)
 .rodata        0x08008ecc        0x9 Middlewares\ST\STM32_USB_Device_Library\Class\CDC\Src\usbd_rndis.o
 *fill*         0x08008ed5        0x3 
 .rodata        0x08008ed8        0x4 Src\communication.o
 .rodata        0x08008edc        0x6 lrndis\dhcp-server\dhserver.o
 *(.rodata*)
 *fill*         0x08008ee2        0x2 
 .rodata.OIDSupportedList
                0x08008ee4       0x58 Middlewares\ST\STM32_USB_Device_Library\Class\CDC\Src\usbd_rndis.o
                0x08008ee4                OIDSupportedList
 .rodata.rndis_query.str1.4
                0x08008f3c        0x8 Middlewares\ST\STM32_USB_Device_Library\Class\CDC\Src\usbd_rndis.o
 .rodata.dns_query_proc.str1.4
                0x08008f44        0xc Src\communication.o
                                 0x14 (size before relaxing)
 .rodata.ipaddr
                0x08008f50        0x4 Src\communication.o
                0x08008f50                ipaddr
 .rodata.str1.4
                0x08008f54       0x25 Src\communication.o
                                 0x2c (size before relaxing)
 *fill*         0x08008f79        0x3 
 .rodata.AHBPrescTable
                0x08008f7c       0x10 Src\system_stm32f4xx.o
                0x08008f7c                AHBPrescTable
 .rodata.USBD_FS_ConfigStrDescriptor.str1.4
                0x08008f8c        0xd Src\usbd_desc.o
 *fill*         0x08008f99        0x3 
 .rodata.USBD_FS_InterfaceStrDescriptor.str1.4
                0x08008f9c       0x10 Src\usbd_desc.o
 .rodata.USBD_FS_ManufacturerStrDescriptor.str1.4
                0x08008fac        0xf Src\usbd_desc.o
 *fill*         0x08008fbb        0x1 
 .rodata.USBD_FS_ProductStrDescriptor.str1.4
                0x08008fbc        0xe Src\usbd_desc.o
 *fill*         0x08008fca        0x2 
 .rodata.USBD_FS_SerialStrDescriptor.str1.4
                0x08008fcc       0x10 Src\usbd_desc.o
                                  0xd (size before relaxing)
 .rodata.ip_addr_any
                0x08008fdc        0x4 lrndis\lwip-1.4.1\src\core\ipv4\ip_addr.o
                0x08008fdc                ip_addr_any
 .rodata.ip_addr_broadcast
                0x08008fe0        0x4 lrndis\lwip-1.4.1\src\core\ipv4\ip_addr.o
                0x08008fe0                ip_addr_broadcast
 .rodata.memp_num
                0x08008fe4       0x14 lrndis\lwip-1.4.1\src\core\memp.o
 .rodata.memp_sizes
                0x08008ff8       0x14 lrndis\lwip-1.4.1\src\core\memp.o
 .rodata.tcp_backoff
                0x0800900c        0xd lrndis\lwip-1.4.1\src\core\tcp.o
                0x0800900c                tcp_backoff
 *fill*         0x08009019        0x3 
 .rodata.tcp_persist_backoff
                0x0800901c        0x7 lrndis\lwip-1.4.1\src\core\tcp.o
                0x0800901c                tcp_persist_backoff
 *fill*         0x08009023        0x1 
 .rodata.ethbroadcast
                0x08009024        0x6 lrndis\lwip-1.4.1\src\netif\etharp.o
                0x08009024                ethbroadcast
 *fill*         0x0800902a        0x2 
 .rodata.ethzero
                0x0800902c        0x6 lrndis\lwip-1.4.1\src\netif\etharp.o
                0x0800902c                ethzero
                0x08009034                . = ALIGN (0x4)
 *fill*         0x08009032        0x2 

.ARM.extab
 *(.ARM.extab* .gnu.linkonce.armextab.*)

.ARM            0x08009034        0x8
                0x08009034                __exidx_start = .
 *(.ARM.exidx*)
 .ARM.exidx     0x08009034        0x8 c:/program files (x86)/atollic/truestudio for stm32 9.0.0/armtools/bin/../lib/gcc/arm-atollic-eabi/6.3.1/armv7e-m/fpu\libgcc.a(_udivmoddi4.o)
                0x0800903c                __exidx_end = .

.rel.dyn        0x0800903c        0x0
 .rel.iplt      0x0800903c        0x0 c:/program files (x86)/atollic/truestudio for stm32 9.0.0/armtools/bin/../lib/gcc/arm-atollic-eabi/6.3.1/armv7e-m/fpu/crtbegin.o

.preinit_array  0x0800903c        0x0
                0x0800903c                PROVIDE (__preinit_array_start, .)
 *(.preinit_array*)
                0x0800903c                PROVIDE (__preinit_array_end, .)

.init_array     0x0800903c        0x4
                0x0800903c                PROVIDE (__init_array_start, .)
 *(SORT(.init_array.*))
 *(.init_array*)
 .init_array    0x0800903c        0x4 c:/program files (x86)/atollic/truestudio for stm32 9.0.0/armtools/bin/../lib/gcc/arm-atollic-eabi/6.3.1/armv7e-m/fpu/crtbegin.o
                0x08009040                PROVIDE (__init_array_end, .)

.fini_array     0x08009040        0x4
                [!provide]                PROVIDE (__fini_array_start, .)
 *(SORT(.fini_array.*))
 *(.fini_array*)
 .fini_array    0x08009040        0x4 c:/program files (x86)/atollic/truestudio for stm32 9.0.0/armtools/bin/../lib/gcc/arm-atollic-eabi/6.3.1/armv7e-m/fpu/crtbegin.o
                [!provide]                PROVIDE (__fini_array_end, .)
                0x08009044                _sidata = LOADADDR (.data)

.data           0x20000000      0x150 load address 0x08009044
                0x20000000                . = ALIGN (0x4)
                0x20000000                _sdata = .
 *(.data)
 *(.data*)
 .data.uwTickFreq
                0x20000000        0x1 Drivers\STM32F4xx_HAL_Driver\Src\stm32f4xx_hal.o
                0x20000000                uwTickFreq
 *fill*         0x20000001        0x3 
 .data.uwTickPrio
                0x20000004        0x4 Drivers\STM32F4xx_HAL_Driver\Src\stm32f4xx_hal.o
                0x20000004                uwTickPrio
 .data.USBD_DeviceQualifierDesc
                0x20000008        0xa Middlewares\ST\STM32_USB_Device_Library\Class\CDC\Src\usbd_rndis.o
                0x20000008                USBD_DeviceQualifierDesc
 *fill*         0x20000012        0x2 
 .data.permanent_hwaddr
                0x20000014        0x6 Middlewares\ST\STM32_USB_Device_Library\Class\CDC\Src\usbd_rndis.o
                0x20000014                permanent_hwaddr
 *fill*         0x2000001a        0x2 
 .data.station_hwaddr
                0x2000001c        0x6 Middlewares\ST\STM32_USB_Device_Library\Class\CDC\Src\usbd_rndis.o
                0x2000001c                station_hwaddr
 *fill*         0x20000022        0x2 
 .data.usbd_rndis
                0x20000024       0x38 Middlewares\ST\STM32_USB_Device_Library\Class\CDC\Src\usbd_rndis.o
                0x20000024                usbd_rndis
 .data.usbd_rndis_CfgDesc
                0x2000005c       0x43 Middlewares\ST\STM32_USB_Device_Library\Class\CDC\Src\usbd_rndis.o
 *fill*         0x2000009f        0x1 
 .data.dhcp_config
                0x200000a0       0x18 Src\communication.o
                0x200000a0                dhcp_config
 .data.entries  0x200000b8       0x3c Src\communication.o
                0x200000b8                entries
 .data.tcp_timer
                0x200000f4       0x18 Src\communication.o
 .data.SystemCoreClock
                0x2000010c        0x4 Src\system_stm32f4xx.o
                0x2000010c                SystemCoreClock
 .data.FS_Desc  0x20000110       0x1c Src\usbd_desc.o
                0x20000110                FS_Desc
 .data.USBD_FS_DeviceDesc
                0x2000012c       0x12 Src\usbd_desc.o
                0x2000012c                USBD_FS_DeviceDesc
 *fill*         0x2000013e        0x2 
 .data.USBD_LangIDDesc
                0x20000140        0x4 Src\usbd_desc.o
                0x20000140                USBD_LangIDDesc
 .data.magic_cookie
                0x20000144        0x4 lrndis\dhcp-server\dhserver.o
                0x20000144                magic_cookie
 .data.iss.6553
                0x20000148        0x4 lrndis\lwip-1.4.1\src\core\tcp.o
 .data.udp_port
                0x2000014c        0x2 lrndis\lwip-1.4.1\src\core\udp.o
                0x20000150                . = ALIGN (0x4)
 *fill*         0x2000014e        0x2 
                0x20000150                _edata = .

.igot.plt       0x20000150        0x0 load address 0x08009194
 .igot.plt      0x20000150        0x0 c:/program files (x86)/atollic/truestudio for stm32 9.0.0/armtools/bin/../lib/gcc/arm-atollic-eabi/6.3.1/armv7e-m/fpu/crtbegin.o
                0x20000150                . = ALIGN (0x4)

.bss            0x20000150     0xaab0 load address 0x08009194
                0x20000150                _sbss = .
                0x20000150                __bss_start__ = _sbss
 *(.bss)
 .bss           0x20000150       0x1c c:/program files (x86)/atollic/truestudio for stm32 9.0.0/armtools/bin/../lib/gcc/arm-atollic-eabi/6.3.1/armv7e-m/fpu/crtbegin.o
 *(.bss*)
 .bss.first.9576
                0x2000016c       0x40 Middlewares\ST\STM32_USB_Device_Library\Class\CDC\Src\usbd_rndis.o
 .bss.oid_packet_filter
                0x200001ac        0x4 Middlewares\ST\STM32_USB_Device_Library\Class\CDC\Src\usbd_rndis.o
                0x200001ac                oid_packet_filter
 .bss.rndis_rx_data_size
                0x200001b0        0x2 Middlewares\ST\STM32_USB_Device_Library\Class\CDC\Src\usbd_rndis.o
                0x200001b0                rndis_rx_data_size
 .bss.rndis_rx_started
                0x200001b2        0x1 Middlewares\ST\STM32_USB_Device_Library\Class\CDC\Src\usbd_rndis.o
                0x200001b2                rndis_rx_started
 .bss.rndis_state
                0x200001b3        0x1 Middlewares\ST\STM32_USB_Device_Library\Class\CDC\Src\usbd_rndis.o
                0x200001b3                rndis_state
 .bss.rndis_tx_ZLP
                0x200001b4        0x1 Middlewares\ST\STM32_USB_Device_Library\Class\CDC\Src\usbd_rndis.o
                0x200001b4                rndis_tx_ZLP
 *fill*         0x200001b5        0x1 
 .bss.rndis_tx_data_size
                0x200001b6        0x2 Middlewares\ST\STM32_USB_Device_Library\Class\CDC\Src\usbd_rndis.o
                0x200001b6                rndis_tx_data_size
 .bss.rndis_tx_ptr
                0x200001b8        0x4 Middlewares\ST\STM32_USB_Device_Library\Class\CDC\Src\usbd_rndis.o
                0x200001b8                rndis_tx_ptr
 .bss.rndis_tx_transmitting
                0x200001bc        0x1 Middlewares\ST\STM32_USB_Device_Library\Class\CDC\Src\usbd_rndis.o
                0x200001bc                rndis_tx_transmitting
 *fill*         0x200001bd        0x3 
 .bss.usb_eth_stat
                0x200001c0       0x10 Middlewares\ST\STM32_USB_Device_Library\Class\CDC\Src\usbd_rndis.o
                0x200001c0                usb_eth_stat
 .bss.cfgidx.9411
                0x200001d0        0x1 Middlewares\ST\STM32_USB_Device_Library\Core\Src\usbd_ctlreq.o
 *fill*         0x200001d1        0x3 
 .bss.Data.10288
                0x200001d4      0x616 Src\communication.o
 *fill*         0x200007ea        0x2 
 .bss.stmrs     0x200007ec        0x4 Src\time.o
 .bss.usAddition
                0x200007f0        0x8 Src\time.o
                0x200007f0                usAddition
 .bss.config    0x200007f8        0x4 lrndis\dhcp-server\dhserver.o
 .bss.pcb       0x200007fc        0x4 lrndis\dhcp-server\dhserver.o
 .bss.pcb       0x20000800        0x4 lrndis\dns-server\dnserver.o
 .bss.query.6848
                0x20000804       0x84 lrndis\dns-server\dnserver.o
 .bss.query_proc
                0x20000888        0x4 lrndis\dns-server\dnserver.o
                0x20000888                query_proc
 .bss.ip_id     0x2000088c        0x2 lrndis\lwip-1.4.1\src\core\ipv4\ip.o
 .bss.ip_reass_pbufcount
                0x2000088e        0x2 lrndis\lwip-1.4.1\src\core\ipv4\ip_frag.o
 .bss.reassdatagrams
                0x20000890        0x4 lrndis\lwip-1.4.1\src\core\ipv4\ip_frag.o
 .bss.lfree     0x20000894        0x4 lrndis\lwip-1.4.1\src\core\mem.o
 .bss.ram       0x20000898        0x4 lrndis\lwip-1.4.1\src\core\mem.o
 .bss.ram_end   0x2000089c        0x4 lrndis\lwip-1.4.1\src\core\mem.o
 .bss.memp_memory
                0x200008a0     0x68c3 lrndis\lwip-1.4.1\src\core\memp.o
 *fill*         0x20007163        0x1 
 .bss.memp_tab  0x20007164       0x28 lrndis\lwip-1.4.1\src\core\memp.o
 .bss.netif_num
                0x2000718c        0x1 lrndis\lwip-1.4.1\src\core\netif.o
 *fill*         0x2000718d        0x3 
 .bss.raw_pcbs  0x20007190        0x4 lrndis\lwip-1.4.1\src\core\raw.o
 .bss.tcp_timer
                0x20007194        0x1 lrndis\lwip-1.4.1\src\core\tcp.o
 .bss.tcp_timer_ctr
                0x20007195        0x1 lrndis\lwip-1.4.1\src\core\tcp.o
 *fill*         0x20007196        0x2 
 .bss.ackno     0x20007198        0x4 lrndis\lwip-1.4.1\src\core\tcp_in.o
 .bss.flags     0x2000719c        0x1 lrndis\lwip-1.4.1\src\core\tcp_in.o
 *fill*         0x2000719d        0x3 
 .bss.inseg     0x200071a0       0x10 lrndis\lwip-1.4.1\src\core\tcp_in.o
 .bss.recv_data
                0x200071b0        0x4 lrndis\lwip-1.4.1\src\core\tcp_in.o
 .bss.recv_flags
                0x200071b4        0x1 lrndis\lwip-1.4.1\src\core\tcp_in.o
 *fill*         0x200071b5        0x3 
 .bss.seqno     0x200071b8        0x4 lrndis\lwip-1.4.1\src\core\tcp_in.o
 .bss.tcphdr    0x200071bc        0x4 lrndis\lwip-1.4.1\src\core\tcp_in.o
 .bss.tcplen    0x200071c0        0x2 lrndis\lwip-1.4.1\src\core\tcp_in.o
 *fill*         0x200071c2        0x2 
 .bss.next_timeout
                0x200071c4        0x4 lrndis\lwip-1.4.1\src\core\timers.o
 .bss.tcpip_tcp_timer_active
                0x200071c8        0x4 lrndis\lwip-1.4.1\src\core\timers.o
 .bss.timeouts_last_time
                0x200071cc        0x4 lrndis\lwip-1.4.1\src\core\timers.o
 .bss.arp_table
                0x200071d0       0xc8 lrndis\lwip-1.4.1\src\netif\etharp.o
 .bss.etharp_cached_entry
                0x20007298        0x1 lrndis\lwip-1.4.1\src\netif\etharp.o
 *(COMMON)
 *fill*         0x20007299        0x3 
 COMMON         0x2000729c        0x4 Drivers\STM32F4xx_HAL_Driver\Src\stm32f4xx_hal.o
                0x2000729c                uwTick
 COMMON         0x200072a0      0x694 Middlewares\ST\STM32_USB_Device_Library\Class\CDC\Src\usbd_rndis.o
                0x200072a0                rndis_rx_buffer
                0x200078b8                encapsulated_buffer
                0x20007930                pDev
 COMMON         0x20007934       0x38 Src\communication.o
                0x20007934                PORTC
                0x2000793c                netif_data
 COMMON         0x2000796c      0x224 Src\usb_device.o
                0x2000796c                hUsbDeviceFS
 COMMON         0x20007b90      0x3f0 Src\usbd_conf.o
                0x20007b90                hpcd_USB_OTG_FS
 COMMON         0x20007f80      0x200 Src\usbd_desc.o
                0x20007f80                USBD_StrDesc
 COMMON         0x20008180      0x204 lrndis\dhcp-server\dhserver.o
                0x20008180                dhcp_data
 COMMON         0x20008384       0x10 lrndis\lwip-1.4.1\src\core\ipv4\ip.o
                0x20008384                current_iphdr_src
                0x20008388                current_netif
                0x2000838c                current_iphdr_dest
                0x20008390                current_header
 COMMON         0x20008394     0x2724 lrndis\lwip-1.4.1\src\core\mem.o
                0x20008394                ram_heap
 COMMON         0x2000aab8        0x8 lrndis\lwip-1.4.1\src\core\netif.o
                0x2000aab8                netif_list
                0x2000aabc                netif_default
 COMMON         0x2000aac0        0x1 lrndis\lwip-1.4.1\src\core\pbuf.o
                0x2000aac0                pbuf_free_ooseq_pending
 *fill*         0x2000aac1        0x3 
 COMMON         0x2000aac4      0x116 lrndis\lwip-1.4.1\src\core\stats.o
                0x2000aac4                lwip_stats
 *fill*         0x2000abda        0x2 
 COMMON         0x2000abdc       0x1c lrndis\lwip-1.4.1\src\core\tcp.o
                0x2000abdc                tcp_active_pcbs_changed
                0x2000abe0                tcp_active_pcbs
                0x2000abe4                tcp_ticks
                0x2000abe8                tcp_listen_pcbs
                0x2000abec                tcp_tmp_pcb
                0x2000abf0                tcp_bound_pcbs
                0x2000abf4                tcp_tw_pcbs
 COMMON         0x2000abf8        0x4 lrndis\lwip-1.4.1\src\core\tcp_in.o
                0x2000abf8                tcp_input_pcb
 COMMON         0x2000abfc        0x4 lrndis\lwip-1.4.1\src\core\udp.o
                0x2000abfc                udp_pcbs
                0x2000ac00                . = ALIGN (0x4)
                0x2000ac00                _ebss = .
                0x2000ac00                __bss_end__ = _ebss

._user_heap_stack
                0x2000ac00      0x600 load address 0x08009194
                0x2000ac00                . = ALIGN (0x4)
                0x2000ac00                PROVIDE (end, .)
                [!provide]                PROVIDE (_end, .)
                0x2000ae00                . = (. + _Min_Heap_Size)
 *fill*         0x2000ac00      0x200 
                0x2000b200                . = (. + _Min_Stack_Size)
 *fill*         0x2000ae00      0x400 
                0x2000b200                . = ALIGN (0x4)

/DISCARD/
 libc.a(*)
 libm.a(*)
 libgcc.a(*)

.ARM.attributes
                0x00000000       0x30
 *(.ARM.attributes)
 .ARM.attributes
                0x00000000       0x22 c:/program files (x86)/atollic/truestudio for stm32 9.0.0/armtools/bin/../lib/gcc/arm-atollic-eabi/6.3.1/armv7e-m/fpu/crti.o
 .ARM.attributes
                0x00000022       0x34 c:/program files (x86)/atollic/truestudio for stm32 9.0.0/armtools/bin/../lib/gcc/arm-atollic-eabi/6.3.1/armv7e-m/fpu/crtbegin.o
 .ARM.attributes
                0x00000056       0x39 Drivers\STM32F4xx_HAL_Driver\Src\stm32f4xx_hal.o
 .ARM.attributes
                0x0000008f       0x39 Drivers\STM32F4xx_HAL_Driver\Src\stm32f4xx_hal_cortex.o
 .ARM.attributes
                0x000000c8       0x39 Drivers\STM32F4xx_HAL_Driver\Src\stm32f4xx_hal_gpio.o
 .ARM.attributes
                0x00000101       0x39 Drivers\STM32F4xx_HAL_Driver\Src\stm32f4xx_hal_pcd.o
 .ARM.attributes
                0x0000013a       0x39 Drivers\STM32F4xx_HAL_Driver\Src\stm32f4xx_hal_pcd_ex.o
 .ARM.attributes
                0x00000173       0x39 Drivers\STM32F4xx_HAL_Driver\Src\stm32f4xx_hal_rcc.o
 .ARM.attributes
                0x000001ac       0x39 Drivers\STM32F4xx_HAL_Driver\Src\stm32f4xx_hal_rcc_ex.o
 .ARM.attributes
                0x000001e5       0x39 Drivers\STM32F4xx_HAL_Driver\Src\stm32f4xx_ll_usb.o
 .ARM.attributes
                0x0000021e       0x39 Middlewares\ST\STM32_USB_Device_Library\Class\CDC\Src\usbd_rndis.o
 .ARM.attributes
                0x00000257       0x39 Middlewares\ST\STM32_USB_Device_Library\Core\Src\usbd_core.o
 .ARM.attributes
                0x00000290       0x39 Middlewares\ST\STM32_USB_Device_Library\Core\Src\usbd_ctlreq.o
 .ARM.attributes
                0x000002c9       0x39 Middlewares\ST\STM32_USB_Device_Library\Core\Src\usbd_ioreq.o
 .ARM.attributes
                0x00000302       0x39 Src\communication.o
 .ARM.attributes
                0x0000033b       0x39 Src\hw_config.o
 .ARM.attributes
                0x00000374       0x39 Src\main.o
 .ARM.attributes
                0x000003ad       0x39 Src\stm32f4xx_hal_msp.o
 .ARM.attributes
                0x000003e6       0x39 Src\stm32f4xx_it.o
 .ARM.attributes
                0x0000041f       0x39 Src\system_stm32f4xx.o
 .ARM.attributes
                0x00000458       0x39 Src\time.o
 .ARM.attributes
                0x00000491       0x39 Src\usb_device.o
 .ARM.attributes
                0x000004ca       0x39 Src\usbd_conf.o
 .ARM.attributes
                0x00000503       0x39 Src\usbd_desc.o
 .ARM.attributes
                0x0000053c       0x39 lrndis\dhcp-server\dhserver.o
 .ARM.attributes
                0x00000575       0x39 lrndis\dns-server\dnserver.o
 .ARM.attributes
                0x000005ae       0x39 lrndis\lwip-1.4.1\src\core\def.o
 .ARM.attributes
                0x000005e7       0x39 lrndis\lwip-1.4.1\src\core\init.o
 .ARM.attributes
                0x00000620       0x39 lrndis\lwip-1.4.1\src\core\ipv4\icmp.o
 .ARM.attributes
                0x00000659       0x39 lrndis\lwip-1.4.1\src\core\ipv4\inet_chksum.o
 .ARM.attributes
                0x00000692       0x39 lrndis\lwip-1.4.1\src\core\ipv4\ip.o
 .ARM.attributes
                0x000006cb       0x39 lrndis\lwip-1.4.1\src\core\ipv4\ip_addr.o
 .ARM.attributes
                0x00000704       0x39 lrndis\lwip-1.4.1\src\core\ipv4\ip_frag.o
 .ARM.attributes
                0x0000073d       0x39 lrndis\lwip-1.4.1\src\core\mem.o
 .ARM.attributes
                0x00000776       0x39 lrndis\lwip-1.4.1\src\core\memp.o
 .ARM.attributes
                0x000007af       0x39 lrndis\lwip-1.4.1\src\core\netif.o
 .ARM.attributes
                0x000007e8       0x39 lrndis\lwip-1.4.1\src\core\pbuf.o
 .ARM.attributes
                0x00000821       0x39 lrndis\lwip-1.4.1\src\core\raw.o
 .ARM.attributes
                0x0000085a       0x39 lrndis\lwip-1.4.1\src\core\stats.o
 .ARM.attributes
                0x00000893       0x39 lrndis\lwip-1.4.1\src\core\tcp.o
 .ARM.attributes
                0x000008cc       0x39 lrndis\lwip-1.4.1\src\core\tcp_in.o
 .ARM.attributes
                0x00000905       0x39 lrndis\lwip-1.4.1\src\core\tcp_out.o
 .ARM.attributes
                0x0000093e       0x39 lrndis\lwip-1.4.1\src\core\timers.o
 .ARM.attributes
                0x00000977       0x39 lrndis\lwip-1.4.1\src\core\udp.o
 .ARM.attributes
                0x000009b0       0x39 lrndis\lwip-1.4.1\src\netif\etharp.o
 .ARM.attributes
                0x000009e9       0x21 startup\startup_stm32f411xe.o
 .ARM.attributes
                0x00000a0a       0x34 c:/program files (x86)/atollic/truestudio for stm32 9.0.0/armtools/bin/../lib/gcc/arm-atollic-eabi/6.3.1/../../../../arm-atollic-eabi/lib/armv7e-m/fpu\libc_nano.a(lib_a-init.o)
 .ARM.attributes
                0x00000a3e       0x34 c:/program files (x86)/atollic/truestudio for stm32 9.0.0/armtools/bin/../lib/gcc/arm-atollic-eabi/6.3.1/../../../../arm-atollic-eabi/lib/armv7e-m/fpu\libc_nano.a(lib_a-memcmp.o)
 .ARM.attributes
                0x00000a72       0x34 c:/program files (x86)/atollic/truestudio for stm32 9.0.0/armtools/bin/../lib/gcc/arm-atollic-eabi/6.3.1/../../../../arm-atollic-eabi/lib/armv7e-m/fpu\libc_nano.a(lib_a-memcpy-stub.o)
 .ARM.attributes
                0x00000aa6       0x34 c:/program files (x86)/atollic/truestudio for stm32 9.0.0/armtools/bin/../lib/gcc/arm-atollic-eabi/6.3.1/../../../../arm-atollic-eabi/lib/armv7e-m/fpu\libc_nano.a(lib_a-memset.o)
 .ARM.attributes
                0x00000ada       0x20 c:/program files (x86)/atollic/truestudio for stm32 9.0.0/armtools/bin/../lib/gcc/arm-atollic-eabi/6.3.1/../../../../arm-atollic-eabi/lib/armv7e-m/fpu\libc_nano.a(lib_a-strcmp.o)
 .ARM.attributes
                0x00000afa       0x1b c:/program files (x86)/atollic/truestudio for stm32 9.0.0/armtools/bin/../lib/gcc/arm-atollic-eabi/6.3.1/../../../../arm-atollic-eabi/lib/armv7e-m/fpu\libc_nano.a(lib_a-strlen.o)
 .ARM.attributes
                0x00000b15       0x22 c:/program files (x86)/atollic/truestudio for stm32 9.0.0/armtools/bin/../lib/gcc/arm-atollic-eabi/6.3.1/armv7e-m/fpu\libgcc.a(_aeabi_ldivmod.o)
 .ARM.attributes
                0x00000b37       0x22 c:/program files (x86)/atollic/truestudio for stm32 9.0.0/armtools/bin/../lib/gcc/arm-atollic-eabi/6.3.1/armv7e-m/fpu\libgcc.a(_aeabi_uldivmod.o)
 .ARM.attributes
                0x00000b59       0x34 c:/program files (x86)/atollic/truestudio for stm32 9.0.0/armtools/bin/../lib/gcc/arm-atollic-eabi/6.3.1/armv7e-m/fpu\libgcc.a(_udivmoddi4.o)
 .ARM.attributes
                0x00000b8d       0x22 c:/program files (x86)/atollic/truestudio for stm32 9.0.0/armtools/bin/../lib/gcc/arm-atollic-eabi/6.3.1/armv7e-m/fpu\libgcc.a(_dvmd_tls.o)
 .ARM.attributes
                0x00000baf       0x22 c:/program files (x86)/atollic/truestudio for stm32 9.0.0/armtools/bin/../lib/gcc/arm-atollic-eabi/6.3.1/armv7e-m/fpu/crtn.o
OUTPUT(NRF-ADHOC.elf elf32-littlearm)

.debug_info     0x00000000    0x369d9
 .debug_info    0x00000000     0x115c Drivers\STM32F4xx_HAL_Driver\Src\stm32f4xx_hal.o
 .debug_info    0x0000115c     0x16c0 Drivers\STM32F4xx_HAL_Driver\Src\stm32f4xx_hal_cortex.o
 .debug_info    0x0000281c      0xfb0 Drivers\STM32F4xx_HAL_Driver\Src\stm32f4xx_hal_gpio.o
 .debug_info    0x000037cc     0x1cb4 Drivers\STM32F4xx_HAL_Driver\Src\stm32f4xx_hal_pcd.o
 .debug_info    0x00005480      0xdc5 Drivers\STM32F4xx_HAL_Driver\Src\stm32f4xx_hal_pcd_ex.o
 .debug_info    0x00006245     0x125f Drivers\STM32F4xx_HAL_Driver\Src\stm32f4xx_hal_rcc.o
 .debug_info    0x000074a4      0xee8 Drivers\STM32F4xx_HAL_Driver\Src\stm32f4xx_hal_rcc_ex.o
 .debug_info    0x0000838c     0x1fc0 Drivers\STM32F4xx_HAL_Driver\Src\stm32f4xx_ll_usb.o
 .debug_info    0x0000a34c     0x2504 Middlewares\ST\STM32_USB_Device_Library\Class\CDC\Src\usbd_rndis.o
 .debug_info    0x0000c850     0x147c Middlewares\ST\STM32_USB_Device_Library\Core\Src\usbd_core.o
 .debug_info    0x0000dccc     0x16ea Middlewares\ST\STM32_USB_Device_Library\Core\Src\usbd_ctlreq.o
 .debug_info    0x0000f3b6      0xfc5 Middlewares\ST\STM32_USB_Device_Library\Core\Src\usbd_ioreq.o
 .debug_info    0x0001037b     0x2543 Src\communication.o
 .debug_info    0x000128be     0x10b3 Src\hw_config.o
 .debug_info    0x00013971     0x14ad Src\main.o
 .debug_info    0x00014e1e      0xf5b Src\stm32f4xx_hal_msp.o
 .debug_info    0x00015d79      0xdf9 Src\stm32f4xx_it.o
 .debug_info    0x00016b72      0xd46 Src\system_stm32f4xx.o
 .debug_info    0x000178b8     0x10f6 Src\time.o
 .debug_info    0x000189ae      0xe3b Src\usb_device.o
 .debug_info    0x000197e9     0x2207 Src\usbd_conf.o
 .debug_info    0x0001b9f0      0xcc5 Src\usbd_desc.o
 .debug_info    0x0001c6b5     0x16d8 lrndis\dhcp-server\dhserver.o
 .debug_info    0x0001dd8d     0x1340 lrndis\dns-server\dnserver.o
 .debug_info    0x0001f0cd      0x134 lrndis\lwip-1.4.1\src\core\def.o
 .debug_info    0x0001f201      0xc9e lrndis\lwip-1.4.1\src\core\init.o
 .debug_info    0x0001fe9f     0x12a2 lrndis\lwip-1.4.1\src\core\ipv4\icmp.o
 .debug_info    0x00021141      0xc8c lrndis\lwip-1.4.1\src\core\ipv4\inet_chksum.o
 .debug_info    0x00021dcd     0x1a16 lrndis\lwip-1.4.1\src\core\ipv4\ip.o
 .debug_info    0x000237e3      0x5d6 lrndis\lwip-1.4.1\src\core\ipv4\ip_addr.o
 .debug_info    0x00023db9     0x1915 lrndis\lwip-1.4.1\src\core\ipv4\ip_frag.o
 .debug_info    0x000256ce      0xd96 lrndis\lwip-1.4.1\src\core\mem.o
 .debug_info    0x00026464     0x15e6 lrndis\lwip-1.4.1\src\core\memp.o
 .debug_info    0x00027a4a     0x1030 lrndis\lwip-1.4.1\src\core\netif.o
 .debug_info    0x00028a7a     0x1df9 lrndis\lwip-1.4.1\src\core\pbuf.o
 .debug_info    0x0002a873     0x1280 lrndis\lwip-1.4.1\src\core\raw.o
 .debug_info    0x0002baf3      0xa88 lrndis\lwip-1.4.1\src\core\stats.o
 .debug_info    0x0002c57b     0x25b4 lrndis\lwip-1.4.1\src\core\tcp.o
 .debug_info    0x0002eb2f     0x187a lrndis\lwip-1.4.1\src\core\tcp_in.o
 .debug_info    0x000303a9     0x247e lrndis\lwip-1.4.1\src\core\tcp_out.o
 .debug_info    0x00032827      0xe07 lrndis\lwip-1.4.1\src\core\timers.o
 .debug_info    0x0003362e     0x170e lrndis\lwip-1.4.1\src\core\udp.o
 .debug_info    0x00034d3c     0x1c28 lrndis\lwip-1.4.1\src\netif\etharp.o
 .debug_info    0x00036964       0x75 startup\startup_stm32f411xe.o

.debug_abbrev   0x00000000     0x747b
 .debug_abbrev  0x00000000      0x2a8 Drivers\STM32F4xx_HAL_Driver\Src\stm32f4xx_hal.o
 .debug_abbrev  0x000002a8      0x383 Drivers\STM32F4xx_HAL_Driver\Src\stm32f4xx_hal_cortex.o
 .debug_abbrev  0x0000062b      0x268 Drivers\STM32F4xx_HAL_Driver\Src\stm32f4xx_hal_gpio.o
 .debug_abbrev  0x00000893      0x347 Drivers\STM32F4xx_HAL_Driver\Src\stm32f4xx_hal_pcd.o
 .debug_abbrev  0x00000bda      0x213 Drivers\STM32F4xx_HAL_Driver\Src\stm32f4xx_hal_pcd_ex.o
 .debug_abbrev  0x00000ded      0x319 Drivers\STM32F4xx_HAL_Driver\Src\stm32f4xx_hal_rcc.o
 .debug_abbrev  0x00001106      0x23e Drivers\STM32F4xx_HAL_Driver\Src\stm32f4xx_hal_rcc_ex.o
 .debug_abbrev  0x00001344      0x2e7 Drivers\STM32F4xx_HAL_Driver\Src\stm32f4xx_ll_usb.o
 .debug_abbrev  0x0000162b      0x3ca Middlewares\ST\STM32_USB_Device_Library\Class\CDC\Src\usbd_rndis.o
 .debug_abbrev  0x000019f5      0x28d Middlewares\ST\STM32_USB_Device_Library\Core\Src\usbd_core.o
 .debug_abbrev  0x00001c82      0x33a Middlewares\ST\STM32_USB_Device_Library\Core\Src\usbd_ctlreq.o
 .debug_abbrev  0x00001fbc      0x1da Middlewares\ST\STM32_USB_Device_Library\Core\Src\usbd_ioreq.o
 .debug_abbrev  0x00002196      0x340 Src\communication.o
 .debug_abbrev  0x000024d6      0x227 Src\hw_config.o
 .debug_abbrev  0x000026fd      0x26a Src\main.o
 .debug_abbrev  0x00002967      0x1ec Src\stm32f4xx_hal_msp.o
 .debug_abbrev  0x00002b53      0x200 Src\stm32f4xx_it.o
 .debug_abbrev  0x00002d53      0x1ca Src\system_stm32f4xx.o
 .debug_abbrev  0x00002f1d      0x334 Src\time.o
 .debug_abbrev  0x00003251      0x1f2 Src\usb_device.o
 .debug_abbrev  0x00003443      0x2ce Src\usbd_conf.o
 .debug_abbrev  0x00003711      0x22c Src\usbd_desc.o
 .debug_abbrev  0x0000393d      0x3be lrndis\dhcp-server\dhserver.o
 .debug_abbrev  0x00003cfb      0x32b lrndis\dns-server\dnserver.o
 .debug_abbrev  0x00004026       0xbf lrndis\lwip-1.4.1\src\core\def.o
 .debug_abbrev  0x000040e5      0x17f lrndis\lwip-1.4.1\src\core\init.o
 .debug_abbrev  0x00004264      0x2bf lrndis\lwip-1.4.1\src\core\ipv4\icmp.o
 .debug_abbrev  0x00004523      0x24e lrndis\lwip-1.4.1\src\core\ipv4\inet_chksum.o
 .debug_abbrev  0x00004771      0x2c1 lrndis\lwip-1.4.1\src\core\ipv4\ip.o
 .debug_abbrev  0x00004a32      0x1e7 lrndis\lwip-1.4.1\src\core\ipv4\ip_addr.o
 .debug_abbrev  0x00004c19      0x3e1 lrndis\lwip-1.4.1\src\core\ipv4\ip_frag.o
 .debug_abbrev  0x00004ffa      0x2a8 lrndis\lwip-1.4.1\src\core\mem.o
 .debug_abbrev  0x000052a2      0x256 lrndis\lwip-1.4.1\src\core\memp.o
 .debug_abbrev  0x000054f8      0x323 lrndis\lwip-1.4.1\src\core\netif.o
 .debug_abbrev  0x0000581b      0x37d lrndis\lwip-1.4.1\src\core\pbuf.o
 .debug_abbrev  0x00005b98      0x2ca lrndis\lwip-1.4.1\src\core\raw.o
 .debug_abbrev  0x00005e62      0x196 lrndis\lwip-1.4.1\src\core\stats.o
 .debug_abbrev  0x00005ff8      0x425 lrndis\lwip-1.4.1\src\core\tcp.o
 .debug_abbrev  0x0000641d      0x321 lrndis\lwip-1.4.1\src\core\tcp_in.o
 .debug_abbrev  0x0000673e      0x3a5 lrndis\lwip-1.4.1\src\core\tcp_out.o
 .debug_abbrev  0x00006ae3      0x240 lrndis\lwip-1.4.1\src\core\timers.o
 .debug_abbrev  0x00006d23      0x370 lrndis\lwip-1.4.1\src\core\udp.o
 .debug_abbrev  0x00007093      0x3d6 lrndis\lwip-1.4.1\src\netif\etharp.o
 .debug_abbrev  0x00007469       0x12 startup\startup_stm32f411xe.o

.debug_loc      0x00000000    0x103c6
 .debug_loc     0x00000000      0x108 Drivers\STM32F4xx_HAL_Driver\Src\stm32f4xx_hal.o
 .debug_loc     0x00000108      0x533 Drivers\STM32F4xx_HAL_Driver\Src\stm32f4xx_hal_cortex.o
 .debug_loc     0x0000063b      0x43e Drivers\STM32F4xx_HAL_Driver\Src\stm32f4xx_hal_gpio.o
 .debug_loc     0x00000a79      0xd53 Drivers\STM32F4xx_HAL_Driver\Src\stm32f4xx_hal_pcd.o
 .debug_loc     0x000017cc       0xd9 Drivers\STM32F4xx_HAL_Driver\Src\stm32f4xx_hal_pcd_ex.o
 .debug_loc     0x000018a5      0x47e Drivers\STM32F4xx_HAL_Driver\Src\stm32f4xx_hal_rcc.o
 .debug_loc     0x00001d23      0x33c Drivers\STM32F4xx_HAL_Driver\Src\stm32f4xx_hal_rcc_ex.o
 .debug_loc     0x0000205f     0x18f5 Drivers\STM32F4xx_HAL_Driver\Src\stm32f4xx_ll_usb.o
 .debug_loc     0x00003954      0x942 Middlewares\ST\STM32_USB_Device_Library\Class\CDC\Src\usbd_rndis.o
 .debug_loc     0x00004296      0x70e Middlewares\ST\STM32_USB_Device_Library\Core\Src\usbd_core.o
 .debug_loc     0x000049a4      0xd33 Middlewares\ST\STM32_USB_Device_Library\Core\Src\usbd_ctlreq.o
 .debug_loc     0x000056d7      0x23c Middlewares\ST\STM32_USB_Device_Library\Core\Src\usbd_ioreq.o
 .debug_loc     0x00005913      0x5de Src\communication.o
 .debug_loc     0x00005ef1      0x166 Src\system_stm32f4xx.o
 .debug_loc     0x00006057      0x149 Src\time.o
 .debug_loc     0x000061a0      0xa02 Src\usbd_conf.o
 .debug_loc     0x00006ba2      0x1c3 Src\usbd_desc.o
 .debug_loc     0x00006d65      0x5cf lrndis\dhcp-server\dhserver.o
 .debug_loc     0x00007334      0x2fa lrndis\dns-server\dnserver.o
 .debug_loc     0x0000762e       0x84 lrndis\lwip-1.4.1\src\core\def.o
 .debug_loc     0x000076b2      0x265 lrndis\lwip-1.4.1\src\core\ipv4\icmp.o
 .debug_loc     0x00007917      0x763 lrndis\lwip-1.4.1\src\core\ipv4\inet_chksum.o
 .debug_loc     0x0000807a      0x500 lrndis\lwip-1.4.1\src\core\ipv4\ip.o
 .debug_loc     0x0000857a      0x641 lrndis\lwip-1.4.1\src\core\ipv4\ip_addr.o
 .debug_loc     0x00008bbb      0xc3d lrndis\lwip-1.4.1\src\core\ipv4\ip_frag.o
 .debug_loc     0x000097f8      0x4d7 lrndis\lwip-1.4.1\src\core\mem.o
 .debug_loc     0x00009ccf      0x13c lrndis\lwip-1.4.1\src\core\memp.o
 .debug_loc     0x00009e0b      0x481 lrndis\lwip-1.4.1\src\core\netif.o
 .debug_loc     0x0000a28c     0x135c lrndis\lwip-1.4.1\src\core\pbuf.o
 .debug_loc     0x0000b5e8      0x49a lrndis\lwip-1.4.1\src\core\raw.o
 .debug_loc     0x0000ba82     0x1285 lrndis\lwip-1.4.1\src\core\tcp.o
 .debug_loc     0x0000cd07      0x884 lrndis\lwip-1.4.1\src\core\tcp_in.o
 .debug_loc     0x0000d58b     0x1511 lrndis\lwip-1.4.1\src\core\tcp_out.o
 .debug_loc     0x0000ea9c      0x36a lrndis\lwip-1.4.1\src\core\timers.o
 .debug_loc     0x0000ee06      0x813 lrndis\lwip-1.4.1\src\core\udp.o
 .debug_loc     0x0000f619      0xdad lrndis\lwip-1.4.1\src\netif\etharp.o

.debug_aranges  0x00000000     0x12b8
 .debug_aranges
                0x00000000       0xe0 Drivers\STM32F4xx_HAL_Driver\Src\stm32f4xx_hal.o
 .debug_aranges
                0x000000e0       0xa8 Drivers\STM32F4xx_HAL_Driver\Src\stm32f4xx_hal_cortex.o
 .debug_aranges
                0x00000188       0x58 Drivers\STM32F4xx_HAL_Driver\Src\stm32f4xx_hal_gpio.o
 .debug_aranges