usbd_rndis.c:774:16:usbd_rndis_sof	0	static
usbd_rndis.c:780:16:rndis_iso_in_incomplete	0	static
usbd_rndis.c:785:16:rndis_iso_out_incomplete	0	static
usbd_rndis.c:796:18:usbd_rndis_GetDeviceQualifierDesc	0	static
usbd_rndis.c:809:18:usbd_rndis_GetCfgDesc	0	static
usbd_rndis.c:387:16:usbd_rndis_setup	8	static
usbd_rndis.c:376:17:usbd_rndis_deinit	8	static
usbd_rndis.c:248:13:rndis_initialized_cb	0	static
usbd_rndis.c:252:6:rndis_rx_start	8	static
usbd_rndis.c:351:16:usbd_rndis_init	8	static
usbd_rndis.c:275:10:rndis_rx_size	0	static
usbd_rndis.c:267:10:rndis_rx_data	8	static
usbd_rndis.c:283:13:rndis_rx_ready_cb	0	static
usbd_rndis.c:287:6:rndis_tx_start	24	static
usbd_rndis.c:339:6:rndis_tx_started	0	static
usbd_rndis.c:344:13:rndis_tx_ready_cb	0	static
usbd_rndis.c:694:16:usbd_rndis_data_in	8	static
usbd_rndis.c:497:6:rndis_handle_config_parm	0	static
usbd_rndis.c:512:6:rndis_packetFilter	0	static
usbd_rndis.c:730:6:handle_packet	8	static
usbd_rndis.c:763:16:usbd_rndis_data_out	8	static
usbd_rndis.c:815:6:response_available	8	static
usbd_rndis.c:417:6:rndis_query_cmplt32	16	static
usbd_rndis.c:430:6:rndis_query_cmplt	16	static
usbd_rndis.c:450:6:rndis_query	8	static
usbd_rndis.c:524:6:rndis_handle_set_msg	8	static
usbd_rndis.c:624:16:usbd_rndis_ep0_recv	8	static
