usbd_cdc.c:844:18:USBD_CDC_GetFSCfgDesc	0	static
usbd_cdc.c:831:16:rndis_iso_out_incomplete	8	static
usbd_cdc.c:338:17:USBD_CDC_DeInit	8	static
usbd_cdc.c:308:17:USBD_CDC_Init	8	static
usbd_cdc.c:700:25:usbd_cdc_transfer.part.0	24	static
usbd_cdc.c:743:17:USBD_CDC_DataIn	16	static
usbd_cdc.c:398:17:USBD_CDC_Setup	8	static
usbd_cdc.c:782:17:USBD_CDC_DataOut	24	static
usbd_cdc.c:826:16:rndis_iso_in_incomplete	8	static
usbd_cdc.c:821:16:usbd_rndis_sof	8	static
usbd_cdc.c:422:6:rndis_query_cmplt32	8	static
usbd_cdc.c:438:6:rndis_query_cmplt	16	static
usbd_cdc.c:462:6:rndis_query	0	static
usbd_cdc.c:508:6:rndis_handle_config_parm	0	static
usbd_cdc.c:518:6:rndis_packetFilter	0	static
usbd_cdc.c:523:6:rndis_handle_set_msg	4	static
usbd_cdc.c:623:17:USBD_CDC_EP0_RxReady	8	static
usbd_cdc.c:852:6:rndis_can_send	0	static
usbd_cdc.c:857:6:rndis_send	8	static
usbd_cdc.c:879:10:USBD_CDC_RegisterInterface	0	static
