main.c:229:7:netif_init_cb	0	static
main.c:158:1:tcp_timer_proc	8	static
main.c:166:6:on_packet	8	static
main.c:197:7:output_fn	8	static
main.c:259:6:dns_query_proc	16	static
main.c:153:1:link_led_off_proc	0	static
main.c:172:6:usb_polling	16	static
main.c:317:6:SysTick_Handler	8	static
main.c:329:9:utime	16	static
main.c:351:6:rtctime	40	static
main.c:361:9:mtime	8	static
main.c:148:10:sys_now	8	static
main.c:366:6:usleep	24	static
main.c:202:7:linkoutput_fn	24	static
main.c:377:6:stmr	16	static
main.c:401:6:stmr_init	0	static
main.c:412:6:stmr_add	0	static
main.c:245:6:init_lwip	24	static
main.c:418:6:stmr_free	0	static
main.c:445:6:stmr_stop	0	static
main.c:450:6:stmr_run	8	static
main.c:461:6:SystemClock_Config	112	static
main.c:287:5:main	16	static
main.c:569:6:_Error_Handler	0	static
