main.c:226:7:netif_init_cb	0	static
main.c:156:1:tcp_timer_proc	0	static
main.c:164:6:on_packet	8	static
main.c:195:7:output_fn	0	static
main.c:256:6:dns_query_proc	16	static
main.c:151:1:link_led_off_proc	0	static
main.c:170:6:usb_polling	16	static
main.c:314:6:SysTick_Handler	8	static
main.c:326:9:utime	16	static
main.c:348:6:rtctime	40	static
main.c:358:9:mtime	8	static
main.c:146:10:sys_now	8	static
main.c:363:6:usleep	24	static
main.c:200:7:linkoutput_fn	24	static
main.c:374:6:stmr	16	static
main.c:398:6:stmr_init	0	static
main.c:409:6:stmr_add	0	static
main.c:242:6:init_lwip	24	static
main.c:415:6:stmr_free	0	static
main.c:442:6:stmr_stop	0	static
main.c:447:6:stmr_run	8	static
main.c:458:6:SystemClock_Config	120	static
main.c:284:5:main	16	static
main.c:566:6:_Error_Handler	0	static
